Archive member included to satisfy reference by file (symbol)

../niosIP_bsp//libhal_bsp.a(alt_load.o)
                              ../niosIP_bsp//obj/HAL/src/crt0.o (alt_load)
../niosIP_bsp//libhal_bsp.a(alt_main.o)
                              ../niosIP_bsp//obj/HAL/src/crt0.o (alt_main)
../niosIP_bsp//libhal_bsp.a(alt_usleep.o)
                              obj/default/hello_world.o (usleep)
../niosIP_bsp//libhal_bsp.a(alt_sys_init.o)
                              ../niosIP_bsp//libhal_bsp.a(alt_main.o) (alt_irq_init)
../niosIP_bsp//libhal_bsp.a(altera_avalon_jtag_uart_fd.o)
                              ../niosIP_bsp//libhal_bsp.a(alt_sys_init.o) (altera_avalon_jtag_uart_read_fd)
../niosIP_bsp//libhal_bsp.a(altera_avalon_jtag_uart_read.o)
                              ../niosIP_bsp//libhal_bsp.a(altera_avalon_jtag_uart_fd.o) (altera_avalon_jtag_uart_read)
../niosIP_bsp//libhal_bsp.a(altera_avalon_jtag_uart_write.o)
                              ../niosIP_bsp//libhal_bsp.a(altera_avalon_jtag_uart_fd.o) (altera_avalon_jtag_uart_write)
../niosIP_bsp//libhal_bsp.a(alt_busy_sleep.o)
                              ../niosIP_bsp//libhal_bsp.a(alt_usleep.o) (alt_busy_sleep)
../niosIP_bsp//libhal_bsp.a(alt_close.o)
                              ../niosIP_bsp//libhal_bsp.a(alt_main.o) (close)
../niosIP_bsp//libhal_bsp.a(alt_dcache_flush_all.o)
                              ../niosIP_bsp//libhal_bsp.a(alt_load.o) (alt_dcache_flush_all)
../niosIP_bsp//libhal_bsp.a(alt_dev.o)
                              ../niosIP_bsp//libhal_bsp.a(alt_sys_init.o) (alt_dev_list)
../niosIP_bsp//libhal_bsp.a(alt_dev_llist_insert.o)
                              ../niosIP_bsp//libhal_bsp.a(alt_sys_init.o) (alt_dev_llist_insert)
../niosIP_bsp//libhal_bsp.a(alt_do_ctors.o)
                              ../niosIP_bsp//libhal_bsp.a(alt_main.o) (_do_ctors)
../niosIP_bsp//libhal_bsp.a(alt_do_dtors.o)
                              ../niosIP_bsp//libhal_bsp.a(alt_main.o) (_do_dtors)
../niosIP_bsp//libhal_bsp.a(alt_errno.o)
                              ../niosIP_bsp//libhal_bsp.a(alt_close.o) (alt_errno)
../niosIP_bsp//libhal_bsp.a(alt_icache_flush_all.o)
                              ../niosIP_bsp//libhal_bsp.a(alt_load.o) (alt_icache_flush_all)
../niosIP_bsp//libhal_bsp.a(alt_io_redirect.o)
                              ../niosIP_bsp//libhal_bsp.a(alt_main.o) (alt_io_redirect)
../niosIP_bsp//libhal_bsp.a(alt_open.o)
                              ../niosIP_bsp//libhal_bsp.a(alt_io_redirect.o) (open)
../niosIP_bsp//libhal_bsp.a(alt_release_fd.o)
                              ../niosIP_bsp//libhal_bsp.a(alt_close.o) (alt_release_fd)
../niosIP_bsp//libhal_bsp.a(altera_nios2_gen2_irq.o)
                              ../niosIP_bsp//libhal_bsp.a(alt_sys_init.o) (altera_nios2_gen2_irq_init)
../niosIP_bsp//libhal_bsp.a(alt_find_dev.o)
                              ../niosIP_bsp//libhal_bsp.a(alt_open.o) (alt_find_dev)
../niosIP_bsp//libhal_bsp.a(alt_find_file.o)
                              ../niosIP_bsp//libhal_bsp.a(alt_open.o) (alt_find_file)
../niosIP_bsp//libhal_bsp.a(alt_get_fd.o)
                              ../niosIP_bsp//libhal_bsp.a(alt_open.o) (alt_get_fd)
/home/pedrolpfbf/intelFPGA/18.1/nios2eds/bin/gnu/H-x86_64-pc-linux-gnu/bin/../lib/gcc/nios2-elf/5.3.0/../../../../../H-x86_64-pc-linux-gnu/nios2-elf/lib/mno-hw-mul/libc.a(lib_a-atexit.o)
                              ../niosIP_bsp//libhal_bsp.a(alt_main.o) (atexit)
/home/pedrolpfbf/intelFPGA/18.1/nios2eds/bin/gnu/H-x86_64-pc-linux-gnu/bin/../lib/gcc/nios2-elf/5.3.0/../../../../../H-x86_64-pc-linux-gnu/nios2-elf/lib/mno-hw-mul/libc.a(lib_a-exit.o)
                              ../niosIP_bsp//libhal_bsp.a(alt_main.o) (exit)
/home/pedrolpfbf/intelFPGA/18.1/nios2eds/bin/gnu/H-x86_64-pc-linux-gnu/bin/../lib/gcc/nios2-elf/5.3.0/../../../../../H-x86_64-pc-linux-gnu/nios2-elf/lib/mno-hw-mul/libc.a(lib_a-impure.o)
                              /home/pedrolpfbf/intelFPGA/18.1/nios2eds/bin/gnu/H-x86_64-pc-linux-gnu/bin/../lib/gcc/nios2-elf/5.3.0/../../../../../H-x86_64-pc-linux-gnu/nios2-elf/lib/mno-hw-mul/libc.a(lib_a-exit.o) (_global_impure_ptr)
/home/pedrolpfbf/intelFPGA/18.1/nios2eds/bin/gnu/H-x86_64-pc-linux-gnu/bin/../lib/gcc/nios2-elf/5.3.0/../../../../../H-x86_64-pc-linux-gnu/nios2-elf/lib/mno-hw-mul/libc.a(lib_a-int_errno.o)
                              ../niosIP_bsp//libhal_bsp.a(alt_close.o) (errno)
/home/pedrolpfbf/intelFPGA/18.1/nios2eds/bin/gnu/H-x86_64-pc-linux-gnu/bin/../lib/gcc/nios2-elf/5.3.0/../../../../../H-x86_64-pc-linux-gnu/nios2-elf/lib/mno-hw-mul/libc.a(lib_a-memcmp.o)
                              ../niosIP_bsp//libhal_bsp.a(alt_find_dev.o) (memcmp)
/home/pedrolpfbf/intelFPGA/18.1/nios2eds/bin/gnu/H-x86_64-pc-linux-gnu/bin/../lib/gcc/nios2-elf/5.3.0/../../../../../H-x86_64-pc-linux-gnu/nios2-elf/lib/mno-hw-mul/libc.a(lib_a-strlen.o)
                              ../niosIP_bsp//libhal_bsp.a(alt_find_dev.o) (strlen)
/home/pedrolpfbf/intelFPGA/18.1/nios2eds/bin/gnu/H-x86_64-pc-linux-gnu/bin/../lib/gcc/nios2-elf/5.3.0/../../../../../H-x86_64-pc-linux-gnu/nios2-elf/lib/mno-hw-mul/libc.a(lib_a-__atexit.o)
                              /home/pedrolpfbf/intelFPGA/18.1/nios2eds/bin/gnu/H-x86_64-pc-linux-gnu/bin/../lib/gcc/nios2-elf/5.3.0/../../../../../H-x86_64-pc-linux-gnu/nios2-elf/lib/mno-hw-mul/libc.a(lib_a-atexit.o) (__register_exitproc)
/home/pedrolpfbf/intelFPGA/18.1/nios2eds/bin/gnu/H-x86_64-pc-linux-gnu/bin/../lib/gcc/nios2-elf/5.3.0/../../../../../H-x86_64-pc-linux-gnu/nios2-elf/lib/mno-hw-mul/libc.a(lib_a-__call_atexit.o)
                              /home/pedrolpfbf/intelFPGA/18.1/nios2eds/bin/gnu/H-x86_64-pc-linux-gnu/bin/../lib/gcc/nios2-elf/5.3.0/../../../../../H-x86_64-pc-linux-gnu/nios2-elf/lib/mno-hw-mul/libc.a(lib_a-exit.o) (__call_exitprocs)
/home/pedrolpfbf/intelFPGA/18.1/nios2eds/bin/gnu/H-x86_64-pc-linux-gnu/bin/../lib/gcc/nios2-elf/5.3.0/mno-hw-mul/libgcc.a(lib2-divmod.o)
                              ../niosIP_bsp//libhal_bsp.a(alt_busy_sleep.o) (__udivsi3)
/home/pedrolpfbf/intelFPGA/18.1/nios2eds/bin/gnu/H-x86_64-pc-linux-gnu/bin/../lib/gcc/nios2-elf/5.3.0/mno-hw-mul/libgcc.a(lib2-mul.o)
                              ../niosIP_bsp//libhal_bsp.a(alt_busy_sleep.o) (__mulsi3)
../niosIP_bsp//libhal_bsp.a(alt_exit.o)
                              /home/pedrolpfbf/intelFPGA/18.1/nios2eds/bin/gnu/H-x86_64-pc-linux-gnu/bin/../lib/gcc/nios2-elf/5.3.0/../../../../../H-x86_64-pc-linux-gnu/nios2-elf/lib/mno-hw-mul/libc.a(lib_a-exit.o) (_exit)

Allocating common symbols
Common symbol       size              file

errno               0x4               /home/pedrolpfbf/intelFPGA/18.1/nios2eds/bin/gnu/H-x86_64-pc-linux-gnu/bin/../lib/gcc/nios2-elf/5.3.0/../../../../../H-x86_64-pc-linux-gnu/nios2-elf/lib/mno-hw-mul/libc.a(lib_a-int_errno.o)

Memory Configuration

Name             Origin             Length             Attributes
reset            0x0000000000008000 0x0000000000000020
onchip_memory2_0 0x0000000000008020 0x0000000000007fe0
*default*        0x0000000000000000 0xffffffffffffffff

Linker script and memory map

LOAD ../niosIP_bsp//obj/HAL/src/crt0.o
LOAD obj/default/hello_world.o
LOAD /home/pedrolpfbf/intelFPGA/18.1/nios2eds/bin/gnu/H-x86_64-pc-linux-gnu/bin/../lib/gcc/nios2-elf/5.3.0/../../../../../H-x86_64-pc-linux-gnu/nios2-elf/lib/mno-hw-mul/libstdc++.a
LOAD /home/pedrolpfbf/intelFPGA/18.1/nios2eds/bin/gnu/H-x86_64-pc-linux-gnu/bin/../lib/gcc/nios2-elf/5.3.0/../../../../../H-x86_64-pc-linux-gnu/nios2-elf/lib/mno-hw-mul/libm.a
LOAD /home/pedrolpfbf/intelFPGA/18.1/nios2eds/bin/gnu/H-x86_64-pc-linux-gnu/bin/../lib/gcc/nios2-elf/5.3.0/mno-hw-mul/libgcc.a
START GROUP
LOAD /home/pedrolpfbf/intelFPGA/18.1/nios2eds/bin/gnu/H-x86_64-pc-linux-gnu/bin/../lib/gcc/nios2-elf/5.3.0/../../../../../H-x86_64-pc-linux-gnu/nios2-elf/lib/mno-hw-mul/libc.a
LOAD /home/pedrolpfbf/intelFPGA/18.1/nios2eds/bin/gnu/H-x86_64-pc-linux-gnu/bin/../lib/gcc/nios2-elf/5.3.0/mno-hw-mul/libgcc.a
LOAD ../niosIP_bsp//libhal_bsp.a
LOAD /home/pedrolpfbf/intelFPGA/18.1/nios2eds/bin/gnu/H-x86_64-pc-linux-gnu/bin/../lib/gcc/nios2-elf/5.3.0/../../../../../H-x86_64-pc-linux-gnu/nios2-elf/lib/mno-hw-mul/libm.a
END GROUP
LOAD /home/pedrolpfbf/intelFPGA/18.1/nios2eds/bin/gnu/H-x86_64-pc-linux-gnu/bin/../lib/gcc/nios2-elf/5.3.0/mno-hw-mul/libgcc.a
                0x0000000000008000                __alt_mem_onchip_memory2_0 = 0x8000

.entry          0x0000000000008000       0x20
 *(.entry)
 .entry         0x0000000000008000       0x20 ../niosIP_bsp//obj/HAL/src/crt0.o
                0x0000000000008000                __reset

.exceptions     0x0000000000008020        0x0
                0x0000000000008020                PROVIDE (__ram_exceptions_start, ABSOLUTE (.))
                0x0000000000008020                . = ALIGN (0x20)
 *(.irq)
 *(.exceptions.entry.label)
 *(.exceptions.entry.user)
 *(.exceptions.entry.ecc_fatal)
 *(.exceptions.entry)
 *(.exceptions.irqtest.user)
 *(.exceptions.irqtest)
 *(.exceptions.irqhandler.user)
 *(.exceptions.irqhandler)
 *(.exceptions.irqreturn.user)
 *(.exceptions.irqreturn)
 *(.exceptions.notirq.label)
 *(.exceptions.notirq.user)
 *(.exceptions.notirq)
 *(.exceptions.soft.user)
 *(.exceptions.soft)
 *(.exceptions.unknown.user)
 *(.exceptions.unknown)
 *(.exceptions.exit.label)
 *(.exceptions.exit.user)
 *(.exceptions.exit)
 *(.exceptions)
                0x0000000000008020                PROVIDE (__ram_exceptions_end, ABSOLUTE (.))
                0x0000000000008020                PROVIDE (__flash_exceptions_start, LOADADDR (.exceptions))

.text           0x0000000000008020     0x180c
                [!provide]                        PROVIDE (stext, ABSOLUTE (.))
 *(.interp)
 *(.hash)
 *(.dynsym)
 *(.dynstr)
 *(.gnu.version)
 *(.gnu.version_d)
 *(.gnu.version_r)
 *(.rel.init)
 *(.rela.init)
 *(.rel.text .rel.text.* .rel.gnu.linkonce.t.*)
 *(.rela.text .rela.text.* .rela.gnu.linkonce.t.*)
 *(.rel.fini)
 *(.rela.fini)
 *(.rel.rodata .rel.rodata.* .rel.gnu.linkonce.r.*)
 *(.rela.rodata .rela.rodata.* .rela.gnu.linkonce.r.*)
 *(.rel.data .rel.data.* .rel.gnu.linkonce.d.*)
 *(.rela.data .rela.data.* .rela.gnu.linkonce.d.*)
 *(.rel.tdata .rel.tdata.* .rel.gnu.linkonce.td.*)
 *(.rela.tdata .rela.tdata.* .rela.gnu.linkonce.td.*)
 *(.rel.tbss .rel.tbss.* .rel.gnu.linkonce.tb.*)
 *(.rela.tbss .rela.tbss.* .rela.gnu.linkonce.tb.*)
 *(.rel.ctors)
 *(.rela.ctors)
 *(.rel.dtors)
 *(.rela.dtors)
 *(.rel.got)
 *(.rela.got)
 *(.rel.sdata .rel.sdata.* .rel.gnu.linkonce.s.*)
 *(.rela.sdata .rela.sdata.* .rela.gnu.linkonce.s.*)
 *(.rel.sbss .rel.sbss.* .rel.gnu.linkonce.sb.*)
 *(.rela.sbss .rela.sbss.* .rela.gnu.linkonce.sb.*)
 *(.rel.sdata2 .rel.sdata2.* .rel.gnu.linkonce.s2.*)
 *(.rela.sdata2 .rela.sdata2.* .rela.gnu.linkonce.s2.*)
 *(.rel.sbss2 .rel.sbss2.* .rel.gnu.linkonce.sb2.*)
 *(.rela.sbss2 .rela.sbss2.* .rela.gnu.linkonce.sb2.*)
 *(.rel.bss .rel.bss.* .rel.gnu.linkonce.b.*)
 *(.rela.bss .rela.bss.* .rela.gnu.linkonce.b.*)
 *(.rel.plt)
 *(.rela.plt)
 *(.rel.dyn)
 *(.init)
 *(.plt)
 *(.text .stub .text.* .gnu.linkonce.t.*)
 .text          0x0000000000008020       0x3c ../niosIP_bsp//obj/HAL/src/crt0.o
                0x0000000000008020                _start
 .text          0x000000000000805c      0x1f0 obj/default/hello_world.o
                0x000000000000805c                PS2_init
                0x00000000000080e4                PS2_halt
                0x0000000000008138                PS2_read_clickLeft
                0x0000000000008170                main
 .text          0x000000000000824c       0xec ../niosIP_bsp//libhal_bsp.a(alt_load.o)
                0x00000000000082b4                alt_load
 .text          0x0000000000008338       0x7c ../niosIP_bsp//libhal_bsp.a(alt_main.o)
                0x0000000000008338                alt_main
 .text          0x00000000000083b4       0x30 ../niosIP_bsp//libhal_bsp.a(alt_usleep.o)
                0x00000000000083b4                usleep
 .text          0x00000000000083e4       0xa0 ../niosIP_bsp//libhal_bsp.a(alt_sys_init.o)
                0x0000000000008418                alt_irq_init
                0x0000000000008450                alt_sys_init
 .text          0x0000000000008484       0xc0 ../niosIP_bsp//libhal_bsp.a(altera_avalon_jtag_uart_fd.o)
                0x0000000000008484                altera_avalon_jtag_uart_read_fd
                0x00000000000084e4                altera_avalon_jtag_uart_write_fd
 .text          0x0000000000008544       0xec ../niosIP_bsp//libhal_bsp.a(altera_avalon_jtag_uart_read.o)
                0x0000000000008544                altera_avalon_jtag_uart_read
 .text          0x0000000000008630       0x94 ../niosIP_bsp//libhal_bsp.a(altera_avalon_jtag_uart_write.o)
                0x0000000000008630                altera_avalon_jtag_uart_write
 .text          0x00000000000086c4      0x158 ../niosIP_bsp//libhal_bsp.a(alt_busy_sleep.o)
                0x00000000000086c4                alt_busy_sleep
 .text          0x000000000000881c      0x114 ../niosIP_bsp//libhal_bsp.a(alt_close.o)
                0x0000000000008858                close
 .text          0x0000000000008930       0x20 ../niosIP_bsp//libhal_bsp.a(alt_dcache_flush_all.o)
                0x0000000000008930                alt_dcache_flush_all
 .text          0x0000000000008950       0x2c ../niosIP_bsp//libhal_bsp.a(alt_dev.o)
 .text          0x000000000000897c       0xe0 ../niosIP_bsp//libhal_bsp.a(alt_dev_llist_insert.o)
                0x00000000000089b8                alt_dev_llist_insert
 .text          0x0000000000008a5c       0x60 ../niosIP_bsp//libhal_bsp.a(alt_do_ctors.o)
                0x0000000000008a5c                _do_ctors
 .text          0x0000000000008abc       0x60 ../niosIP_bsp//libhal_bsp.a(alt_do_dtors.o)
                0x0000000000008abc                _do_dtors
 .text          0x0000000000008b1c        0x0 ../niosIP_bsp//libhal_bsp.a(alt_errno.o)
 .text          0x0000000000008b1c       0x20 ../niosIP_bsp//libhal_bsp.a(alt_icache_flush_all.o)
                0x0000000000008b1c                alt_icache_flush_all
 .text          0x0000000000008b3c      0x160 ../niosIP_bsp//libhal_bsp.a(alt_io_redirect.o)
                0x0000000000008c20                alt_io_redirect
 .text          0x0000000000008c9c      0x284 ../niosIP_bsp//libhal_bsp.a(alt_open.o)
                0x0000000000008dc4                open
 .text          0x0000000000008f20       0x84 ../niosIP_bsp//libhal_bsp.a(alt_release_fd.o)
                0x0000000000008f20                alt_release_fd
 .text          0x0000000000008fa4       0x24 ../niosIP_bsp//libhal_bsp.a(altera_nios2_gen2_irq.o)
                0x0000000000008fa4                altera_nios2_gen2_irq_init
 .text          0x0000000000008fc8       0x90 ../niosIP_bsp//libhal_bsp.a(alt_find_dev.o)
                0x0000000000008fc8                alt_find_dev
 .text          0x0000000000009058      0x108 ../niosIP_bsp//libhal_bsp.a(alt_find_file.o)
                0x0000000000009058                alt_find_file
 .text          0x0000000000009160       0xc4 ../niosIP_bsp//libhal_bsp.a(alt_get_fd.o)
                0x0000000000009160                alt_get_fd
 .text          0x0000000000009224        0x0 /home/pedrolpfbf/intelFPGA/18.1/nios2eds/bin/gnu/H-x86_64-pc-linux-gnu/bin/../lib/gcc/nios2-elf/5.3.0/../../../../../H-x86_64-pc-linux-gnu/nios2-elf/lib/mno-hw-mul/libc.a(lib_a-atexit.o)
 .text.atexit   0x0000000000009224       0x14 /home/pedrolpfbf/intelFPGA/18.1/nios2eds/bin/gnu/H-x86_64-pc-linux-gnu/bin/../lib/gcc/nios2-elf/5.3.0/../../../../../H-x86_64-pc-linux-gnu/nios2-elf/lib/mno-hw-mul/libc.a(lib_a-atexit.o)
                0x0000000000009224                atexit
 .text          0x0000000000009238        0x0 /home/pedrolpfbf/intelFPGA/18.1/nios2eds/bin/gnu/H-x86_64-pc-linux-gnu/bin/../lib/gcc/nios2-elf/5.3.0/../../../../../H-x86_64-pc-linux-gnu/nios2-elf/lib/mno-hw-mul/libc.a(lib_a-exit.o)
 .text.exit     0x0000000000009238       0x38 /home/pedrolpfbf/intelFPGA/18.1/nios2eds/bin/gnu/H-x86_64-pc-linux-gnu/bin/../lib/gcc/nios2-elf/5.3.0/../../../../../H-x86_64-pc-linux-gnu/nios2-elf/lib/mno-hw-mul/libc.a(lib_a-exit.o)
                0x0000000000009238                exit
 .text          0x0000000000009270        0x0 /home/pedrolpfbf/intelFPGA/18.1/nios2eds/bin/gnu/H-x86_64-pc-linux-gnu/bin/../lib/gcc/nios2-elf/5.3.0/../../../../../H-x86_64-pc-linux-gnu/nios2-elf/lib/mno-hw-mul/libc.a(lib_a-impure.o)
 .text          0x0000000000009270        0x0 /home/pedrolpfbf/intelFPGA/18.1/nios2eds/bin/gnu/H-x86_64-pc-linux-gnu/bin/../lib/gcc/nios2-elf/5.3.0/../../../../../H-x86_64-pc-linux-gnu/nios2-elf/lib/mno-hw-mul/libc.a(lib_a-int_errno.o)
 .text          0x0000000000009270        0x0 /home/pedrolpfbf/intelFPGA/18.1/nios2eds/bin/gnu/H-x86_64-pc-linux-gnu/bin/../lib/gcc/nios2-elf/5.3.0/../../../../../H-x86_64-pc-linux-gnu/nios2-elf/lib/mno-hw-mul/libc.a(lib_a-memcmp.o)
 .text.memcmp   0x0000000000009270       0x7c /home/pedrolpfbf/intelFPGA/18.1/nios2eds/bin/gnu/H-x86_64-pc-linux-gnu/bin/../lib/gcc/nios2-elf/5.3.0/../../../../../H-x86_64-pc-linux-gnu/nios2-elf/lib/mno-hw-mul/libc.a(lib_a-memcmp.o)
                0x0000000000009270                memcmp
 .text          0x00000000000092ec        0x0 /home/pedrolpfbf/intelFPGA/18.1/nios2eds/bin/gnu/H-x86_64-pc-linux-gnu/bin/../lib/gcc/nios2-elf/5.3.0/../../../../../H-x86_64-pc-linux-gnu/nios2-elf/lib/mno-hw-mul/libc.a(lib_a-strlen.o)
 .text.strlen   0x00000000000092ec       0x98 /home/pedrolpfbf/intelFPGA/18.1/nios2eds/bin/gnu/H-x86_64-pc-linux-gnu/bin/../lib/gcc/nios2-elf/5.3.0/../../../../../H-x86_64-pc-linux-gnu/nios2-elf/lib/mno-hw-mul/libc.a(lib_a-strlen.o)
                0x00000000000092ec                strlen
 .text          0x0000000000009384        0x0 /home/pedrolpfbf/intelFPGA/18.1/nios2eds/bin/gnu/H-x86_64-pc-linux-gnu/bin/../lib/gcc/nios2-elf/5.3.0/../../../../../H-x86_64-pc-linux-gnu/nios2-elf/lib/mno-hw-mul/libc.a(lib_a-__atexit.o)
 .text.__register_exitproc
                0x0000000000009384      0x118 /home/pedrolpfbf/intelFPGA/18.1/nios2eds/bin/gnu/H-x86_64-pc-linux-gnu/bin/../lib/gcc/nios2-elf/5.3.0/../../../../../H-x86_64-pc-linux-gnu/nios2-elf/lib/mno-hw-mul/libc.a(lib_a-__atexit.o)
                0x0000000000009384                __register_exitproc
 .text          0x000000000000949c        0x0 /home/pedrolpfbf/intelFPGA/18.1/nios2eds/bin/gnu/H-x86_64-pc-linux-gnu/bin/../lib/gcc/nios2-elf/5.3.0/../../../../../H-x86_64-pc-linux-gnu/nios2-elf/lib/mno-hw-mul/libc.a(lib_a-__call_atexit.o)
 .text.__call_exitprocs
                0x000000000000949c      0x180 /home/pedrolpfbf/intelFPGA/18.1/nios2eds/bin/gnu/H-x86_64-pc-linux-gnu/bin/../lib/gcc/nios2-elf/5.3.0/../../../../../H-x86_64-pc-linux-gnu/nios2-elf/lib/mno-hw-mul/libc.a(lib_a-__call_atexit.o)
                0x000000000000949c                __call_exitprocs
 .text          0x000000000000961c      0x1b4 /home/pedrolpfbf/intelFPGA/18.1/nios2eds/bin/gnu/H-x86_64-pc-linux-gnu/bin/../lib/gcc/nios2-elf/5.3.0/mno-hw-mul/libgcc.a(lib2-divmod.o)
                0x000000000000961c                __divsi3
                0x00000000000096a0                __modsi3
                0x0000000000009714                __udivsi3
                0x0000000000009778                __umodsi3
 .text          0x00000000000097d0       0x28 /home/pedrolpfbf/intelFPGA/18.1/nios2eds/bin/gnu/H-x86_64-pc-linux-gnu/bin/../lib/gcc/nios2-elf/5.3.0/mno-hw-mul/libgcc.a(lib2-mul.o)
                0x00000000000097d0                __mulsi3
 .text          0x00000000000097f8       0x34 ../niosIP_bsp//libhal_bsp.a(alt_exit.o)
                0x00000000000097f8                _exit
 *(.gnu.warning.*)
 *(.fini)
                [!provide]                        PROVIDE (__etext, ABSOLUTE (.))
                [!provide]                        PROVIDE (_etext, ABSOLUTE (.))
                [!provide]                        PROVIDE (etext, ABSOLUTE (.))
 *(.eh_frame_hdr)
                0x000000000000982c                . = ALIGN (0x4)
                [!provide]                        PROVIDE (__preinit_array_start, ABSOLUTE (.))
 *(.preinit_array)
                [!provide]                        PROVIDE (__preinit_array_end, ABSOLUTE (.))
                [!provide]                        PROVIDE (__init_array_start, ABSOLUTE (.))
 *(.init_array)
                [!provide]                        PROVIDE (__init_array_end, ABSOLUTE (.))
                [!provide]                        PROVIDE (__fini_array_start, ABSOLUTE (.))
 *(.fini_array)
                [!provide]                        PROVIDE (__fini_array_end, ABSOLUTE (.))
 *(.eh_frame)
 *(.gcc_except_table .gcc_except_table.*)
 *(.dynamic)
                0x000000000000982c                PROVIDE (__CTOR_LIST__, ABSOLUTE (.))
 *(.ctors)
 *(SORT(.ctors.*))
                0x000000000000982c                PROVIDE (__CTOR_END__, ABSOLUTE (.))
                0x000000000000982c                PROVIDE (__DTOR_LIST__, ABSOLUTE (.))
 *(.dtors)
 *(SORT(.dtors.*))
                0x000000000000982c                PROVIDE (__DTOR_END__, ABSOLUTE (.))
 *(.jcr)
                0x000000000000982c                . = ALIGN (0x4)

.rodata         0x000000000000982c       0x38
                0x000000000000982c                PROVIDE (__ram_rodata_start, ABSOLUTE (.))
                0x000000000000982c                . = ALIGN (0x4)
 *(.rodata .rodata.* .gnu.linkonce.r.*)
 .rodata        0x000000000000982c       0x11 ../niosIP_bsp//libhal_bsp.a(alt_main.o)
 *fill*         0x000000000000983d        0x3 
 .rodata        0x0000000000009840       0x11 ../niosIP_bsp//libhal_bsp.a(alt_sys_init.o)
 *fill*         0x0000000000009851        0x3 
 .rodata        0x0000000000009854        0xa ../niosIP_bsp//libhal_bsp.a(alt_dev.o)
 *fill*         0x000000000000985e        0x2 
 .rodata.str1.4
                0x0000000000009860        0x4 /home/pedrolpfbf/intelFPGA/18.1/nios2eds/bin/gnu/H-x86_64-pc-linux-gnu/bin/../lib/gcc/nios2-elf/5.3.0/../../../../../H-x86_64-pc-linux-gnu/nios2-elf/lib/mno-hw-mul/libc.a(lib_a-impure.o)
                                          0x2 (size before relaxing)
 *(.rodata1)
                0x0000000000009864                . = ALIGN (0x4)
                0x0000000000009864                PROVIDE (__ram_rodata_end, ABSOLUTE (.))
                0x000000000000982c                PROVIDE (__flash_rodata_start, LOADADDR (.rodata))

.rwdata         0x0000000000009864      0x618 load address 0x0000000000009e7c
                0x0000000000009864                PROVIDE (__ram_rwdata_start, ABSOLUTE (.))
                0x0000000000009864                . = ALIGN (0x4)
 *(.got.plt)
 *(.got)
 *(.data1)
 *(.data .data.* .gnu.linkonce.d.*)
 .data          0x0000000000009864        0x0 ../niosIP_bsp//obj/HAL/src/crt0.o
 .data          0x0000000000009864        0x0 obj/default/hello_world.o
 .data          0x0000000000009864        0x0 ../niosIP_bsp//libhal_bsp.a(alt_load.o)
 .data          0x0000000000009864        0x0 ../niosIP_bsp//libhal_bsp.a(alt_main.o)
 .data          0x0000000000009864        0x0 ../niosIP_bsp//libhal_bsp.a(alt_usleep.o)
 .data          0x0000000000009864       0x2c ../niosIP_bsp//libhal_bsp.a(alt_sys_init.o)
 .data          0x0000000000009890        0x0 ../niosIP_bsp//libhal_bsp.a(altera_avalon_jtag_uart_fd.o)
 .data          0x0000000000009890        0x0 ../niosIP_bsp//libhal_bsp.a(altera_avalon_jtag_uart_read.o)
 .data          0x0000000000009890        0x0 ../niosIP_bsp//libhal_bsp.a(altera_avalon_jtag_uart_write.o)
 .data          0x0000000000009890        0x0 ../niosIP_bsp//libhal_bsp.a(alt_busy_sleep.o)
 .data          0x0000000000009890        0x0 ../niosIP_bsp//libhal_bsp.a(alt_close.o)
 .data          0x0000000000009890        0x0 ../niosIP_bsp//libhal_bsp.a(alt_dcache_flush_all.o)
 .data          0x0000000000009890      0x1a8 ../niosIP_bsp//libhal_bsp.a(alt_dev.o)
                0x0000000000009890                alt_dev_null
                0x00000000000098b8                alt_fd_list
 .data          0x0000000000009a38        0x0 ../niosIP_bsp//libhal_bsp.a(alt_dev_llist_insert.o)
 .data          0x0000000000009a38        0x0 ../niosIP_bsp//libhal_bsp.a(alt_do_ctors.o)
 .data          0x0000000000009a38        0x0 ../niosIP_bsp//libhal_bsp.a(alt_do_dtors.o)
 .data          0x0000000000009a38        0x0 ../niosIP_bsp//libhal_bsp.a(alt_errno.o)
 .data          0x0000000000009a38        0x0 ../niosIP_bsp//libhal_bsp.a(alt_icache_flush_all.o)
 .data          0x0000000000009a38        0x0 ../niosIP_bsp//libhal_bsp.a(alt_io_redirect.o)
 .data          0x0000000000009a38        0x0 ../niosIP_bsp//libhal_bsp.a(alt_open.o)
 .data          0x0000000000009a38        0x0 ../niosIP_bsp//libhal_bsp.a(alt_release_fd.o)
 .data          0x0000000000009a38        0x0 ../niosIP_bsp//libhal_bsp.a(altera_nios2_gen2_irq.o)
 .data          0x0000000000009a38        0x0 ../niosIP_bsp//libhal_bsp.a(alt_find_dev.o)
 .data          0x0000000000009a38        0x0 ../niosIP_bsp//libhal_bsp.a(alt_find_file.o)
 .data          0x0000000000009a38        0x0 ../niosIP_bsp//libhal_bsp.a(alt_get_fd.o)
 .data          0x0000000000009a38        0x0 /home/pedrolpfbf/intelFPGA/18.1/nios2eds/bin/gnu/H-x86_64-pc-linux-gnu/bin/../lib/gcc/nios2-elf/5.3.0/../../../../../H-x86_64-pc-linux-gnu/nios2-elf/lib/mno-hw-mul/libc.a(lib_a-atexit.o)
 .data          0x0000000000009a38        0x0 /home/pedrolpfbf/intelFPGA/18.1/nios2eds/bin/gnu/H-x86_64-pc-linux-gnu/bin/../lib/gcc/nios2-elf/5.3.0/../../../../../H-x86_64-pc-linux-gnu/nios2-elf/lib/mno-hw-mul/libc.a(lib_a-exit.o)
 .data          0x0000000000009a38        0x0 /home/pedrolpfbf/intelFPGA/18.1/nios2eds/bin/gnu/H-x86_64-pc-linux-gnu/bin/../lib/gcc/nios2-elf/5.3.0/../../../../../H-x86_64-pc-linux-gnu/nios2-elf/lib/mno-hw-mul/libc.a(lib_a-impure.o)
 .data.impure_data
                0x0000000000009a38      0x424 /home/pedrolpfbf/intelFPGA/18.1/nios2eds/bin/gnu/H-x86_64-pc-linux-gnu/bin/../lib/gcc/nios2-elf/5.3.0/../../../../../H-x86_64-pc-linux-gnu/nios2-elf/lib/mno-hw-mul/libc.a(lib_a-impure.o)
 .data          0x0000000000009e5c        0x0 /home/pedrolpfbf/intelFPGA/18.1/nios2eds/bin/gnu/H-x86_64-pc-linux-gnu/bin/../lib/gcc/nios2-elf/5.3.0/../../../../../H-x86_64-pc-linux-gnu/nios2-elf/lib/mno-hw-mul/libc.a(lib_a-int_errno.o)
 .data          0x0000000000009e5c        0x0 /home/pedrolpfbf/intelFPGA/18.1/nios2eds/bin/gnu/H-x86_64-pc-linux-gnu/bin/../lib/gcc/nios2-elf/5.3.0/../../../../../H-x86_64-pc-linux-gnu/nios2-elf/lib/mno-hw-mul/libc.a(lib_a-memcmp.o)
 .data          0x0000000000009e5c        0x0 /home/pedrolpfbf/intelFPGA/18.1/nios2eds/bin/gnu/H-x86_64-pc-linux-gnu/bin/../lib/gcc/nios2-elf/5.3.0/../../../../../H-x86_64-pc-linux-gnu/nios2-elf/lib/mno-hw-mul/libc.a(lib_a-strlen.o)
 .data          0x0000000000009e5c        0x0 /home/pedrolpfbf/intelFPGA/18.1/nios2eds/bin/gnu/H-x86_64-pc-linux-gnu/bin/../lib/gcc/nios2-elf/5.3.0/../../../../../H-x86_64-pc-linux-gnu/nios2-elf/lib/mno-hw-mul/libc.a(lib_a-__atexit.o)
 .data          0x0000000000009e5c        0x0 /home/pedrolpfbf/intelFPGA/18.1/nios2eds/bin/gnu/H-x86_64-pc-linux-gnu/bin/../lib/gcc/nios2-elf/5.3.0/../../../../../H-x86_64-pc-linux-gnu/nios2-elf/lib/mno-hw-mul/libc.a(lib_a-__call_atexit.o)
 .data          0x0000000000009e5c        0x0 /home/pedrolpfbf/intelFPGA/18.1/nios2eds/bin/gnu/H-x86_64-pc-linux-gnu/bin/../lib/gcc/nios2-elf/5.3.0/mno-hw-mul/libgcc.a(lib2-divmod.o)
 .data          0x0000000000009e5c        0x0 /home/pedrolpfbf/intelFPGA/18.1/nios2eds/bin/gnu/H-x86_64-pc-linux-gnu/bin/../lib/gcc/nios2-elf/5.3.0/mno-hw-mul/libgcc.a(lib2-mul.o)
 .data          0x0000000000009e5c        0x0 ../niosIP_bsp//libhal_bsp.a(alt_exit.o)
                0x0000000000011e5c                _gp = ABSOLUTE ((. + 0x8000))
                [!provide]                        PROVIDE (gp, _gp)
 *(.rwdata .rwdata.*)
 *(.sdata .sdata.* .gnu.linkonce.s.*)
 .sdata         0x0000000000009e5c       0x14 ../niosIP_bsp//libhal_bsp.a(alt_dev.o)
                0x0000000000009e5c                alt_fs_list
                0x0000000000009e64                alt_dev_list
                0x0000000000009e6c                alt_max_fd
 .sdata         0x0000000000009e70        0x4 ../niosIP_bsp//libhal_bsp.a(alt_errno.o)
                0x0000000000009e70                alt_errno
 .sdata._global_impure_ptr
                0x0000000000009e74        0x4 /home/pedrolpfbf/intelFPGA/18.1/nios2eds/bin/gnu/H-x86_64-pc-linux-gnu/bin/../lib/gcc/nios2-elf/5.3.0/../../../../../H-x86_64-pc-linux-gnu/nios2-elf/lib/mno-hw-mul/libc.a(lib_a-impure.o)
                0x0000000000009e74                _global_impure_ptr
 .sdata._impure_ptr
                0x0000000000009e78        0x4 /home/pedrolpfbf/intelFPGA/18.1/nios2eds/bin/gnu/H-x86_64-pc-linux-gnu/bin/../lib/gcc/nios2-elf/5.3.0/../../../../../H-x86_64-pc-linux-gnu/nios2-elf/lib/mno-hw-mul/libc.a(lib_a-impure.o)
                0x0000000000009e78                _impure_ptr
 *(.sdata2 .sdata2.* .gnu.linkonce.s2.*)
                0x0000000000009e7c                . = ALIGN (0x4)
                0x0000000000009e7c                _edata = ABSOLUTE (.)
                [!provide]                        PROVIDE (edata, ABSOLUTE (.))
                0x0000000000009e7c                PROVIDE (__ram_rwdata_end, ABSOLUTE (.))
                0x0000000000009e7c                PROVIDE (__flash_rwdata_start, LOADADDR (.rwdata))

.bss            0x000000000000a494       0x10
                0x000000000000a494                __bss_start = ABSOLUTE (.)
                [!provide]                        PROVIDE (__sbss_start, ABSOLUTE (.))
                [!provide]                        PROVIDE (___sbss_start, ABSOLUTE (.))
 *(.dynsbss)
 *(.sbss .sbss.* .gnu.linkonce.sb.*)
 .sbss          0x000000000000a494        0xc ../niosIP_bsp//libhal_bsp.a(alt_main.o)
                0x000000000000a494                alt_argc
                0x000000000000a498                alt_argv
                0x000000000000a49c                alt_envp
 .sbss          0x000000000000a4a0        0x4 /home/pedrolpfbf/intelFPGA/18.1/nios2eds/bin/gnu/H-x86_64-pc-linux-gnu/bin/../lib/gcc/nios2-elf/5.3.0/../../../../../H-x86_64-pc-linux-gnu/nios2-elf/lib/mno-hw-mul/libc.a(lib_a-int_errno.o)
                0x000000000000a4a0                errno
 *(.sbss2 .sbss2.* .gnu.linkonce.sb2.*)
 *(.scommon)
                [!provide]                        PROVIDE (__sbss_end, ABSOLUTE (.))
                [!provide]                        PROVIDE (___sbss_end, ABSOLUTE (.))
 *(.dynbss)
 *(.bss .bss.* .gnu.linkonce.b.*)
 .bss           0x000000000000a4a4        0x0 ../niosIP_bsp//obj/HAL/src/crt0.o
 .bss           0x000000000000a4a4        0x0 obj/default/hello_world.o
 .bss           0x000000000000a4a4        0x0 ../niosIP_bsp//libhal_bsp.a(alt_load.o)
 .bss           0x000000000000a4a4        0x0 ../niosIP_bsp//libhal_bsp.a(alt_main.o)
 .bss           0x000000000000a4a4        0x0 ../niosIP_bsp//libhal_bsp.a(alt_usleep.o)
 .bss           0x000000000000a4a4        0x0 ../niosIP_bsp//libhal_bsp.a(alt_sys_init.o)
 .bss           0x000000000000a4a4        0x0 ../niosIP_bsp//libhal_bsp.a(altera_avalon_jtag_uart_fd.o)
 .bss           0x000000000000a4a4        0x0 ../niosIP_bsp//libhal_bsp.a(altera_avalon_jtag_uart_read.o)
 .bss           0x000000000000a4a4        0x0 ../niosIP_bsp//libhal_bsp.a(altera_avalon_jtag_uart_write.o)
 .bss           0x000000000000a4a4        0x0 ../niosIP_bsp//libhal_bsp.a(alt_busy_sleep.o)
 .bss           0x000000000000a4a4        0x0 ../niosIP_bsp//libhal_bsp.a(alt_close.o)
 .bss           0x000000000000a4a4        0x0 ../niosIP_bsp//libhal_bsp.a(alt_dcache_flush_all.o)
 .bss           0x000000000000a4a4        0x0 ../niosIP_bsp//libhal_bsp.a(alt_dev.o)
 .bss           0x000000000000a4a4        0x0 ../niosIP_bsp//libhal_bsp.a(alt_dev_llist_insert.o)
 .bss           0x000000000000a4a4        0x0 ../niosIP_bsp//libhal_bsp.a(alt_do_ctors.o)
 .bss           0x000000000000a4a4        0x0 ../niosIP_bsp//libhal_bsp.a(alt_do_dtors.o)
 .bss           0x000000000000a4a4        0x0 ../niosIP_bsp//libhal_bsp.a(alt_errno.o)
 .bss           0x000000000000a4a4        0x0 ../niosIP_bsp//libhal_bsp.a(alt_icache_flush_all.o)
 .bss           0x000000000000a4a4        0x0 ../niosIP_bsp//libhal_bsp.a(alt_io_redirect.o)
 .bss           0x000000000000a4a4        0x0 ../niosIP_bsp//libhal_bsp.a(alt_open.o)
 .bss           0x000000000000a4a4        0x0 ../niosIP_bsp//libhal_bsp.a(alt_release_fd.o)
 .bss           0x000000000000a4a4        0x0 ../niosIP_bsp//libhal_bsp.a(altera_nios2_gen2_irq.o)
 .bss           0x000000000000a4a4        0x0 ../niosIP_bsp//libhal_bsp.a(alt_find_dev.o)
 .bss           0x000000000000a4a4        0x0 ../niosIP_bsp//libhal_bsp.a(alt_find_file.o)
 .bss           0x000000000000a4a4        0x0 ../niosIP_bsp//libhal_bsp.a(alt_get_fd.o)
 .bss           0x000000000000a4a4        0x0 /home/pedrolpfbf/intelFPGA/18.1/nios2eds/bin/gnu/H-x86_64-pc-linux-gnu/bin/../lib/gcc/nios2-elf/5.3.0/../../../../../H-x86_64-pc-linux-gnu/nios2-elf/lib/mno-hw-mul/libc.a(lib_a-atexit.o)
 .bss           0x000000000000a4a4        0x0 /home/pedrolpfbf/intelFPGA/18.1/nios2eds/bin/gnu/H-x86_64-pc-linux-gnu/bin/../lib/gcc/nios2-elf/5.3.0/../../../../../H-x86_64-pc-linux-gnu/nios2-elf/lib/mno-hw-mul/libc.a(lib_a-exit.o)
 .bss           0x000000000000a4a4        0x0 /home/pedrolpfbf/intelFPGA/18.1/nios2eds/bin/gnu/H-x86_64-pc-linux-gnu/bin/../lib/gcc/nios2-elf/5.3.0/../../../../../H-x86_64-pc-linux-gnu/nios2-elf/lib/mno-hw-mul/libc.a(lib_a-impure.o)
 .bss           0x000000000000a4a4        0x0 /home/pedrolpfbf/intelFPGA/18.1/nios2eds/bin/gnu/H-x86_64-pc-linux-gnu/bin/../lib/gcc/nios2-elf/5.3.0/../../../../../H-x86_64-pc-linux-gnu/nios2-elf/lib/mno-hw-mul/libc.a(lib_a-int_errno.o)
 .bss           0x000000000000a4a4        0x0 /home/pedrolpfbf/intelFPGA/18.1/nios2eds/bin/gnu/H-x86_64-pc-linux-gnu/bin/../lib/gcc/nios2-elf/5.3.0/../../../../../H-x86_64-pc-linux-gnu/nios2-elf/lib/mno-hw-mul/libc.a(lib_a-memcmp.o)
 .bss           0x000000000000a4a4        0x0 /home/pedrolpfbf/intelFPGA/18.1/nios2eds/bin/gnu/H-x86_64-pc-linux-gnu/bin/../lib/gcc/nios2-elf/5.3.0/../../../../../H-x86_64-pc-linux-gnu/nios2-elf/lib/mno-hw-mul/libc.a(lib_a-strlen.o)
 .bss           0x000000000000a4a4        0x0 /home/pedrolpfbf/intelFPGA/18.1/nios2eds/bin/gnu/H-x86_64-pc-linux-gnu/bin/../lib/gcc/nios2-elf/5.3.0/../../../../../H-x86_64-pc-linux-gnu/nios2-elf/lib/mno-hw-mul/libc.a(lib_a-__atexit.o)
 .bss           0x000000000000a4a4        0x0 /home/pedrolpfbf/intelFPGA/18.1/nios2eds/bin/gnu/H-x86_64-pc-linux-gnu/bin/../lib/gcc/nios2-elf/5.3.0/../../../../../H-x86_64-pc-linux-gnu/nios2-elf/lib/mno-hw-mul/libc.a(lib_a-__call_atexit.o)
 .bss           0x000000000000a4a4        0x0 /home/pedrolpfbf/intelFPGA/18.1/nios2eds/bin/gnu/H-x86_64-pc-linux-gnu/bin/../lib/gcc/nios2-elf/5.3.0/mno-hw-mul/libgcc.a(lib2-divmod.o)
 .bss           0x000000000000a4a4        0x0 /home/pedrolpfbf/intelFPGA/18.1/nios2eds/bin/gnu/H-x86_64-pc-linux-gnu/bin/../lib/gcc/nios2-elf/5.3.0/mno-hw-mul/libgcc.a(lib2-mul.o)
 .bss           0x000000000000a4a4        0x0 ../niosIP_bsp//libhal_bsp.a(alt_exit.o)
 *(COMMON)
                0x000000000000a4a4                . = ALIGN (0x4)
                0x000000000000a4a4                __bss_end = ABSOLUTE (.)

.onchip_memory2_0
                0x000000000000a4a4        0x0
                [!provide]                        PROVIDE (_alt_partition_onchip_memory2_0_start, ABSOLUTE (.))
 *(.onchip_memory2_0 .onchip_memory2_0. onchip_memory2_0.*)
                0x000000000000a4a4                . = ALIGN (0x4)
                [!provide]                        PROVIDE (_alt_partition_onchip_memory2_0_end, ABSOLUTE (.))
                0x000000000000a4a4                _end = ABSOLUTE (.)
                0x000000000000a4a4                end = ABSOLUTE (.)
                0x000000000000a4a4                __alt_stack_base = ABSOLUTE (.)
                [!provide]                        PROVIDE (_alt_partition_onchip_memory2_0_load_addr, LOADADDR (.onchip_memory2_0))

.stab
 *(.stab)

.stabstr
 *(.stabstr)

.stab.excl
 *(.stab.excl)

.stab.exclstr
 *(.stab.exclstr)

.stab.index
 *(.stab.index)

.stab.indexstr
 *(.stab.indexstr)

.comment        0x0000000000000000       0x23
 *(.comment)
 .comment       0x0000000000000000       0x23 obj/default/hello_world.o
                                         0x24 (size before relaxing)
 .comment       0x0000000000000023       0x24 ../niosIP_bsp//libhal_bsp.a(alt_load.o)
 .comment       0x0000000000000023       0x24 ../niosIP_bsp//libhal_bsp.a(alt_main.o)
 .comment       0x0000000000000023       0x24 ../niosIP_bsp//libhal_bsp.a(alt_usleep.o)
 .comment       0x0000000000000023       0x24 ../niosIP_bsp//libhal_bsp.a(alt_sys_init.o)
 .comment       0x0000000000000023       0x24 ../niosIP_bsp//libhal_bsp.a(altera_avalon_jtag_uart_fd.o)
 .comment       0x0000000000000023       0x24 ../niosIP_bsp//libhal_bsp.a(altera_avalon_jtag_uart_read.o)
 .comment       0x0000000000000023       0x24 ../niosIP_bsp//libhal_bsp.a(altera_avalon_jtag_uart_write.o)
 .comment       0x0000000000000023       0x24 ../niosIP_bsp//libhal_bsp.a(alt_busy_sleep.o)
 .comment       0x0000000000000023       0x24 ../niosIP_bsp//libhal_bsp.a(alt_close.o)
 .comment       0x0000000000000023       0x24 ../niosIP_bsp//libhal_bsp.a(alt_dcache_flush_all.o)
 .comment       0x0000000000000023       0x24 ../niosIP_bsp//libhal_bsp.a(alt_dev.o)
 .comment       0x0000000000000023       0x24 ../niosIP_bsp//libhal_bsp.a(alt_dev_llist_insert.o)
 .comment       0x0000000000000023       0x24 ../niosIP_bsp//libhal_bsp.a(alt_do_ctors.o)
 .comment       0x0000000000000023       0x24 ../niosIP_bsp//libhal_bsp.a(alt_do_dtors.o)
 .comment       0x0000000000000023       0x24 ../niosIP_bsp//libhal_bsp.a(alt_errno.o)
 .comment       0x0000000000000023       0x24 ../niosIP_bsp//libhal_bsp.a(alt_icache_flush_all.o)
 .comment       0x0000000000000023       0x24 ../niosIP_bsp//libhal_bsp.a(alt_io_redirect.o)
 .comment       0x0000000000000023       0x24 ../niosIP_bsp//libhal_bsp.a(alt_open.o)
 .comment       0x0000000000000023       0x24 ../niosIP_bsp//libhal_bsp.a(alt_release_fd.o)
 .comment       0x0000000000000023       0x24 ../niosIP_bsp//libhal_bsp.a(altera_nios2_gen2_irq.o)
 .comment       0x0000000000000023       0x24 ../niosIP_bsp//libhal_bsp.a(alt_find_dev.o)
 .comment       0x0000000000000023       0x24 ../niosIP_bsp//libhal_bsp.a(alt_find_file.o)
 .comment       0x0000000000000023       0x24 ../niosIP_bsp//libhal_bsp.a(alt_get_fd.o)
 .comment       0x0000000000000023       0x24 /home/pedrolpfbf/intelFPGA/18.1/nios2eds/bin/gnu/H-x86_64-pc-linux-gnu/bin/../lib/gcc/nios2-elf/5.3.0/../../../../../H-x86_64-pc-linux-gnu/nios2-elf/lib/mno-hw-mul/libc.a(lib_a-atexit.o)
 .comment       0x0000000000000023       0x24 /home/pedrolpfbf/intelFPGA/18.1/nios2eds/bin/gnu/H-x86_64-pc-linux-gnu/bin/../lib/gcc/nios2-elf/5.3.0/../../../../../H-x86_64-pc-linux-gnu/nios2-elf/lib/mno-hw-mul/libc.a(lib_a-exit.o)
 .comment       0x0000000000000023       0x24 /home/pedrolpfbf/intelFPGA/18.1/nios2eds/bin/gnu/H-x86_64-pc-linux-gnu/bin/../lib/gcc/nios2-elf/5.3.0/../../../../../H-x86_64-pc-linux-gnu/nios2-elf/lib/mno-hw-mul/libc.a(lib_a-impure.o)
 .comment       0x0000000000000023       0x24 /home/pedrolpfbf/intelFPGA/18.1/nios2eds/bin/gnu/H-x86_64-pc-linux-gnu/bin/../lib/gcc/nios2-elf/5.3.0/../../../../../H-x86_64-pc-linux-gnu/nios2-elf/lib/mno-hw-mul/libc.a(lib_a-int_errno.o)
 .comment       0x0000000000000023       0x24 /home/pedrolpfbf/intelFPGA/18.1/nios2eds/bin/gnu/H-x86_64-pc-linux-gnu/bin/../lib/gcc/nios2-elf/5.3.0/../../../../../H-x86_64-pc-linux-gnu/nios2-elf/lib/mno-hw-mul/libc.a(lib_a-memcmp.o)
 .comment       0x0000000000000023       0x24 /home/pedrolpfbf/intelFPGA/18.1/nios2eds/bin/gnu/H-x86_64-pc-linux-gnu/bin/../lib/gcc/nios2-elf/5.3.0/../../../../../H-x86_64-pc-linux-gnu/nios2-elf/lib/mno-hw-mul/libc.a(lib_a-strlen.o)
 .comment       0x0000000000000023       0x24 /home/pedrolpfbf/intelFPGA/18.1/nios2eds/bin/gnu/H-x86_64-pc-linux-gnu/bin/../lib/gcc/nios2-elf/5.3.0/../../../../../H-x86_64-pc-linux-gnu/nios2-elf/lib/mno-hw-mul/libc.a(lib_a-__atexit.o)
 .comment       0x0000000000000023       0x24 /home/pedrolpfbf/intelFPGA/18.1/nios2eds/bin/gnu/H-x86_64-pc-linux-gnu/bin/../lib/gcc/nios2-elf/5.3.0/../../../../../H-x86_64-pc-linux-gnu/nios2-elf/lib/mno-hw-mul/libc.a(lib_a-__call_atexit.o)
 .comment       0x0000000000000023       0x24 /home/pedrolpfbf/intelFPGA/18.1/nios2eds/bin/gnu/H-x86_64-pc-linux-gnu/bin/../lib/gcc/nios2-elf/5.3.0/mno-hw-mul/libgcc.a(lib2-divmod.o)
 .comment       0x0000000000000023       0x24 /home/pedrolpfbf/intelFPGA/18.1/nios2eds/bin/gnu/H-x86_64-pc-linux-gnu/bin/../lib/gcc/nios2-elf/5.3.0/mno-hw-mul/libgcc.a(lib2-mul.o)
 .comment       0x0000000000000023       0x24 ../niosIP_bsp//libhal_bsp.a(alt_exit.o)

.debug
 *(.debug)

.line
 *(.line)

.debug_srcinfo
 *(.debug_srcinfo)

.debug_sfnames
 *(.debug_sfnames)

.debug_aranges  0x0000000000000000      0x470
 *(.debug_aranges)
 .debug_aranges
                0x0000000000000000       0x28 ../niosIP_bsp//obj/HAL/src/crt0.o
 .debug_aranges
                0x0000000000000028       0x20 obj/default/hello_world.o
 .debug_aranges
                0x0000000000000048       0x20 ../niosIP_bsp//libhal_bsp.a(alt_load.o)
 .debug_aranges
                0x0000000000000068       0x20 ../niosIP_bsp//libhal_bsp.a(alt_main.o)
 .debug_aranges
                0x0000000000000088       0x20 ../niosIP_bsp//libhal_bsp.a(alt_usleep.o)
 .debug_aranges
                0x00000000000000a8       0x20 ../niosIP_bsp//libhal_bsp.a(alt_sys_init.o)
 .debug_aranges
                0x00000000000000c8       0x20 ../niosIP_bsp//libhal_bsp.a(altera_avalon_jtag_uart_fd.o)
 .debug_aranges
                0x00000000000000e8       0x20 ../niosIP_bsp//libhal_bsp.a(altera_avalon_jtag_uart_read.o)
 .debug_aranges
                0x0000000000000108       0x20 ../niosIP_bsp//libhal_bsp.a(altera_avalon_jtag_uart_write.o)
 .debug_aranges
                0x0000000000000128       0x20 ../niosIP_bsp//libhal_bsp.a(alt_busy_sleep.o)
 .debug_aranges
                0x0000000000000148       0x20 ../niosIP_bsp//libhal_bsp.a(alt_close.o)
 .debug_aranges
                0x0000000000000168       0x20 ../niosIP_bsp//libhal_bsp.a(alt_dcache_flush_all.o)
 .debug_aranges
                0x0000000000000188       0x20 ../niosIP_bsp//libhal_bsp.a(alt_dev.o)
 .debug_aranges
                0x00000000000001a8       0x20 ../niosIP_bsp//libhal_bsp.a(alt_dev_llist_insert.o)
 .debug_aranges
                0x00000000000001c8       0x20 ../niosIP_bsp//libhal_bsp.a(alt_do_ctors.o)
 .debug_aranges
                0x00000000000001e8       0x20 ../niosIP_bsp//libhal_bsp.a(alt_do_dtors.o)
 .debug_aranges
                0x0000000000000208       0x18 ../niosIP_bsp//libhal_bsp.a(alt_errno.o)
 .debug_aranges
                0x0000000000000220       0x20 ../niosIP_bsp//libhal_bsp.a(alt_icache_flush_all.o)
 .debug_aranges
                0x0000000000000240       0x20 ../niosIP_bsp//libhal_bsp.a(alt_io_redirect.o)
 .debug_aranges
                0x0000000000000260       0x20 ../niosIP_bsp//libhal_bsp.a(alt_open.o)
 .debug_aranges
                0x0000000000000280       0x20 ../niosIP_bsp//libhal_bsp.a(alt_release_fd.o)
 .debug_aranges
                0x00000000000002a0       0x20 ../niosIP_bsp//libhal_bsp.a(altera_nios2_gen2_irq.o)
 .debug_aranges
                0x00000000000002c0       0x20 ../niosIP_bsp//libhal_bsp.a(alt_find_dev.o)
 .debug_aranges
                0x00000000000002e0       0x20 ../niosIP_bsp//libhal_bsp.a(alt_find_file.o)
 .debug_aranges
                0x0000000000000300       0x20 ../niosIP_bsp//libhal_bsp.a(alt_get_fd.o)
 .debug_aranges
                0x0000000000000320       0x20 /home/pedrolpfbf/intelFPGA/18.1/nios2eds/bin/gnu/H-x86_64-pc-linux-gnu/bin/../lib/gcc/nios2-elf/5.3.0/../../../../../H-x86_64-pc-linux-gnu/nios2-elf/lib/mno-hw-mul/libc.a(lib_a-atexit.o)
 .debug_aranges
                0x0000000000000340       0x20 /home/pedrolpfbf/intelFPGA/18.1/nios2eds/bin/gnu/H-x86_64-pc-linux-gnu/bin/../lib/gcc/nios2-elf/5.3.0/../../../../../H-x86_64-pc-linux-gnu/nios2-elf/lib/mno-hw-mul/libc.a(lib_a-exit.o)
 .debug_aranges
                0x0000000000000360       0x18 /home/pedrolpfbf/intelFPGA/18.1/nios2eds/bin/gnu/H-x86_64-pc-linux-gnu/bin/../lib/gcc/nios2-elf/5.3.0/../../../../../H-x86_64-pc-linux-gnu/nios2-elf/lib/mno-hw-mul/libc.a(lib_a-impure.o)
 .debug_aranges
                0x0000000000000378       0x18 /home/pedrolpfbf/intelFPGA/18.1/nios2eds/bin/gnu/H-x86_64-pc-linux-gnu/bin/../lib/gcc/nios2-elf/5.3.0/../../../../../H-x86_64-pc-linux-gnu/nios2-elf/lib/mno-hw-mul/libc.a(lib_a-int_errno.o)
 .debug_aranges
                0x0000000000000390       0x20 /home/pedrolpfbf/intelFPGA/18.1/nios2eds/bin/gnu/H-x86_64-pc-linux-gnu/bin/../lib/gcc/nios2-elf/5.3.0/../../../../../H-x86_64-pc-linux-gnu/nios2-elf/lib/mno-hw-mul/libc.a(lib_a-memcmp.o)
 .debug_aranges
                0x00000000000003b0       0x20 /home/pedrolpfbf/intelFPGA/18.1/nios2eds/bin/gnu/H-x86_64-pc-linux-gnu/bin/../lib/gcc/nios2-elf/5.3.0/../../../../../H-x86_64-pc-linux-gnu/nios2-elf/lib/mno-hw-mul/libc.a(lib_a-strlen.o)
 .debug_aranges
                0x00000000000003d0       0x20 /home/pedrolpfbf/intelFPGA/18.1/nios2eds/bin/gnu/H-x86_64-pc-linux-gnu/bin/../lib/gcc/nios2-elf/5.3.0/../../../../../H-x86_64-pc-linux-gnu/nios2-elf/lib/mno-hw-mul/libc.a(lib_a-__atexit.o)
 .debug_aranges
                0x00000000000003f0       0x20 /home/pedrolpfbf/intelFPGA/18.1/nios2eds/bin/gnu/H-x86_64-pc-linux-gnu/bin/../lib/gcc/nios2-elf/5.3.0/../../../../../H-x86_64-pc-linux-gnu/nios2-elf/lib/mno-hw-mul/libc.a(lib_a-__call_atexit.o)
 .debug_aranges
                0x0000000000000410       0x20 /home/pedrolpfbf/intelFPGA/18.1/nios2eds/bin/gnu/H-x86_64-pc-linux-gnu/bin/../lib/gcc/nios2-elf/5.3.0/mno-hw-mul/libgcc.a(lib2-divmod.o)
 .debug_aranges
                0x0000000000000430       0x20 /home/pedrolpfbf/intelFPGA/18.1/nios2eds/bin/gnu/H-x86_64-pc-linux-gnu/bin/../lib/gcc/nios2-elf/5.3.0/mno-hw-mul/libgcc.a(lib2-mul.o)
 .debug_aranges
                0x0000000000000450       0x20 ../niosIP_bsp//libhal_bsp.a(alt_exit.o)

.debug_pubnames
 *(.debug_pubnames)

.debug_info     0x0000000000000000     0x5dd6
 *(.debug_info .gnu.linkonce.wi.*)
 .debug_info    0x0000000000000000       0x7a ../niosIP_bsp//obj/HAL/src/crt0.o
 .debug_info    0x000000000000007a      0x1e9 obj/default/hello_world.o
 .debug_info    0x0000000000000263      0x145 ../niosIP_bsp//libhal_bsp.a(alt_load.o)
 .debug_info    0x00000000000003a8      0x131 ../niosIP_bsp//libhal_bsp.a(alt_main.o)
 .debug_info    0x00000000000004d9       0xb0 ../niosIP_bsp//libhal_bsp.a(alt_usleep.o)
 .debug_info    0x0000000000000589      0x3c9 ../niosIP_bsp//libhal_bsp.a(alt_sys_init.o)
 .debug_info    0x0000000000000952      0x3a7 ../niosIP_bsp//libhal_bsp.a(altera_avalon_jtag_uart_fd.o)
 .debug_info    0x0000000000000cf9      0x1b2 ../niosIP_bsp//libhal_bsp.a(altera_avalon_jtag_uart_read.o)
 .debug_info    0x0000000000000eab      0x195 ../niosIP_bsp//libhal_bsp.a(altera_avalon_jtag_uart_write.o)
 .debug_info    0x0000000000001040       0xd7 ../niosIP_bsp//libhal_bsp.a(alt_busy_sleep.o)
 .debug_info    0x0000000000001117      0x321 ../niosIP_bsp//libhal_bsp.a(alt_close.o)
 .debug_info    0x0000000000001438       0x92 ../niosIP_bsp//libhal_bsp.a(alt_dcache_flush_all.o)
 .debug_info    0x00000000000014ca      0x49c ../niosIP_bsp//libhal_bsp.a(alt_dev.o)
 .debug_info    0x0000000000001966      0x1a9 ../niosIP_bsp//libhal_bsp.a(alt_dev_llist_insert.o)
 .debug_info    0x0000000000001b0f       0x83 ../niosIP_bsp//libhal_bsp.a(alt_do_ctors.o)
 .debug_info    0x0000000000001b92       0x83 ../niosIP_bsp//libhal_bsp.a(alt_do_dtors.o)
 .debug_info    0x0000000000001c15       0xa6 ../niosIP_bsp//libhal_bsp.a(alt_errno.o)
 .debug_info    0x0000000000001cbb       0x92 ../niosIP_bsp//libhal_bsp.a(alt_icache_flush_all.o)
 .debug_info    0x0000000000001d4d      0x4a5 ../niosIP_bsp//libhal_bsp.a(alt_io_redirect.o)
 .debug_info    0x00000000000021f2      0x3bb ../niosIP_bsp//libhal_bsp.a(alt_open.o)
 .debug_info    0x00000000000025ad      0x2b0 ../niosIP_bsp//libhal_bsp.a(alt_release_fd.o)
 .debug_info    0x000000000000285d       0x92 ../niosIP_bsp//libhal_bsp.a(altera_nios2_gen2_irq.o)
 .debug_info    0x00000000000028ef      0x2e9 ../niosIP_bsp//libhal_bsp.a(alt_find_dev.o)
 .debug_info    0x0000000000002bd8      0x2e6 ../niosIP_bsp//libhal_bsp.a(alt_find_file.o)
 .debug_info    0x0000000000002ebe      0x310 ../niosIP_bsp//libhal_bsp.a(alt_get_fd.o)
 .debug_info    0x00000000000031ce       0xfe /home/pedrolpfbf/intelFPGA/18.1/nios2eds/bin/gnu/H-x86_64-pc-linux-gnu/bin/../lib/gcc/nios2-elf/5.3.0/../../../../../H-x86_64-pc-linux-gnu/nios2-elf/lib/mno-hw-mul/libc.a(lib_a-atexit.o)
 .debug_info    0x00000000000032cc      0x8e4 /home/pedrolpfbf/intelFPGA/18.1/nios2eds/bin/gnu/H-x86_64-pc-linux-gnu/bin/../lib/gcc/nios2-elf/5.3.0/../../../../../H-x86_64-pc-linux-gnu/nios2-elf/lib/mno-hw-mul/libc.a(lib_a-exit.o)
 .debug_info    0x0000000000003bb0      0x8a1 /home/pedrolpfbf/intelFPGA/18.1/nios2eds/bin/gnu/H-x86_64-pc-linux-gnu/bin/../lib/gcc/nios2-elf/5.3.0/../../../../../H-x86_64-pc-linux-gnu/nios2-elf/lib/mno-hw-mul/libc.a(lib_a-impure.o)
 .debug_info    0x0000000000004451       0x8a /home/pedrolpfbf/intelFPGA/18.1/nios2eds/bin/gnu/H-x86_64-pc-linux-gnu/bin/../lib/gcc/nios2-elf/5.3.0/../../../../../H-x86_64-pc-linux-gnu/nios2-elf/lib/mno-hw-mul/libc.a(lib_a-int_errno.o)
 .debug_info    0x00000000000044db      0x11a /home/pedrolpfbf/intelFPGA/18.1/nios2eds/bin/gnu/H-x86_64-pc-linux-gnu/bin/../lib/gcc/nios2-elf/5.3.0/../../../../../H-x86_64-pc-linux-gnu/nios2-elf/lib/mno-hw-mul/libc.a(lib_a-memcmp.o)
 .debug_info    0x00000000000045f5       0xe2 /home/pedrolpfbf/intelFPGA/18.1/nios2eds/bin/gnu/H-x86_64-pc-linux-gnu/bin/../lib/gcc/nios2-elf/5.3.0/../../../../../H-x86_64-pc-linux-gnu/nios2-elf/lib/mno-hw-mul/libc.a(lib_a-strlen.o)
 .debug_info    0x00000000000046d7      0x934 /home/pedrolpfbf/intelFPGA/18.1/nios2eds/bin/gnu/H-x86_64-pc-linux-gnu/bin/../lib/gcc/nios2-elf/5.3.0/../../../../../H-x86_64-pc-linux-gnu/nios2-elf/lib/mno-hw-mul/libc.a(lib_a-__atexit.o)
 .debug_info    0x000000000000500b      0x965 /home/pedrolpfbf/intelFPGA/18.1/nios2eds/bin/gnu/H-x86_64-pc-linux-gnu/bin/../lib/gcc/nios2-elf/5.3.0/../../../../../H-x86_64-pc-linux-gnu/nios2-elf/lib/mno-hw-mul/libc.a(lib_a-__call_atexit.o)
 .debug_info    0x0000000000005970      0x2c6 /home/pedrolpfbf/intelFPGA/18.1/nios2eds/bin/gnu/H-x86_64-pc-linux-gnu/bin/../lib/gcc/nios2-elf/5.3.0/mno-hw-mul/libgcc.a(lib2-divmod.o)
 .debug_info    0x0000000000005c36       0xb4 /home/pedrolpfbf/intelFPGA/18.1/nios2eds/bin/gnu/H-x86_64-pc-linux-gnu/bin/../lib/gcc/nios2-elf/5.3.0/mno-hw-mul/libgcc.a(lib2-mul.o)
 .debug_info    0x0000000000005cea       0xec ../niosIP_bsp//libhal_bsp.a(alt_exit.o)

.debug_abbrev   0x0000000000000000     0x1e20
 *(.debug_abbrev)
 .debug_abbrev  0x0000000000000000       0x12 ../niosIP_bsp//obj/HAL/src/crt0.o
 .debug_abbrev  0x0000000000000012       0xc4 obj/default/hello_world.o
 .debug_abbrev  0x00000000000000d6       0x9f ../niosIP_bsp//libhal_bsp.a(alt_load.o)
 .debug_abbrev  0x0000000000000175       0xba ../niosIP_bsp//libhal_bsp.a(alt_main.o)
 .debug_abbrev  0x000000000000022f       0x60 ../niosIP_bsp//libhal_bsp.a(alt_usleep.o)
 .debug_abbrev  0x000000000000028f      0x157 ../niosIP_bsp//libhal_bsp.a(alt_sys_init.o)
 .debug_abbrev  0x00000000000003e6       0xf7 ../niosIP_bsp//libhal_bsp.a(altera_avalon_jtag_uart_fd.o)
 .debug_abbrev  0x00000000000004dd       0xd5 ../niosIP_bsp//libhal_bsp.a(altera_avalon_jtag_uart_read.o)
 .debug_abbrev  0x00000000000005b2       0xd5 ../niosIP_bsp//libhal_bsp.a(altera_avalon_jtag_uart_write.o)
 .debug_abbrev  0x0000000000000687       0x7e ../niosIP_bsp//libhal_bsp.a(alt_busy_sleep.o)
 .debug_abbrev  0x0000000000000705      0x11f ../niosIP_bsp//libhal_bsp.a(alt_close.o)
 .debug_abbrev  0x0000000000000824       0x42 ../niosIP_bsp//libhal_bsp.a(alt_dcache_flush_all.o)
 .debug_abbrev  0x0000000000000866       0xd9 ../niosIP_bsp//libhal_bsp.a(alt_dev.o)
 .debug_abbrev  0x000000000000093f      0x114 ../niosIP_bsp//libhal_bsp.a(alt_dev_llist_insert.o)
 .debug_abbrev  0x0000000000000a53       0x79 ../niosIP_bsp//libhal_bsp.a(alt_do_ctors.o)
 .debug_abbrev  0x0000000000000acc       0x79 ../niosIP_bsp//libhal_bsp.a(alt_do_dtors.o)
 .debug_abbrev  0x0000000000000b45       0x5a ../niosIP_bsp//libhal_bsp.a(alt_errno.o)
 .debug_abbrev  0x0000000000000b9f       0x42 ../niosIP_bsp//libhal_bsp.a(alt_icache_flush_all.o)
 .debug_abbrev  0x0000000000000be1      0x114 ../niosIP_bsp//libhal_bsp.a(alt_io_redirect.o)
 .debug_abbrev  0x0000000000000cf5      0x148 ../niosIP_bsp//libhal_bsp.a(alt_open.o)
 .debug_abbrev  0x0000000000000e3d       0xde ../niosIP_bsp//libhal_bsp.a(alt_release_fd.o)
 .debug_abbrev  0x0000000000000f1b       0x42 ../niosIP_bsp//libhal_bsp.a(altera_nios2_gen2_irq.o)
 .debug_abbrev  0x0000000000000f5d       0xf0 ../niosIP_bsp//libhal_bsp.a(alt_find_dev.o)
 .debug_abbrev  0x000000000000104d       0xf0 ../niosIP_bsp//libhal_bsp.a(alt_find_file.o)
 .debug_abbrev  0x000000000000113d      0x10d ../niosIP_bsp//libhal_bsp.a(alt_get_fd.o)
 .debug_abbrev  0x000000000000124a       0xaa /home/pedrolpfbf/intelFPGA/18.1/nios2eds/bin/gnu/H-x86_64-pc-linux-gnu/bin/../lib/gcc/nios2-elf/5.3.0/../../../../../H-x86_64-pc-linux-gnu/nios2-elf/lib/mno-hw-mul/libc.a(lib_a-atexit.o)
 .debug_abbrev  0x00000000000012f4      0x1e5 /home/pedrolpfbf/intelFPGA/18.1/nios2eds/bin/gnu/H-x86_64-pc-linux-gnu/bin/../lib/gcc/nios2-elf/5.3.0/../../../../../H-x86_64-pc-linux-gnu/nios2-elf/lib/mno-hw-mul/libc.a(lib_a-exit.o)
 .debug_abbrev  0x00000000000014d9      0x18f /home/pedrolpfbf/intelFPGA/18.1/nios2eds/bin/gnu/H-x86_64-pc-linux-gnu/bin/../lib/gcc/nios2-elf/5.3.0/../../../../../H-x86_64-pc-linux-gnu/nios2-elf/lib/mno-hw-mul/libc.a(lib_a-impure.o)
 .debug_abbrev  0x0000000000001668       0x37 /home/pedrolpfbf/intelFPGA/18.1/nios2eds/bin/gnu/H-x86_64-pc-linux-gnu/bin/../lib/gcc/nios2-elf/5.3.0/../../../../../H-x86_64-pc-linux-gnu/nios2-elf/lib/mno-hw-mul/libc.a(lib_a-int_errno.o)
 .debug_abbrev  0x000000000000169f       0x7f /home/pedrolpfbf/intelFPGA/18.1/nios2eds/bin/gnu/H-x86_64-pc-linux-gnu/bin/../lib/gcc/nios2-elf/5.3.0/../../../../../H-x86_64-pc-linux-gnu/nios2-elf/lib/mno-hw-mul/libc.a(lib_a-memcmp.o)
 .debug_abbrev  0x000000000000171e       0x90 /home/pedrolpfbf/intelFPGA/18.1/nios2eds/bin/gnu/H-x86_64-pc-linux-gnu/bin/../lib/gcc/nios2-elf/5.3.0/../../../../../H-x86_64-pc-linux-gnu/nios2-elf/lib/mno-hw-mul/libc.a(lib_a-strlen.o)
 .debug_abbrev  0x00000000000017ae      0x21e /home/pedrolpfbf/intelFPGA/18.1/nios2eds/bin/gnu/H-x86_64-pc-linux-gnu/bin/../lib/gcc/nios2-elf/5.3.0/../../../../../H-x86_64-pc-linux-gnu/nios2-elf/lib/mno-hw-mul/libc.a(lib_a-__atexit.o)
 .debug_abbrev  0x00000000000019cc      0x22e /home/pedrolpfbf/intelFPGA/18.1/nios2eds/bin/gnu/H-x86_64-pc-linux-gnu/bin/../lib/gcc/nios2-elf/5.3.0/../../../../../H-x86_64-pc-linux-gnu/nios2-elf/lib/mno-hw-mul/libc.a(lib_a-__call_atexit.o)
 .debug_abbrev  0x0000000000001bfa      0x10e /home/pedrolpfbf/intelFPGA/18.1/nios2eds/bin/gnu/H-x86_64-pc-linux-gnu/bin/../lib/gcc/nios2-elf/5.3.0/mno-hw-mul/libgcc.a(lib2-divmod.o)
 .debug_abbrev  0x0000000000001d08       0x6f /home/pedrolpfbf/intelFPGA/18.1/nios2eds/bin/gnu/H-x86_64-pc-linux-gnu/bin/../lib/gcc/nios2-elf/5.3.0/mno-hw-mul/libgcc.a(lib2-mul.o)
 .debug_abbrev  0x0000000000001d77       0xa9 ../niosIP_bsp//libhal_bsp.a(alt_exit.o)

.debug_line     0x0000000000000000     0x207a
 *(.debug_line)
 .debug_line    0x0000000000000000       0x66 ../niosIP_bsp//obj/HAL/src/crt0.o
 .debug_line    0x0000000000000066       0xcf obj/default/hello_world.o
 .debug_line    0x0000000000000135       0x8e ../niosIP_bsp//libhal_bsp.a(alt_load.o)
 .debug_line    0x00000000000001c3       0xa4 ../niosIP_bsp//libhal_bsp.a(alt_main.o)
 .debug_line    0x0000000000000267       0xbb ../niosIP_bsp//libhal_bsp.a(alt_usleep.o)
 .debug_line    0x0000000000000322      0x126 ../niosIP_bsp//libhal_bsp.a(alt_sys_init.o)
 .debug_line    0x0000000000000448      0x112 ../niosIP_bsp//libhal_bsp.a(altera_avalon_jtag_uart_fd.o)
 .debug_line    0x000000000000055a       0xfd ../niosIP_bsp//libhal_bsp.a(altera_avalon_jtag_uart_read.o)
 .debug_line    0x0000000000000657       0xf4 ../niosIP_bsp//libhal_bsp.a(altera_avalon_jtag_uart_write.o)
 .debug_line    0x000000000000074b       0xa2 ../niosIP_bsp//libhal_bsp.a(alt_busy_sleep.o)
 .debug_line    0x00000000000007ed      0x173 ../niosIP_bsp//libhal_bsp.a(alt_close.o)
 .debug_line    0x0000000000000960       0x51 ../niosIP_bsp//libhal_bsp.a(alt_dcache_flush_all.o)
 .debug_line    0x00000000000009b1      0x106 ../niosIP_bsp//libhal_bsp.a(alt_dev.o)
 .debug_line    0x0000000000000ab7       0xcf ../niosIP_bsp//libhal_bsp.a(alt_dev_llist_insert.o)
 .debug_line    0x0000000000000b86       0x59 ../niosIP_bsp//libhal_bsp.a(alt_do_ctors.o)
 .debug_line    0x0000000000000bdf       0x59 ../niosIP_bsp//libhal_bsp.a(alt_do_dtors.o)
 .debug_line    0x0000000000000c38       0x51 ../niosIP_bsp//libhal_bsp.a(alt_errno.o)
 .debug_line    0x0000000000000c89       0x4f ../niosIP_bsp//libhal_bsp.a(alt_icache_flush_all.o)
 .debug_line    0x0000000000000cd8      0x143 ../niosIP_bsp//libhal_bsp.a(alt_io_redirect.o)
 .debug_line    0x0000000000000e1b      0x12b ../niosIP_bsp//libhal_bsp.a(alt_open.o)
 .debug_line    0x0000000000000f46       0xb0 ../niosIP_bsp//libhal_bsp.a(alt_release_fd.o)
 .debug_line    0x0000000000000ff6       0x51 ../niosIP_bsp//libhal_bsp.a(altera_nios2_gen2_irq.o)
 .debug_line    0x0000000000001047       0xb5 ../niosIP_bsp//libhal_bsp.a(alt_find_dev.o)
 .debug_line    0x00000000000010fc       0xd1 ../niosIP_bsp//libhal_bsp.a(alt_find_file.o)
 .debug_line    0x00000000000011cd       0xd7 ../niosIP_bsp//libhal_bsp.a(alt_get_fd.o)
 .debug_line    0x00000000000012a4       0xe7 /home/pedrolpfbf/intelFPGA/18.1/nios2eds/bin/gnu/H-x86_64-pc-linux-gnu/bin/../lib/gcc/nios2-elf/5.3.0/../../../../../H-x86_64-pc-linux-gnu/nios2-elf/lib/mno-hw-mul/libc.a(lib_a-atexit.o)
 .debug_line    0x000000000000138b      0x1fc /home/pedrolpfbf/intelFPGA/18.1/nios2eds/bin/gnu/H-x86_64-pc-linux-gnu/bin/../lib/gcc/nios2-elf/5.3.0/../../../../../H-x86_64-pc-linux-gnu/nios2-elf/lib/mno-hw-mul/libc.a(lib_a-exit.o)
 .debug_line    0x0000000000001587      0x160 /home/pedrolpfbf/intelFPGA/18.1/nios2eds/bin/gnu/H-x86_64-pc-linux-gnu/bin/../lib/gcc/nios2-elf/5.3.0/../../../../../H-x86_64-pc-linux-gnu/nios2-elf/lib/mno-hw-mul/libc.a(lib_a-impure.o)
 .debug_line    0x00000000000016e7       0x5f /home/pedrolpfbf/intelFPGA/18.1/nios2eds/bin/gnu/H-x86_64-pc-linux-gnu/bin/../lib/gcc/nios2-elf/5.3.0/../../../../../H-x86_64-pc-linux-gnu/nios2-elf/lib/mno-hw-mul/libc.a(lib_a-int_errno.o)
 .debug_line    0x0000000000001746      0x176 /home/pedrolpfbf/intelFPGA/18.1/nios2eds/bin/gnu/H-x86_64-pc-linux-gnu/bin/../lib/gcc/nios2-elf/5.3.0/../../../../../H-x86_64-pc-linux-gnu/nios2-elf/lib/mno-hw-mul/libc.a(lib_a-memcmp.o)
 .debug_line    0x00000000000018bc      0x16f /home/pedrolpfbf/intelFPGA/18.1/nios2eds/bin/gnu/H-x86_64-pc-linux-gnu/bin/../lib/gcc/nios2-elf/5.3.0/../../../../../H-x86_64-pc-linux-gnu/nios2-elf/lib/mno-hw-mul/libc.a(lib_a-strlen.o)
 .debug_line    0x0000000000001a2b      0x21f /home/pedrolpfbf/intelFPGA/18.1/nios2eds/bin/gnu/H-x86_64-pc-linux-gnu/bin/../lib/gcc/nios2-elf/5.3.0/../../../../../H-x86_64-pc-linux-gnu/nios2-elf/lib/mno-hw-mul/libc.a(lib_a-__atexit.o)
 .debug_line    0x0000000000001c4a      0x23a /home/pedrolpfbf/intelFPGA/18.1/nios2eds/bin/gnu/H-x86_64-pc-linux-gnu/bin/../lib/gcc/nios2-elf/5.3.0/../../../../../H-x86_64-pc-linux-gnu/nios2-elf/lib/mno-hw-mul/libc.a(lib_a-__call_atexit.o)
 .debug_line    0x0000000000001e84      0x105 /home/pedrolpfbf/intelFPGA/18.1/nios2eds/bin/gnu/H-x86_64-pc-linux-gnu/bin/../lib/gcc/nios2-elf/5.3.0/mno-hw-mul/libgcc.a(lib2-divmod.o)
 .debug_line    0x0000000000001f89       0x80 /home/pedrolpfbf/intelFPGA/18.1/nios2eds/bin/gnu/H-x86_64-pc-linux-gnu/bin/../lib/gcc/nios2-elf/5.3.0/mno-hw-mul/libgcc.a(lib2-mul.o)
 .debug_line    0x0000000000002009       0x71 ../niosIP_bsp//libhal_bsp.a(alt_exit.o)

.debug_frame    0x0000000000000000      0x868
 *(.debug_frame)
 .debug_frame   0x0000000000000000       0x98 obj/default/hello_world.o
 .debug_frame   0x0000000000000098       0x5c ../niosIP_bsp//libhal_bsp.a(alt_load.o)
 .debug_frame   0x00000000000000f4       0x2c ../niosIP_bsp//libhal_bsp.a(alt_main.o)
 .debug_frame   0x0000000000000120       0x38 ../niosIP_bsp//libhal_bsp.a(alt_usleep.o)
 .debug_frame   0x0000000000000158       0x88 ../niosIP_bsp//libhal_bsp.a(alt_sys_init.o)
 .debug_frame   0x00000000000001e0       0x60 ../niosIP_bsp//libhal_bsp.a(altera_avalon_jtag_uart_fd.o)
 .debug_frame   0x0000000000000240       0x34 ../niosIP_bsp//libhal_bsp.a(altera_avalon_jtag_uart_read.o)
 .debug_frame   0x0000000000000274       0x34 ../niosIP_bsp//libhal_bsp.a(altera_avalon_jtag_uart_write.o)
 .debug_frame   0x00000000000002a8       0x38 ../niosIP_bsp//libhal_bsp.a(alt_busy_sleep.o)
 .debug_frame   0x00000000000002e0       0x60 ../niosIP_bsp//libhal_bsp.a(alt_close.o)
 .debug_frame   0x0000000000000340       0x34 ../niosIP_bsp//libhal_bsp.a(alt_dcache_flush_all.o)
 .debug_frame   0x0000000000000374       0x34 ../niosIP_bsp//libhal_bsp.a(alt_dev.o)
 .debug_frame   0x00000000000003a8       0x60 ../niosIP_bsp//libhal_bsp.a(alt_dev_llist_insert.o)
 .debug_frame   0x0000000000000408       0x38 ../niosIP_bsp//libhal_bsp.a(alt_do_ctors.o)
 .debug_frame   0x0000000000000440       0x38 ../niosIP_bsp//libhal_bsp.a(alt_do_dtors.o)
 .debug_frame   0x0000000000000478       0x34 ../niosIP_bsp//libhal_bsp.a(alt_icache_flush_all.o)
 .debug_frame   0x00000000000004ac       0x64 ../niosIP_bsp//libhal_bsp.a(alt_io_redirect.o)
 .debug_frame   0x0000000000000510       0x8c ../niosIP_bsp//libhal_bsp.a(alt_open.o)
 .debug_frame   0x000000000000059c       0x3c ../niosIP_bsp//libhal_bsp.a(alt_release_fd.o)
 .debug_frame   0x00000000000005d8       0x34 ../niosIP_bsp//libhal_bsp.a(altera_nios2_gen2_irq.o)
 .debug_frame   0x000000000000060c       0x38 ../niosIP_bsp//libhal_bsp.a(alt_find_dev.o)
 .debug_frame   0x0000000000000644       0x38 ../niosIP_bsp//libhal_bsp.a(alt_find_file.o)
 .debug_frame   0x000000000000067c       0x3c ../niosIP_bsp//libhal_bsp.a(alt_get_fd.o)
 .debug_frame   0x00000000000006b8       0x20 /home/pedrolpfbf/intelFPGA/18.1/nios2eds/bin/gnu/H-x86_64-pc-linux-gnu/bin/../lib/gcc/nios2-elf/5.3.0/../../../../../H-x86_64-pc-linux-gnu/nios2-elf/lib/mno-hw-mul/libc.a(lib_a-atexit.o)
 .debug_frame   0x00000000000006d8       0x28 /home/pedrolpfbf/intelFPGA/18.1/nios2eds/bin/gnu/H-x86_64-pc-linux-gnu/bin/../lib/gcc/nios2-elf/5.3.0/../../../../../H-x86_64-pc-linux-gnu/nios2-elf/lib/mno-hw-mul/libc.a(lib_a-exit.o)
 .debug_frame   0x0000000000000700       0x20 /home/pedrolpfbf/intelFPGA/18.1/nios2eds/bin/gnu/H-x86_64-pc-linux-gnu/bin/../lib/gcc/nios2-elf/5.3.0/../../../../../H-x86_64-pc-linux-gnu/nios2-elf/lib/mno-hw-mul/libc.a(lib_a-memcmp.o)
 .debug_frame   0x0000000000000720       0x20 /home/pedrolpfbf/intelFPGA/18.1/nios2eds/bin/gnu/H-x86_64-pc-linux-gnu/bin/../lib/gcc/nios2-elf/5.3.0/../../../../../H-x86_64-pc-linux-gnu/nios2-elf/lib/mno-hw-mul/libc.a(lib_a-strlen.o)
 .debug_frame   0x0000000000000740       0x38 /home/pedrolpfbf/intelFPGA/18.1/nios2eds/bin/gnu/H-x86_64-pc-linux-gnu/bin/../lib/gcc/nios2-elf/5.3.0/../../../../../H-x86_64-pc-linux-gnu/nios2-elf/lib/mno-hw-mul/libc.a(lib_a-__atexit.o)
 .debug_frame   0x0000000000000778       0x54 /home/pedrolpfbf/intelFPGA/18.1/nios2eds/bin/gnu/H-x86_64-pc-linux-gnu/bin/../lib/gcc/nios2-elf/5.3.0/../../../../../H-x86_64-pc-linux-gnu/nios2-elf/lib/mno-hw-mul/libc.a(lib_a-__call_atexit.o)
 .debug_frame   0x00000000000007cc       0x50 /home/pedrolpfbf/intelFPGA/18.1/nios2eds/bin/gnu/H-x86_64-pc-linux-gnu/bin/../lib/gcc/nios2-elf/5.3.0/mno-hw-mul/libgcc.a(lib2-divmod.o)
 .debug_frame   0x000000000000081c       0x20 /home/pedrolpfbf/intelFPGA/18.1/nios2eds/bin/gnu/H-x86_64-pc-linux-gnu/bin/../lib/gcc/nios2-elf/5.3.0/mno-hw-mul/libgcc.a(lib2-mul.o)
 .debug_frame   0x000000000000083c       0x2c ../niosIP_bsp//libhal_bsp.a(alt_exit.o)

.debug_str      0x0000000000000000     0x13e6
 *(.debug_str)
 .debug_str     0x0000000000000000      0x146 obj/default/hello_world.o
                                        0x18a (size before relaxing)
 .debug_str     0x0000000000000146      0x137 ../niosIP_bsp//libhal_bsp.a(alt_load.o)
                                        0x21e (size before relaxing)
 .debug_str     0x000000000000027d       0x70 ../niosIP_bsp//libhal_bsp.a(alt_main.o)
                                        0x1a9 (size before relaxing)
 .debug_str     0x00000000000002ed       0x20 ../niosIP_bsp//libhal_bsp.a(alt_usleep.o)
                                        0x154 (size before relaxing)
 .debug_str     0x000000000000030d      0x153 ../niosIP_bsp//libhal_bsp.a(alt_sys_init.o)
                                        0x2e0 (size before relaxing)
 .debug_str     0x0000000000000460       0x77 ../niosIP_bsp//libhal_bsp.a(altera_avalon_jtag_uart_fd.o)
                                        0x2e1 (size before relaxing)
 .debug_str     0x00000000000004d7       0x48 ../niosIP_bsp//libhal_bsp.a(altera_avalon_jtag_uart_read.o)
                                        0x22b (size before relaxing)
 .debug_str     0x000000000000051f       0x4a ../niosIP_bsp//libhal_bsp.a(altera_avalon_jtag_uart_write.o)
                                        0x221 (size before relaxing)
 .debug_str     0x0000000000000569       0x42 ../niosIP_bsp//libhal_bsp.a(alt_busy_sleep.o)
                                        0x177 (size before relaxing)
 .debug_str     0x00000000000005ab       0x44 ../niosIP_bsp//libhal_bsp.a(alt_close.o)
                                        0x217 (size before relaxing)
 .debug_str     0x00000000000005ef       0x34 ../niosIP_bsp//libhal_bsp.a(alt_dcache_flush_all.o)
                                        0x161 (size before relaxing)
 .debug_str     0x0000000000000623      0x120 ../niosIP_bsp//libhal_bsp.a(alt_dev.o)
                                        0x311 (size before relaxing)
 .debug_str     0x0000000000000743       0x4b ../niosIP_bsp//libhal_bsp.a(alt_dev_llist_insert.o)
                                        0x1d8 (size before relaxing)
 .debug_str     0x000000000000078e       0x48 ../niosIP_bsp//libhal_bsp.a(alt_do_ctors.o)
                                         0xdc (size before relaxing)
 .debug_str     0x00000000000007d6       0x4c ../niosIP_bsp//libhal_bsp.a(alt_do_dtors.o)
                                         0xdb (size before relaxing)
 .debug_str     0x0000000000000822       0x14 ../niosIP_bsp//libhal_bsp.a(alt_errno.o)
                                        0x151 (size before relaxing)
 .debug_str     0x0000000000000836       0x34 ../niosIP_bsp//libhal_bsp.a(alt_icache_flush_all.o)
                                        0x161 (size before relaxing)
 .debug_str     0x000000000000086a       0x56 ../niosIP_bsp//libhal_bsp.a(alt_io_redirect.o)
                                        0x322 (size before relaxing)
 .debug_str     0x00000000000008c0       0x36 ../niosIP_bsp//libhal_bsp.a(alt_open.o)
                                        0x257 (size before relaxing)
 .debug_str     0x00000000000008f6       0x28 ../niosIP_bsp//libhal_bsp.a(alt_release_fd.o)
                                        0x1df (size before relaxing)
 .debug_str     0x000000000000091e       0x3b ../niosIP_bsp//libhal_bsp.a(altera_nios2_gen2_irq.o)
                                        0x168 (size before relaxing)
 .debug_str     0x0000000000000959       0x24 ../niosIP_bsp//libhal_bsp.a(alt_find_dev.o)
                                        0x1f8 (size before relaxing)
 .debug_str     0x000000000000097d       0x26 ../niosIP_bsp//libhal_bsp.a(alt_find_file.o)
                                        0x206 (size before relaxing)
 .debug_str     0x00000000000009a3       0x30 ../niosIP_bsp//libhal_bsp.a(alt_get_fd.o)
                                        0x228 (size before relaxing)
 .debug_str     0x00000000000009d3      0x17d /home/pedrolpfbf/intelFPGA/18.1/nios2eds/bin/gnu/H-x86_64-pc-linux-gnu/bin/../lib/gcc/nios2-elf/5.3.0/../../../../../H-x86_64-pc-linux-gnu/nios2-elf/lib/mno-hw-mul/libc.a(lib_a-atexit.o)
                                        0x222 (size before relaxing)
 .debug_str     0x0000000000000b50      0x3be /home/pedrolpfbf/intelFPGA/18.1/nios2eds/bin/gnu/H-x86_64-pc-linux-gnu/bin/../lib/gcc/nios2-elf/5.3.0/../../../../../H-x86_64-pc-linux-gnu/nios2-elf/lib/mno-hw-mul/libc.a(lib_a-exit.o)
                                        0x5bf (size before relaxing)
 .debug_str     0x0000000000000f0e       0xd7 /home/pedrolpfbf/intelFPGA/18.1/nios2eds/bin/gnu/H-x86_64-pc-linux-gnu/bin/../lib/gcc/nios2-elf/5.3.0/../../../../../H-x86_64-pc-linux-gnu/nios2-elf/lib/mno-hw-mul/libc.a(lib_a-impure.o)
                                        0x5b6 (size before relaxing)
 .debug_str     0x0000000000000fe5       0x3f /home/pedrolpfbf/intelFPGA/18.1/nios2eds/bin/gnu/H-x86_64-pc-linux-gnu/bin/../lib/gcc/nios2-elf/5.3.0/../../../../../H-x86_64-pc-linux-gnu/nios2-elf/lib/mno-hw-mul/libc.a(lib_a-int_errno.o)
                                        0x1de (size before relaxing)
 .debug_str     0x0000000000001024       0xdb /home/pedrolpfbf/intelFPGA/18.1/nios2eds/bin/gnu/H-x86_64-pc-linux-gnu/bin/../lib/gcc/nios2-elf/5.3.0/../../../../../H-x86_64-pc-linux-gnu/nios2-elf/lib/mno-hw-mul/libc.a(lib_a-memcmp.o)
                                        0x1e5 (size before relaxing)
 .debug_str     0x00000000000010ff       0x51 /home/pedrolpfbf/intelFPGA/18.1/nios2eds/bin/gnu/H-x86_64-pc-linux-gnu/bin/../lib/gcc/nios2-elf/5.3.0/../../../../../H-x86_64-pc-linux-gnu/nios2-elf/lib/mno-hw-mul/libc.a(lib_a-strlen.o)
                                        0x1f8 (size before relaxing)
 .debug_str     0x0000000000001150       0x3f /home/pedrolpfbf/intelFPGA/18.1/nios2eds/bin/gnu/H-x86_64-pc-linux-gnu/bin/../lib/gcc/nios2-elf/5.3.0/../../../../../H-x86_64-pc-linux-gnu/nios2-elf/lib/mno-hw-mul/libc.a(lib_a-__atexit.o)
                                        0x5f7 (size before relaxing)
 .debug_str     0x000000000000118f       0x65 /home/pedrolpfbf/intelFPGA/18.1/nios2eds/bin/gnu/H-x86_64-pc-linux-gnu/bin/../lib/gcc/nios2-elf/5.3.0/../../../../../H-x86_64-pc-linux-gnu/nios2-elf/lib/mno-hw-mul/libc.a(lib_a-__call_atexit.o)
                                        0x5e3 (size before relaxing)
 .debug_str     0x00000000000011f4      0x188 /home/pedrolpfbf/intelFPGA/18.1/nios2eds/bin/gnu/H-x86_64-pc-linux-gnu/bin/../lib/gcc/nios2-elf/5.3.0/mno-hw-mul/libgcc.a(lib2-divmod.o)
                                        0x1d3 (size before relaxing)
 .debug_str     0x000000000000137c       0x40 /home/pedrolpfbf/intelFPGA/18.1/nios2eds/bin/gnu/H-x86_64-pc-linux-gnu/bin/../lib/gcc/nios2-elf/5.3.0/mno-hw-mul/libgcc.a(lib2-mul.o)
                                        0x194 (size before relaxing)
 .debug_str     0x00000000000013bc       0x2a ../niosIP_bsp//libhal_bsp.a(alt_exit.o)
                                        0x15d (size before relaxing)

.debug_loc      0x0000000000000000      0xa6b
 *(.debug_loc)
 .debug_loc     0x0000000000000000       0x2c /home/pedrolpfbf/intelFPGA/18.1/nios2eds/bin/gnu/H-x86_64-pc-linux-gnu/bin/../lib/gcc/nios2-elf/5.3.0/../../../../../H-x86_64-pc-linux-gnu/nios2-elf/lib/mno-hw-mul/libc.a(lib_a-atexit.o)
 .debug_loc     0x000000000000002c       0x1e /home/pedrolpfbf/intelFPGA/18.1/nios2eds/bin/gnu/H-x86_64-pc-linux-gnu/bin/../lib/gcc/nios2-elf/5.3.0/../../../../../H-x86_64-pc-linux-gnu/nios2-elf/lib/mno-hw-mul/libc.a(lib_a-exit.o)
 .debug_loc     0x000000000000004a      0x126 /home/pedrolpfbf/intelFPGA/18.1/nios2eds/bin/gnu/H-x86_64-pc-linux-gnu/bin/../lib/gcc/nios2-elf/5.3.0/../../../../../H-x86_64-pc-linux-gnu/nios2-elf/lib/mno-hw-mul/libc.a(lib_a-memcmp.o)
 .debug_loc     0x0000000000000170       0x47 /home/pedrolpfbf/intelFPGA/18.1/nios2eds/bin/gnu/H-x86_64-pc-linux-gnu/bin/../lib/gcc/nios2-elf/5.3.0/../../../../../H-x86_64-pc-linux-gnu/nios2-elf/lib/mno-hw-mul/libc.a(lib_a-strlen.o)
 .debug_loc     0x00000000000001b7      0x185 /home/pedrolpfbf/intelFPGA/18.1/nios2eds/bin/gnu/H-x86_64-pc-linux-gnu/bin/../lib/gcc/nios2-elf/5.3.0/../../../../../H-x86_64-pc-linux-gnu/nios2-elf/lib/mno-hw-mul/libc.a(lib_a-__atexit.o)
 .debug_loc     0x000000000000033c      0x1ce /home/pedrolpfbf/intelFPGA/18.1/nios2eds/bin/gnu/H-x86_64-pc-linux-gnu/bin/../lib/gcc/nios2-elf/5.3.0/../../../../../H-x86_64-pc-linux-gnu/nios2-elf/lib/mno-hw-mul/libc.a(lib_a-__call_atexit.o)
 .debug_loc     0x000000000000050a      0x4ce /home/pedrolpfbf/intelFPGA/18.1/nios2eds/bin/gnu/H-x86_64-pc-linux-gnu/bin/../lib/gcc/nios2-elf/5.3.0/mno-hw-mul/libgcc.a(lib2-divmod.o)
 .debug_loc     0x00000000000009d8       0x93 /home/pedrolpfbf/intelFPGA/18.1/nios2eds/bin/gnu/H-x86_64-pc-linux-gnu/bin/../lib/gcc/nios2-elf/5.3.0/mno-hw-mul/libgcc.a(lib2-mul.o)

.debug_macinfo
 *(.debug_macinfo)

.debug_weaknames
 *(.debug_weaknames)

.debug_funcnames
 *(.debug_funcnames)

.debug_typenames
 *(.debug_typenames)

.debug_varnames
 *(.debug_varnames)

.debug_alt_sim_info
                0x0000000000000000       0x40
 *(.debug_alt_sim_info)
 .debug_alt_sim_info
                0x0000000000000000       0x10 ../niosIP_bsp//obj/HAL/src/crt0.o
 .debug_alt_sim_info
                0x0000000000000010       0x30 ../niosIP_bsp//libhal_bsp.a(alt_busy_sleep.o)
                0x0000000000010000                __alt_data_end = 0x10000
                0x0000000000010000                PROVIDE (__alt_stack_pointer, __alt_data_end)
                [!provide]                        PROVIDE (__alt_stack_limit, __alt_stack_base)
                [!provide]                        PROVIDE (__alt_heap_start, end)
                [!provide]                        PROVIDE (__alt_heap_limit, 0x10000)
OUTPUT(niosIP.elf elf32-littlenios2)

.debug_ranges   0x0000000000000000      0x118
 .debug_ranges  0x0000000000000000       0x20 ../niosIP_bsp//obj/HAL/src/crt0.o
 .debug_ranges  0x0000000000000020       0x18 ../niosIP_bsp//libhal_bsp.a(altera_avalon_jtag_uart_read.o)
 .debug_ranges  0x0000000000000038       0x10 /home/pedrolpfbf/intelFPGA/18.1/nios2eds/bin/gnu/H-x86_64-pc-linux-gnu/bin/../lib/gcc/nios2-elf/5.3.0/../../../../../H-x86_64-pc-linux-gnu/nios2-elf/lib/mno-hw-mul/libc.a(lib_a-atexit.o)
 .debug_ranges  0x0000000000000048       0x10 /home/pedrolpfbf/intelFPGA/18.1/nios2eds/bin/gnu/H-x86_64-pc-linux-gnu/bin/../lib/gcc/nios2-elf/5.3.0/../../../../../H-x86_64-pc-linux-gnu/nios2-elf/lib/mno-hw-mul/libc.a(lib_a-exit.o)
 .debug_ranges  0x0000000000000058       0x10 /home/pedrolpfbf/intelFPGA/18.1/nios2eds/bin/gnu/H-x86_64-pc-linux-gnu/bin/../lib/gcc/nios2-elf/5.3.0/../../../../../H-x86_64-pc-linux-gnu/nios2-elf/lib/mno-hw-mul/libc.a(lib_a-memcmp.o)
 .debug_ranges  0x0000000000000068       0x10 /home/pedrolpfbf/intelFPGA/18.1/nios2eds/bin/gnu/H-x86_64-pc-linux-gnu/bin/../lib/gcc/nios2-elf/5.3.0/../../../../../H-x86_64-pc-linux-gnu/nios2-elf/lib/mno-hw-mul/libc.a(lib_a-strlen.o)
 .debug_ranges  0x0000000000000078       0x10 /home/pedrolpfbf/intelFPGA/18.1/nios2eds/bin/gnu/H-x86_64-pc-linux-gnu/bin/../lib/gcc/nios2-elf/5.3.0/../../../../../H-x86_64-pc-linux-gnu/nios2-elf/lib/mno-hw-mul/libc.a(lib_a-__atexit.o)
 .debug_ranges  0x0000000000000088       0x30 /home/pedrolpfbf/intelFPGA/18.1/nios2eds/bin/gnu/H-x86_64-pc-linux-gnu/bin/../lib/gcc/nios2-elf/5.3.0/../../../../../H-x86_64-pc-linux-gnu/nios2-elf/lib/mno-hw-mul/libc.a(lib_a-__call_atexit.o)
 .debug_ranges  0x00000000000000b8       0x60 /home/pedrolpfbf/intelFPGA/18.1/nios2eds/bin/gnu/H-x86_64-pc-linux-gnu/bin/../lib/gcc/nios2-elf/5.3.0/mno-hw-mul/libgcc.a(lib2-divmod.o)
