Archive member included to satisfy reference by file (symbol)

../niosIP_bsp//libhal_bsp.a(alt_load.o)
                              ../niosIP_bsp//obj/HAL/src/crt0.o (alt_load)
../niosIP_bsp//libhal_bsp.a(alt_main.o)
                              ../niosIP_bsp//obj/HAL/src/crt0.o (alt_main)
../niosIP_bsp//libhal_bsp.a(alt_usleep.o)
                              obj/default/hello_world.o (usleep)
../niosIP_bsp//libhal_bsp.a(alt_sys_init.o)
                              ../niosIP_bsp//libhal_bsp.a(alt_main.o) (alt_irq_init)
../niosIP_bsp//libhal_bsp.a(altera_avalon_jtag_uart_fd.o)
                              ../niosIP_bsp//libhal_bsp.a(alt_sys_init.o) (altera_avalon_jtag_uart_read_fd)
../niosIP_bsp//libhal_bsp.a(altera_avalon_jtag_uart_read.o)
                              ../niosIP_bsp//libhal_bsp.a(altera_avalon_jtag_uart_fd.o) (altera_avalon_jtag_uart_read)
../niosIP_bsp//libhal_bsp.a(altera_avalon_jtag_uart_write.o)
                              ../niosIP_bsp//libhal_bsp.a(altera_avalon_jtag_uart_fd.o) (altera_avalon_jtag_uart_write)
../niosIP_bsp//libhal_bsp.a(alt_busy_sleep.o)
                              ../niosIP_bsp//libhal_bsp.a(alt_usleep.o) (alt_busy_sleep)
../niosIP_bsp//libhal_bsp.a(alt_close.o)
                              ../niosIP_bsp//libhal_bsp.a(alt_main.o) (close)
../niosIP_bsp//libhal_bsp.a(alt_dcache_flush_all.o)
                              ../niosIP_bsp//libhal_bsp.a(alt_load.o) (alt_dcache_flush_all)
../niosIP_bsp//libhal_bsp.a(alt_dev.o)
                              ../niosIP_bsp//libhal_bsp.a(alt_sys_init.o) (alt_dev_list)
../niosIP_bsp//libhal_bsp.a(alt_dev_llist_insert.o)
                              ../niosIP_bsp//libhal_bsp.a(alt_sys_init.o) (alt_dev_llist_insert)
../niosIP_bsp//libhal_bsp.a(alt_do_ctors.o)
                              ../niosIP_bsp//libhal_bsp.a(alt_main.o) (_do_ctors)
../niosIP_bsp//libhal_bsp.a(alt_do_dtors.o)
                              ../niosIP_bsp//libhal_bsp.a(alt_main.o) (_do_dtors)
../niosIP_bsp//libhal_bsp.a(alt_errno.o)
                              ../niosIP_bsp//libhal_bsp.a(alt_close.o) (alt_errno)
../niosIP_bsp//libhal_bsp.a(alt_icache_flush_all.o)
                              ../niosIP_bsp//libhal_bsp.a(alt_load.o) (alt_icache_flush_all)
../niosIP_bsp//libhal_bsp.a(alt_io_redirect.o)
                              ../niosIP_bsp//libhal_bsp.a(alt_main.o) (alt_io_redirect)
../niosIP_bsp//libhal_bsp.a(alt_open.o)
                              ../niosIP_bsp//libhal_bsp.a(alt_io_redirect.o) (open)
../niosIP_bsp//libhal_bsp.a(alt_release_fd.o)
                              ../niosIP_bsp//libhal_bsp.a(alt_close.o) (alt_release_fd)
../niosIP_bsp//libhal_bsp.a(altera_nios2_gen2_irq.o)
                              ../niosIP_bsp//libhal_bsp.a(alt_sys_init.o) (altera_nios2_gen2_irq_init)
../niosIP_bsp//libhal_bsp.a(alt_find_dev.o)
                              ../niosIP_bsp//libhal_bsp.a(alt_open.o) (alt_find_dev)
../niosIP_bsp//libhal_bsp.a(alt_find_file.o)
                              ../niosIP_bsp//libhal_bsp.a(alt_open.o) (alt_find_file)
../niosIP_bsp//libhal_bsp.a(alt_get_fd.o)
                              ../niosIP_bsp//libhal_bsp.a(alt_open.o) (alt_get_fd)
/home/pedrolpfbf/intelFPGA/18.1/nios2eds/bin/gnu/H-x86_64-pc-linux-gnu/bin/../lib/gcc/nios2-elf/5.3.0/../../../../../H-x86_64-pc-linux-gnu/nios2-elf/lib/mno-hw-mul/libsmallc.a(lib_a-atexit.o)
                              ../niosIP_bsp//libhal_bsp.a(alt_main.o) (atexit)
/home/pedrolpfbf/intelFPGA/18.1/nios2eds/bin/gnu/H-x86_64-pc-linux-gnu/bin/../lib/gcc/nios2-elf/5.3.0/../../../../../H-x86_64-pc-linux-gnu/nios2-elf/lib/mno-hw-mul/libsmallc.a(lib_a-exit.o)
                              ../niosIP_bsp//libhal_bsp.a(alt_main.o) (exit)
/home/pedrolpfbf/intelFPGA/18.1/nios2eds/bin/gnu/H-x86_64-pc-linux-gnu/bin/../lib/gcc/nios2-elf/5.3.0/../../../../../H-x86_64-pc-linux-gnu/nios2-elf/lib/mno-hw-mul/libsmallc.a(lib_a-int_errno.o)
                              ../niosIP_bsp//libhal_bsp.a(alt_close.o) (errno)
/home/pedrolpfbf/intelFPGA/18.1/nios2eds/bin/gnu/H-x86_64-pc-linux-gnu/bin/../lib/gcc/nios2-elf/5.3.0/../../../../../H-x86_64-pc-linux-gnu/nios2-elf/lib/mno-hw-mul/libsmallc.a(lib_a-memcmp.o)
                              ../niosIP_bsp//libhal_bsp.a(alt_find_dev.o) (memcmp)
/home/pedrolpfbf/intelFPGA/18.1/nios2eds/bin/gnu/H-x86_64-pc-linux-gnu/bin/../lib/gcc/nios2-elf/5.3.0/../../../../../H-x86_64-pc-linux-gnu/nios2-elf/lib/mno-hw-mul/libsmallc.a(lib_a-strlen.o)
                              ../niosIP_bsp//libhal_bsp.a(alt_find_dev.o) (strlen)
/home/pedrolpfbf/intelFPGA/18.1/nios2eds/bin/gnu/H-x86_64-pc-linux-gnu/bin/../lib/gcc/nios2-elf/5.3.0/../../../../../H-x86_64-pc-linux-gnu/nios2-elf/lib/mno-hw-mul/libsmallc.a(lib_a-__atexit.o)
                              /home/pedrolpfbf/intelFPGA/18.1/nios2eds/bin/gnu/H-x86_64-pc-linux-gnu/bin/../lib/gcc/nios2-elf/5.3.0/../../../../../H-x86_64-pc-linux-gnu/nios2-elf/lib/mno-hw-mul/libsmallc.a(lib_a-atexit.o) (__register_exitproc)
/home/pedrolpfbf/intelFPGA/18.1/nios2eds/bin/gnu/H-x86_64-pc-linux-gnu/bin/../lib/gcc/nios2-elf/5.3.0/../../../../../H-x86_64-pc-linux-gnu/nios2-elf/lib/mno-hw-mul/libsmallc.a(lib_a-__call_atexit.o)
                              /home/pedrolpfbf/intelFPGA/18.1/nios2eds/bin/gnu/H-x86_64-pc-linux-gnu/bin/../lib/gcc/nios2-elf/5.3.0/../../../../../H-x86_64-pc-linux-gnu/nios2-elf/lib/mno-hw-mul/libsmallc.a(lib_a-exit.o) (__call_exitprocs)
/home/pedrolpfbf/intelFPGA/18.1/nios2eds/bin/gnu/H-x86_64-pc-linux-gnu/bin/../lib/gcc/nios2-elf/5.3.0/../../../../../H-x86_64-pc-linux-gnu/nios2-elf/lib/mno-hw-mul/libsmallc.a(lib_a-impure.o)
                              /home/pedrolpfbf/intelFPGA/18.1/nios2eds/bin/gnu/H-x86_64-pc-linux-gnu/bin/../lib/gcc/nios2-elf/5.3.0/../../../../../H-x86_64-pc-linux-gnu/nios2-elf/lib/mno-hw-mul/libsmallc.a(lib_a-__atexit.o) (_global_impure_ptr)
/home/pedrolpfbf/intelFPGA/18.1/nios2eds/bin/gnu/H-x86_64-pc-linux-gnu/bin/../lib/gcc/nios2-elf/5.3.0/mno-hw-mul/libgcc.a(lib2-mul.o)
                              ../niosIP_bsp//libhal_bsp.a(alt_close.o) (__mulsi3)
../niosIP_bsp//libhal_bsp.a(alt_exit.o)
                              /home/pedrolpfbf/intelFPGA/18.1/nios2eds/bin/gnu/H-x86_64-pc-linux-gnu/bin/../lib/gcc/nios2-elf/5.3.0/../../../../../H-x86_64-pc-linux-gnu/nios2-elf/lib/mno-hw-mul/libsmallc.a(lib_a-exit.o) (_exit)

Allocating common symbols
Common symbol       size              file

errno               0x4               /home/pedrolpfbf/intelFPGA/18.1/nios2eds/bin/gnu/H-x86_64-pc-linux-gnu/bin/../lib/gcc/nios2-elf/5.3.0/../../../../../H-x86_64-pc-linux-gnu/nios2-elf/lib/mno-hw-mul/libsmallc.a(lib_a-int_errno.o)

Memory Configuration

Name             Origin             Length             Attributes
reset            0x0000000000008000 0x0000000000000020
onchip_memory2_0 0x0000000000008020 0x0000000000007fe0
*default*        0x0000000000000000 0xffffffffffffffff

Linker script and memory map

LOAD ../niosIP_bsp//obj/HAL/src/crt0.o
LOAD obj/default/hello_world.o
LOAD /home/pedrolpfbf/intelFPGA/18.1/nios2eds/bin/gnu/H-x86_64-pc-linux-gnu/bin/../lib/gcc/nios2-elf/5.3.0/../../../../../H-x86_64-pc-linux-gnu/nios2-elf/lib/mno-hw-mul/libstdc++.a
LOAD /home/pedrolpfbf/intelFPGA/18.1/nios2eds/bin/gnu/H-x86_64-pc-linux-gnu/bin/../lib/gcc/nios2-elf/5.3.0/../../../../../H-x86_64-pc-linux-gnu/nios2-elf/lib/mno-hw-mul/libm.a
LOAD /home/pedrolpfbf/intelFPGA/18.1/nios2eds/bin/gnu/H-x86_64-pc-linux-gnu/bin/../lib/gcc/nios2-elf/5.3.0/mno-hw-mul/libgcc.a
START GROUP
LOAD /home/pedrolpfbf/intelFPGA/18.1/nios2eds/bin/gnu/H-x86_64-pc-linux-gnu/bin/../lib/gcc/nios2-elf/5.3.0/../../../../../H-x86_64-pc-linux-gnu/nios2-elf/lib/mno-hw-mul/libsmallc.a
LOAD /home/pedrolpfbf/intelFPGA/18.1/nios2eds/bin/gnu/H-x86_64-pc-linux-gnu/bin/../lib/gcc/nios2-elf/5.3.0/mno-hw-mul/libgcc.a
LOAD ../niosIP_bsp//libhal_bsp.a
LOAD /home/pedrolpfbf/intelFPGA/18.1/nios2eds/bin/gnu/H-x86_64-pc-linux-gnu/bin/../lib/gcc/nios2-elf/5.3.0/../../../../../H-x86_64-pc-linux-gnu/nios2-elf/lib/mno-hw-mul/libm.a
END GROUP
LOAD /home/pedrolpfbf/intelFPGA/18.1/nios2eds/bin/gnu/H-x86_64-pc-linux-gnu/bin/../lib/gcc/nios2-elf/5.3.0/mno-hw-mul/libgcc.a
                0x0000000000008000                __alt_mem_onchip_memory2_0 = 0x8000

.entry          0x0000000000008000       0x20
 *(.entry)
 .entry         0x0000000000008000       0x20 ../niosIP_bsp//obj/HAL/src/crt0.o
                0x0000000000008000                __reset

.exceptions     0x0000000000008020        0x0
                0x0000000000008020                PROVIDE (__ram_exceptions_start, ABSOLUTE (.))
                0x0000000000008020                . = ALIGN (0x20)
 *(.irq)
 *(.exceptions.entry.label)
 *(.exceptions.entry.user)
 *(.exceptions.entry.ecc_fatal)
 *(.exceptions.entry)
 *(.exceptions.irqtest.user)
 *(.exceptions.irqtest)
 *(.exceptions.irqhandler.user)
 *(.exceptions.irqhandler)
 *(.exceptions.irqreturn.user)
 *(.exceptions.irqreturn)
 *(.exceptions.notirq.label)
 *(.exceptions.notirq.user)
 *(.exceptions.notirq)
 *(.exceptions.soft.user)
 *(.exceptions.soft)
 *(.exceptions.unknown.user)
 *(.exceptions.unknown)
 *(.exceptions.exit.label)
 *(.exceptions.exit.user)
 *(.exceptions.exit)
 *(.exceptions)
                0x0000000000008020                PROVIDE (__ram_exceptions_end, ABSOLUTE (.))
                0x0000000000008020                PROVIDE (__flash_exceptions_start, LOADADDR (.exceptions))

.text           0x0000000000008020     0x1400
                [!provide]                        PROVIDE (stext, ABSOLUTE (.))
 *(.interp)
 *(.hash)
 *(.dynsym)
 *(.dynstr)
 *(.gnu.version)
 *(.gnu.version_d)
 *(.gnu.version_r)
 *(.rel.init)
 *(.rela.init)
 *(.rel.text .rel.text.* .rel.gnu.linkonce.t.*)
 *(.rela.text .rela.text.* .rela.gnu.linkonce.t.*)
 *(.rel.fini)
 *(.rela.fini)
 *(.rel.rodata .rel.rodata.* .rel.gnu.linkonce.r.*)
 *(.rela.rodata .rela.rodata.* .rela.gnu.linkonce.r.*)
 *(.rel.data .rel.data.* .rel.gnu.linkonce.d.*)
 *(.rela.data .rela.data.* .rela.gnu.linkonce.d.*)
 *(.rel.tdata .rel.tdata.* .rel.gnu.linkonce.td.*)
 *(.rela.tdata .rela.tdata.* .rela.gnu.linkonce.td.*)
 *(.rel.tbss .rel.tbss.* .rel.gnu.linkonce.tb.*)
 *(.rela.tbss .rela.tbss.* .rela.gnu.linkonce.tb.*)
 *(.rel.ctors)
 *(.rela.ctors)
 *(.rel.dtors)
 *(.rela.dtors)
 *(.rel.got)
 *(.rela.got)
 *(.rel.sdata .rel.sdata.* .rel.gnu.linkonce.s.*)
 *(.rela.sdata .rela.sdata.* .rela.gnu.linkonce.s.*)
 *(.rel.sbss .rel.sbss.* .rel.gnu.linkonce.sb.*)
 *(.rela.sbss .rela.sbss.* .rela.gnu.linkonce.sb.*)
 *(.rel.sdata2 .rel.sdata2.* .rel.gnu.linkonce.s2.*)
 *(.rela.sdata2 .rela.sdata2.* .rela.gnu.linkonce.s2.*)
 *(.rel.sbss2 .rel.sbss2.* .rel.gnu.linkonce.sb2.*)
 *(.rela.sbss2 .rela.sbss2.* .rela.gnu.linkonce.sb2.*)
 *(.rel.bss .rel.bss.* .rel.gnu.linkonce.b.*)
 *(.rela.bss .rela.bss.* .rela.gnu.linkonce.b.*)
 *(.rel.plt)
 *(.rela.plt)
 *(.rel.dyn)
 *(.init)
 *(.plt)
 *(.text .stub .text.* .gnu.linkonce.t.*)
 .text          0x0000000000008020       0x1c ../niosIP_bsp//obj/HAL/src/crt0.o
                0x0000000000008020                _start
 .text          0x000000000000803c      0x17c obj/default/hello_world.o
                0x000000000000803c                PS2_init
                0x00000000000080c8                PS2_halt
                0x0000000000008100                PS2_read_clickLeft
                0x0000000000008138                main
 .text          0x00000000000081b8       0xec ../niosIP_bsp//libhal_bsp.a(alt_load.o)
                0x0000000000008220                alt_load
 .text          0x00000000000082a4       0x7c ../niosIP_bsp//libhal_bsp.a(alt_main.o)
                0x00000000000082a4                alt_main
 .text          0x0000000000008320       0x30 ../niosIP_bsp//libhal_bsp.a(alt_usleep.o)
                0x0000000000008320                usleep
 .text          0x0000000000008350       0xa0 ../niosIP_bsp//libhal_bsp.a(alt_sys_init.o)
                0x0000000000008384                alt_irq_init
                0x00000000000083bc                alt_sys_init
 .text          0x00000000000083f0       0xc0 ../niosIP_bsp//libhal_bsp.a(altera_avalon_jtag_uart_fd.o)
                0x00000000000083f0                altera_avalon_jtag_uart_read_fd
                0x0000000000008450                altera_avalon_jtag_uart_write_fd
 .text          0x00000000000084b0       0xec ../niosIP_bsp//libhal_bsp.a(altera_avalon_jtag_uart_read.o)
                0x00000000000084b0                altera_avalon_jtag_uart_read
 .text          0x000000000000859c       0x94 ../niosIP_bsp//libhal_bsp.a(altera_avalon_jtag_uart_write.o)
                0x000000000000859c                altera_avalon_jtag_uart_write
 .text          0x0000000000008630       0x24 ../niosIP_bsp//libhal_bsp.a(alt_busy_sleep.o)
                0x0000000000008630                alt_busy_sleep
 .text          0x0000000000008654      0x114 ../niosIP_bsp//libhal_bsp.a(alt_close.o)
                0x0000000000008690                close
 .text          0x0000000000008768       0x20 ../niosIP_bsp//libhal_bsp.a(alt_dcache_flush_all.o)
                0x0000000000008768                alt_dcache_flush_all
 .text          0x0000000000008788       0x2c ../niosIP_bsp//libhal_bsp.a(alt_dev.o)
 .text          0x00000000000087b4       0xe0 ../niosIP_bsp//libhal_bsp.a(alt_dev_llist_insert.o)
                0x00000000000087f0                alt_dev_llist_insert
 .text          0x0000000000008894       0x60 ../niosIP_bsp//libhal_bsp.a(alt_do_ctors.o)
                0x0000000000008894                _do_ctors
 .text          0x00000000000088f4       0x60 ../niosIP_bsp//libhal_bsp.a(alt_do_dtors.o)
                0x00000000000088f4                _do_dtors
 .text          0x0000000000008954        0x0 ../niosIP_bsp//libhal_bsp.a(alt_errno.o)
 .text          0x0000000000008954       0x20 ../niosIP_bsp//libhal_bsp.a(alt_icache_flush_all.o)
                0x0000000000008954                alt_icache_flush_all
 .text          0x0000000000008974      0x160 ../niosIP_bsp//libhal_bsp.a(alt_io_redirect.o)
                0x0000000000008a58                alt_io_redirect
 .text          0x0000000000008ad4      0x284 ../niosIP_bsp//libhal_bsp.a(alt_open.o)
                0x0000000000008bfc                open
 .text          0x0000000000008d58       0x84 ../niosIP_bsp//libhal_bsp.a(alt_release_fd.o)
                0x0000000000008d58                alt_release_fd
 .text          0x0000000000008ddc       0x24 ../niosIP_bsp//libhal_bsp.a(altera_nios2_gen2_irq.o)
                0x0000000000008ddc                altera_nios2_gen2_irq_init
 .text          0x0000000000008e00       0x90 ../niosIP_bsp//libhal_bsp.a(alt_find_dev.o)
                0x0000000000008e00                alt_find_dev
 .text          0x0000000000008e90      0x108 ../niosIP_bsp//libhal_bsp.a(alt_find_file.o)
                0x0000000000008e90                alt_find_file
 .text          0x0000000000008f98       0xc4 ../niosIP_bsp//libhal_bsp.a(alt_get_fd.o)
                0x0000000000008f98                alt_get_fd
 .text          0x000000000000905c        0x0 /home/pedrolpfbf/intelFPGA/18.1/nios2eds/bin/gnu/H-x86_64-pc-linux-gnu/bin/../lib/gcc/nios2-elf/5.3.0/../../../../../H-x86_64-pc-linux-gnu/nios2-elf/lib/mno-hw-mul/libsmallc.a(lib_a-atexit.o)
 .text.atexit   0x000000000000905c       0x14 /home/pedrolpfbf/intelFPGA/18.1/nios2eds/bin/gnu/H-x86_64-pc-linux-gnu/bin/../lib/gcc/nios2-elf/5.3.0/../../../../../H-x86_64-pc-linux-gnu/nios2-elf/lib/mno-hw-mul/libsmallc.a(lib_a-atexit.o)
                0x000000000000905c                atexit
 .text          0x0000000000009070        0x0 /home/pedrolpfbf/intelFPGA/18.1/nios2eds/bin/gnu/H-x86_64-pc-linux-gnu/bin/../lib/gcc/nios2-elf/5.3.0/../../../../../H-x86_64-pc-linux-gnu/nios2-elf/lib/mno-hw-mul/libsmallc.a(lib_a-exit.o)
 .text.exit     0x0000000000009070       0x20 /home/pedrolpfbf/intelFPGA/18.1/nios2eds/bin/gnu/H-x86_64-pc-linux-gnu/bin/../lib/gcc/nios2-elf/5.3.0/../../../../../H-x86_64-pc-linux-gnu/nios2-elf/lib/mno-hw-mul/libsmallc.a(lib_a-exit.o)
                0x0000000000009070                exit
 .text          0x0000000000009090        0x0 /home/pedrolpfbf/intelFPGA/18.1/nios2eds/bin/gnu/H-x86_64-pc-linux-gnu/bin/../lib/gcc/nios2-elf/5.3.0/../../../../../H-x86_64-pc-linux-gnu/nios2-elf/lib/mno-hw-mul/libsmallc.a(lib_a-int_errno.o)
 .text          0x0000000000009090        0x0 /home/pedrolpfbf/intelFPGA/18.1/nios2eds/bin/gnu/H-x86_64-pc-linux-gnu/bin/../lib/gcc/nios2-elf/5.3.0/../../../../../H-x86_64-pc-linux-gnu/nios2-elf/lib/mno-hw-mul/libsmallc.a(lib_a-memcmp.o)
 .text.memcmp   0x0000000000009090       0x30 /home/pedrolpfbf/intelFPGA/18.1/nios2eds/bin/gnu/H-x86_64-pc-linux-gnu/bin/../lib/gcc/nios2-elf/5.3.0/../../../../../H-x86_64-pc-linux-gnu/nios2-elf/lib/mno-hw-mul/libsmallc.a(lib_a-memcmp.o)
                0x0000000000009090                memcmp
 .text          0x00000000000090c0        0x0 /home/pedrolpfbf/intelFPGA/18.1/nios2eds/bin/gnu/H-x86_64-pc-linux-gnu/bin/../lib/gcc/nios2-elf/5.3.0/../../../../../H-x86_64-pc-linux-gnu/nios2-elf/lib/mno-hw-mul/libsmallc.a(lib_a-strlen.o)
 .text.strlen   0x00000000000090c0       0x1c /home/pedrolpfbf/intelFPGA/18.1/nios2eds/bin/gnu/H-x86_64-pc-linux-gnu/bin/../lib/gcc/nios2-elf/5.3.0/../../../../../H-x86_64-pc-linux-gnu/nios2-elf/lib/mno-hw-mul/libsmallc.a(lib_a-strlen.o)
                0x00000000000090c0                strlen
 .text          0x00000000000090dc        0x0 /home/pedrolpfbf/intelFPGA/18.1/nios2eds/bin/gnu/H-x86_64-pc-linux-gnu/bin/../lib/gcc/nios2-elf/5.3.0/../../../../../H-x86_64-pc-linux-gnu/nios2-elf/lib/mno-hw-mul/libsmallc.a(lib_a-__atexit.o)
 .text.__register_exitproc
                0x00000000000090dc      0x158 /home/pedrolpfbf/intelFPGA/18.1/nios2eds/bin/gnu/H-x86_64-pc-linux-gnu/bin/../lib/gcc/nios2-elf/5.3.0/../../../../../H-x86_64-pc-linux-gnu/nios2-elf/lib/mno-hw-mul/libsmallc.a(lib_a-__atexit.o)
                0x00000000000090dc                __register_exitproc
 .text          0x0000000000009234        0x0 /home/pedrolpfbf/intelFPGA/18.1/nios2eds/bin/gnu/H-x86_64-pc-linux-gnu/bin/../lib/gcc/nios2-elf/5.3.0/../../../../../H-x86_64-pc-linux-gnu/nios2-elf/lib/mno-hw-mul/libsmallc.a(lib_a-__call_atexit.o)
 .text.__call_exitprocs
                0x0000000000009234      0x190 /home/pedrolpfbf/intelFPGA/18.1/nios2eds/bin/gnu/H-x86_64-pc-linux-gnu/bin/../lib/gcc/nios2-elf/5.3.0/../../../../../H-x86_64-pc-linux-gnu/nios2-elf/lib/mno-hw-mul/libsmallc.a(lib_a-__call_atexit.o)
                0x0000000000009234                __call_exitprocs
 .text          0x00000000000093c4        0x0 /home/pedrolpfbf/intelFPGA/18.1/nios2eds/bin/gnu/H-x86_64-pc-linux-gnu/bin/../lib/gcc/nios2-elf/5.3.0/../../../../../H-x86_64-pc-linux-gnu/nios2-elf/lib/mno-hw-mul/libsmallc.a(lib_a-impure.o)
 .text          0x00000000000093c4       0x28 /home/pedrolpfbf/intelFPGA/18.1/nios2eds/bin/gnu/H-x86_64-pc-linux-gnu/bin/../lib/gcc/nios2-elf/5.3.0/mno-hw-mul/libgcc.a(lib2-mul.o)
                0x00000000000093c4                __mulsi3
 .text          0x00000000000093ec       0x34 ../niosIP_bsp//libhal_bsp.a(alt_exit.o)
                0x00000000000093ec                _exit
 *(.gnu.warning.*)
 *(.fini)
                [!provide]                        PROVIDE (__etext, ABSOLUTE (.))
                [!provide]                        PROVIDE (_etext, ABSOLUTE (.))
                [!provide]                        PROVIDE (etext, ABSOLUTE (.))
 *(.eh_frame_hdr)
                0x0000000000009420                . = ALIGN (0x4)
                [!provide]                        PROVIDE (__preinit_array_start, ABSOLUTE (.))
 *(.preinit_array)
                [!provide]                        PROVIDE (__preinit_array_end, ABSOLUTE (.))
                [!provide]                        PROVIDE (__init_array_start, ABSOLUTE (.))
 *(.init_array)
                [!provide]                        PROVIDE (__init_array_end, ABSOLUTE (.))
                [!provide]                        PROVIDE (__fini_array_start, ABSOLUTE (.))
 *(.fini_array)
                [!provide]                        PROVIDE (__fini_array_end, ABSOLUTE (.))
 *(.eh_frame)
 *(.gcc_except_table .gcc_except_table.*)
 *(.dynamic)
                0x0000000000009420                PROVIDE (__CTOR_LIST__, ABSOLUTE (.))
 *(.ctors)
 *(SORT(.ctors.*))
                0x0000000000009420                PROVIDE (__CTOR_END__, ABSOLUTE (.))
                0x0000000000009420                PROVIDE (__DTOR_LIST__, ABSOLUTE (.))
 *(.dtors)
 *(SORT(.dtors.*))
                0x0000000000009420                PROVIDE (__DTOR_END__, ABSOLUTE (.))
 *(.jcr)
                0x0000000000009420                . = ALIGN (0x4)

.rodata         0x0000000000009420       0x34
                0x0000000000009420                PROVIDE (__ram_rodata_start, ABSOLUTE (.))
                0x0000000000009420                . = ALIGN (0x4)
 *(.rodata .rodata.* .gnu.linkonce.r.*)
 .rodata        0x0000000000009420       0x11 ../niosIP_bsp//libhal_bsp.a(alt_main.o)
 *fill*         0x0000000000009431        0x3 
 .rodata        0x0000000000009434       0x11 ../niosIP_bsp//libhal_bsp.a(alt_sys_init.o)
 *fill*         0x0000000000009445        0x3 
 .rodata        0x0000000000009448        0xa ../niosIP_bsp//libhal_bsp.a(alt_dev.o)
 *(.rodata1)
                0x0000000000009454                . = ALIGN (0x4)
 *fill*         0x0000000000009452        0x2 
                0x0000000000009454                PROVIDE (__ram_rodata_end, ABSOLUTE (.))
                0x0000000000009420                PROVIDE (__flash_rodata_start, LOADADDR (.rodata))

.rwdata         0x0000000000009454      0x2d4 load address 0x0000000000009728
                0x0000000000009454                PROVIDE (__ram_rwdata_start, ABSOLUTE (.))
                0x0000000000009454                . = ALIGN (0x4)
 *(.got.plt)
 *(.got)
 *(.data1)
 *(.data .data.* .gnu.linkonce.d.*)
 .data          0x0000000000009454        0x0 ../niosIP_bsp//obj/HAL/src/crt0.o
 .data          0x0000000000009454        0x0 obj/default/hello_world.o
 .data          0x0000000000009454        0x0 ../niosIP_bsp//libhal_bsp.a(alt_load.o)
 .data          0x0000000000009454        0x0 ../niosIP_bsp//libhal_bsp.a(alt_main.o)
 .data          0x0000000000009454        0x0 ../niosIP_bsp//libhal_bsp.a(alt_usleep.o)
 .data          0x0000000000009454       0x2c ../niosIP_bsp//libhal_bsp.a(alt_sys_init.o)
 .data          0x0000000000009480        0x0 ../niosIP_bsp//libhal_bsp.a(altera_avalon_jtag_uart_fd.o)
 .data          0x0000000000009480        0x0 ../niosIP_bsp//libhal_bsp.a(altera_avalon_jtag_uart_read.o)
 .data          0x0000000000009480        0x0 ../niosIP_bsp//libhal_bsp.a(altera_avalon_jtag_uart_write.o)
 .data          0x0000000000009480        0x0 ../niosIP_bsp//libhal_bsp.a(alt_busy_sleep.o)
 .data          0x0000000000009480        0x0 ../niosIP_bsp//libhal_bsp.a(alt_close.o)
 .data          0x0000000000009480        0x0 ../niosIP_bsp//libhal_bsp.a(alt_dcache_flush_all.o)
 .data          0x0000000000009480      0x1a8 ../niosIP_bsp//libhal_bsp.a(alt_dev.o)
                0x0000000000009480                alt_dev_null
                0x00000000000094a8                alt_fd_list
 .data          0x0000000000009628        0x0 ../niosIP_bsp//libhal_bsp.a(alt_dev_llist_insert.o)
 .data          0x0000000000009628        0x0 ../niosIP_bsp//libhal_bsp.a(alt_do_ctors.o)
 .data          0x0000000000009628        0x0 ../niosIP_bsp//libhal_bsp.a(alt_do_dtors.o)
 .data          0x0000000000009628        0x0 ../niosIP_bsp//libhal_bsp.a(alt_errno.o)
 .data          0x0000000000009628        0x0 ../niosIP_bsp//libhal_bsp.a(alt_icache_flush_all.o)
 .data          0x0000000000009628        0x0 ../niosIP_bsp//libhal_bsp.a(alt_io_redirect.o)
 .data          0x0000000000009628        0x0 ../niosIP_bsp//libhal_bsp.a(alt_open.o)
 .data          0x0000000000009628        0x0 ../niosIP_bsp//libhal_bsp.a(alt_release_fd.o)
 .data          0x0000000000009628        0x0 ../niosIP_bsp//libhal_bsp.a(altera_nios2_gen2_irq.o)
 .data          0x0000000000009628        0x0 ../niosIP_bsp//libhal_bsp.a(alt_find_dev.o)
 .data          0x0000000000009628        0x0 ../niosIP_bsp//libhal_bsp.a(alt_find_file.o)
 .data          0x0000000000009628        0x0 ../niosIP_bsp//libhal_bsp.a(alt_get_fd.o)
 .data          0x0000000000009628        0x0 /home/pedrolpfbf/intelFPGA/18.1/nios2eds/bin/gnu/H-x86_64-pc-linux-gnu/bin/../lib/gcc/nios2-elf/5.3.0/../../../../../H-x86_64-pc-linux-gnu/nios2-elf/lib/mno-hw-mul/libsmallc.a(lib_a-atexit.o)
 .data          0x0000000000009628        0x0 /home/pedrolpfbf/intelFPGA/18.1/nios2eds/bin/gnu/H-x86_64-pc-linux-gnu/bin/../lib/gcc/nios2-elf/5.3.0/../../../../../H-x86_64-pc-linux-gnu/nios2-elf/lib/mno-hw-mul/libsmallc.a(lib_a-exit.o)
 .data          0x0000000000009628        0x0 /home/pedrolpfbf/intelFPGA/18.1/nios2eds/bin/gnu/H-x86_64-pc-linux-gnu/bin/../lib/gcc/nios2-elf/5.3.0/../../../../../H-x86_64-pc-linux-gnu/nios2-elf/lib/mno-hw-mul/libsmallc.a(lib_a-int_errno.o)
 .data          0x0000000000009628        0x0 /home/pedrolpfbf/intelFPGA/18.1/nios2eds/bin/gnu/H-x86_64-pc-linux-gnu/bin/../lib/gcc/nios2-elf/5.3.0/../../../../../H-x86_64-pc-linux-gnu/nios2-elf/lib/mno-hw-mul/libsmallc.a(lib_a-memcmp.o)
 .data          0x0000000000009628        0x0 /home/pedrolpfbf/intelFPGA/18.1/nios2eds/bin/gnu/H-x86_64-pc-linux-gnu/bin/../lib/gcc/nios2-elf/5.3.0/../../../../../H-x86_64-pc-linux-gnu/nios2-elf/lib/mno-hw-mul/libsmallc.a(lib_a-strlen.o)
 .data          0x0000000000009628        0x0 /home/pedrolpfbf/intelFPGA/18.1/nios2eds/bin/gnu/H-x86_64-pc-linux-gnu/bin/../lib/gcc/nios2-elf/5.3.0/../../../../../H-x86_64-pc-linux-gnu/nios2-elf/lib/mno-hw-mul/libsmallc.a(lib_a-__atexit.o)
 .data          0x0000000000009628        0x0 /home/pedrolpfbf/intelFPGA/18.1/nios2eds/bin/gnu/H-x86_64-pc-linux-gnu/bin/../lib/gcc/nios2-elf/5.3.0/../../../../../H-x86_64-pc-linux-gnu/nios2-elf/lib/mno-hw-mul/libsmallc.a(lib_a-__call_atexit.o)
 .data          0x0000000000009628        0x0 /home/pedrolpfbf/intelFPGA/18.1/nios2eds/bin/gnu/H-x86_64-pc-linux-gnu/bin/../lib/gcc/nios2-elf/5.3.0/../../../../../H-x86_64-pc-linux-gnu/nios2-elf/lib/mno-hw-mul/libsmallc.a(lib_a-impure.o)
 .data.impure_data
                0x0000000000009628       0xe0 /home/pedrolpfbf/intelFPGA/18.1/nios2eds/bin/gnu/H-x86_64-pc-linux-gnu/bin/../lib/gcc/nios2-elf/5.3.0/../../../../../H-x86_64-pc-linux-gnu/nios2-elf/lib/mno-hw-mul/libsmallc.a(lib_a-impure.o)
 .data          0x0000000000009708        0x0 /home/pedrolpfbf/intelFPGA/18.1/nios2eds/bin/gnu/H-x86_64-pc-linux-gnu/bin/../lib/gcc/nios2-elf/5.3.0/mno-hw-mul/libgcc.a(lib2-mul.o)
 .data          0x0000000000009708        0x0 ../niosIP_bsp//libhal_bsp.a(alt_exit.o)
                0x0000000000011708                _gp = ABSOLUTE ((. + 0x8000))
                [!provide]                        PROVIDE (gp, _gp)
 *(.rwdata .rwdata.*)
 *(.sdata .sdata.* .gnu.linkonce.s.*)
 .sdata         0x0000000000009708       0x14 ../niosIP_bsp//libhal_bsp.a(alt_dev.o)
                0x0000000000009708                alt_fs_list
                0x0000000000009710                alt_dev_list
                0x0000000000009718                alt_max_fd
 .sdata         0x000000000000971c        0x4 ../niosIP_bsp//libhal_bsp.a(alt_errno.o)
                0x000000000000971c                alt_errno
 .sdata._global_impure_ptr
                0x0000000000009720        0x4 /home/pedrolpfbf/intelFPGA/18.1/nios2eds/bin/gnu/H-x86_64-pc-linux-gnu/bin/../lib/gcc/nios2-elf/5.3.0/../../../../../H-x86_64-pc-linux-gnu/nios2-elf/lib/mno-hw-mul/libsmallc.a(lib_a-impure.o)
                0x0000000000009720                _global_impure_ptr
 .sdata._impure_ptr
                0x0000000000009724        0x4 /home/pedrolpfbf/intelFPGA/18.1/nios2eds/bin/gnu/H-x86_64-pc-linux-gnu/bin/../lib/gcc/nios2-elf/5.3.0/../../../../../H-x86_64-pc-linux-gnu/nios2-elf/lib/mno-hw-mul/libsmallc.a(lib_a-impure.o)
                0x0000000000009724                _impure_ptr
 *(.sdata2 .sdata2.* .gnu.linkonce.s2.*)
                0x0000000000009728                . = ALIGN (0x4)
                0x0000000000009728                _edata = ABSOLUTE (.)
                [!provide]                        PROVIDE (edata, ABSOLUTE (.))
                0x0000000000009728                PROVIDE (__ram_rwdata_end, ABSOLUTE (.))
                0x0000000000009728                PROVIDE (__flash_rwdata_start, LOADADDR (.rwdata))

.bss            0x00000000000099fc       0x10
                0x00000000000099fc                __bss_start = ABSOLUTE (.)
                [!provide]                        PROVIDE (__sbss_start, ABSOLUTE (.))
                [!provide]                        PROVIDE (___sbss_start, ABSOLUTE (.))
 *(.dynsbss)
 *(.sbss .sbss.* .gnu.linkonce.sb.*)
 .sbss          0x00000000000099fc        0xc ../niosIP_bsp//libhal_bsp.a(alt_main.o)
                0x00000000000099fc                alt_argc
                0x0000000000009a00                alt_argv
                0x0000000000009a04                alt_envp
 .sbss          0x0000000000009a08        0x4 /home/pedrolpfbf/intelFPGA/18.1/nios2eds/bin/gnu/H-x86_64-pc-linux-gnu/bin/../lib/gcc/nios2-elf/5.3.0/../../../../../H-x86_64-pc-linux-gnu/nios2-elf/lib/mno-hw-mul/libsmallc.a(lib_a-int_errno.o)
                0x0000000000009a08                errno
 *(.sbss2 .sbss2.* .gnu.linkonce.sb2.*)
 *(.scommon)
                [!provide]                        PROVIDE (__sbss_end, ABSOLUTE (.))
                [!provide]                        PROVIDE (___sbss_end, ABSOLUTE (.))
 *(.dynbss)
 *(.bss .bss.* .gnu.linkonce.b.*)
 .bss           0x0000000000009a0c        0x0 ../niosIP_bsp//obj/HAL/src/crt0.o
 .bss           0x0000000000009a0c        0x0 obj/default/hello_world.o
 .bss           0x0000000000009a0c        0x0 ../niosIP_bsp//libhal_bsp.a(alt_load.o)
 .bss           0x0000000000009a0c        0x0 ../niosIP_bsp//libhal_bsp.a(alt_main.o)
 .bss           0x0000000000009a0c        0x0 ../niosIP_bsp//libhal_bsp.a(alt_usleep.o)
 .bss           0x0000000000009a0c        0x0 ../niosIP_bsp//libhal_bsp.a(alt_sys_init.o)
 .bss           0x0000000000009a0c        0x0 ../niosIP_bsp//libhal_bsp.a(altera_avalon_jtag_uart_fd.o)
 .bss           0x0000000000009a0c        0x0 ../niosIP_bsp//libhal_bsp.a(altera_avalon_jtag_uart_read.o)
 .bss           0x0000000000009a0c        0x0 ../niosIP_bsp//libhal_bsp.a(altera_avalon_jtag_uart_write.o)
 .bss           0x0000000000009a0c        0x0 ../niosIP_bsp//libhal_bsp.a(alt_busy_sleep.o)
 .bss           0x0000000000009a0c        0x0 ../niosIP_bsp//libhal_bsp.a(alt_close.o)
 .bss           0x0000000000009a0c        0x0 ../niosIP_bsp//libhal_bsp.a(alt_dcache_flush_all.o)
 .bss           0x0000000000009a0c        0x0 ../niosIP_bsp//libhal_bsp.a(alt_dev.o)
 .bss           0x0000000000009a0c        0x0 ../niosIP_bsp//libhal_bsp.a(alt_dev_llist_insert.o)
 .bss           0x0000000000009a0c        0x0 ../niosIP_bsp//libhal_bsp.a(alt_do_ctors.o)
 .bss           0x0000000000009a0c        0x0 ../niosIP_bsp//libhal_bsp.a(alt_do_dtors.o)
 .bss           0x0000000000009a0c        0x0 ../niosIP_bsp//libhal_bsp.a(alt_errno.o)
 .bss           0x0000000000009a0c        0x0 ../niosIP_bsp//libhal_bsp.a(alt_icache_flush_all.o)
 .bss           0x0000000000009a0c        0x0 ../niosIP_bsp//libhal_bsp.a(alt_io_redirect.o)
 .bss           0x0000000000009a0c        0x0 ../niosIP_bsp//libhal_bsp.a(alt_open.o)
 .bss           0x0000000000009a0c        0x0 ../niosIP_bsp//libhal_bsp.a(alt_release_fd.o)
 .bss           0x0000000000009a0c        0x0 ../niosIP_bsp//libhal_bsp.a(altera_nios2_gen2_irq.o)
 .bss           0x0000000000009a0c        0x0 ../niosIP_bsp//libhal_bsp.a(alt_find_dev.o)
 .bss           0x0000000000009a0c        0x0 ../niosIP_bsp//libhal_bsp.a(alt_find_file.o)
 .bss           0x0000000000009a0c        0x0 ../niosIP_bsp//libhal_bsp.a(alt_get_fd.o)
 .bss           0x0000000000009a0c        0x0 /home/pedrolpfbf/intelFPGA/18.1/nios2eds/bin/gnu/H-x86_64-pc-linux-gnu/bin/../lib/gcc/nios2-elf/5.3.0/../../../../../H-x86_64-pc-linux-gnu/nios2-elf/lib/mno-hw-mul/libsmallc.a(lib_a-atexit.o)
 .bss           0x0000000000009a0c        0x0 /home/pedrolpfbf/intelFPGA/18.1/nios2eds/bin/gnu/H-x86_64-pc-linux-gnu/bin/../lib/gcc/nios2-elf/5.3.0/../../../../../H-x86_64-pc-linux-gnu/nios2-elf/lib/mno-hw-mul/libsmallc.a(lib_a-exit.o)
 .bss           0x0000000000009a0c        0x0 /home/pedrolpfbf/intelFPGA/18.1/nios2eds/bin/gnu/H-x86_64-pc-linux-gnu/bin/../lib/gcc/nios2-elf/5.3.0/../../../../../H-x86_64-pc-linux-gnu/nios2-elf/lib/mno-hw-mul/libsmallc.a(lib_a-int_errno.o)
 .bss           0x0000000000009a0c        0x0 /home/pedrolpfbf/intelFPGA/18.1/nios2eds/bin/gnu/H-x86_64-pc-linux-gnu/bin/../lib/gcc/nios2-elf/5.3.0/../../../../../H-x86_64-pc-linux-gnu/nios2-elf/lib/mno-hw-mul/libsmallc.a(lib_a-memcmp.o)
 .bss           0x0000000000009a0c        0x0 /home/pedrolpfbf/intelFPGA/18.1/nios2eds/bin/gnu/H-x86_64-pc-linux-gnu/bin/../lib/gcc/nios2-elf/5.3.0/../../../../../H-x86_64-pc-linux-gnu/nios2-elf/lib/mno-hw-mul/libsmallc.a(lib_a-strlen.o)
 .bss           0x0000000000009a0c        0x0 /home/pedrolpfbf/intelFPGA/18.1/nios2eds/bin/gnu/H-x86_64-pc-linux-gnu/bin/../lib/gcc/nios2-elf/5.3.0/../../../../../H-x86_64-pc-linux-gnu/nios2-elf/lib/mno-hw-mul/libsmallc.a(lib_a-__atexit.o)
 .bss           0x0000000000009a0c        0x0 /home/pedrolpfbf/intelFPGA/18.1/nios2eds/bin/gnu/H-x86_64-pc-linux-gnu/bin/../lib/gcc/nios2-elf/5.3.0/../../../../../H-x86_64-pc-linux-gnu/nios2-elf/lib/mno-hw-mul/libsmallc.a(lib_a-__call_atexit.o)
 .bss           0x0000000000009a0c        0x0 /home/pedrolpfbf/intelFPGA/18.1/nios2eds/bin/gnu/H-x86_64-pc-linux-gnu/bin/../lib/gcc/nios2-elf/5.3.0/../../../../../H-x86_64-pc-linux-gnu/nios2-elf/lib/mno-hw-mul/libsmallc.a(lib_a-impure.o)
 .bss           0x0000000000009a0c        0x0 /home/pedrolpfbf/intelFPGA/18.1/nios2eds/bin/gnu/H-x86_64-pc-linux-gnu/bin/../lib/gcc/nios2-elf/5.3.0/mno-hw-mul/libgcc.a(lib2-mul.o)
 .bss           0x0000000000009a0c        0x0 ../niosIP_bsp//libhal_bsp.a(alt_exit.o)
 *(COMMON)
                0x0000000000009a0c                . = ALIGN (0x4)
                0x0000000000009a0c                __bss_end = ABSOLUTE (.)

.onchip_memory2_0
                0x0000000000009a0c        0x0
                [!provide]                        PROVIDE (_alt_partition_onchip_memory2_0_start, ABSOLUTE (.))
 *(.onchip_memory2_0 .onchip_memory2_0. onchip_memory2_0.*)
                0x0000000000009a0c                . = ALIGN (0x4)
                [!provide]                        PROVIDE (_alt_partition_onchip_memory2_0_end, ABSOLUTE (.))
                0x0000000000009a0c                _end = ABSOLUTE (.)
                0x0000000000009a0c                end = ABSOLUTE (.)
                0x0000000000009a0c                __alt_stack_base = ABSOLUTE (.)
                [!provide]                        PROVIDE (_alt_partition_onchip_memory2_0_load_addr, LOADADDR (.onchip_memory2_0))

.stab
 *(.stab)

.stabstr
 *(.stabstr)

.stab.excl
 *(.stab.excl)

.stab.exclstr
 *(.stab.exclstr)

.stab.index
 *(.stab.index)

.stab.indexstr
 *(.stab.indexstr)

.comment        0x0000000000000000       0x23
 *(.comment)
 .comment       0x0000000000000000       0x23 obj/default/hello_world.o
                                         0x24 (size before relaxing)
 .comment       0x0000000000000023       0x24 ../niosIP_bsp//libhal_bsp.a(alt_load.o)
 .comment       0x0000000000000023       0x24 ../niosIP_bsp//libhal_bsp.a(alt_main.o)
 .comment       0x0000000000000023       0x24 ../niosIP_bsp//libhal_bsp.a(alt_usleep.o)
 .comment       0x0000000000000023       0x24 ../niosIP_bsp//libhal_bsp.a(alt_sys_init.o)
 .comment       0x0000000000000023       0x24 ../niosIP_bsp//libhal_bsp.a(altera_avalon_jtag_uart_fd.o)
 .comment       0x0000000000000023       0x24 ../niosIP_bsp//libhal_bsp.a(altera_avalon_jtag_uart_read.o)
 .comment       0x0000000000000023       0x24 ../niosIP_bsp//libhal_bsp.a(altera_avalon_jtag_uart_write.o)
 .comment       0x0000000000000023       0x24 ../niosIP_bsp//libhal_bsp.a(alt_busy_sleep.o)
 .comment       0x0000000000000023       0x24 ../niosIP_bsp//libhal_bsp.a(alt_close.o)
 .comment       0x0000000000000023       0x24 ../niosIP_bsp//libhal_bsp.a(alt_dcache_flush_all.o)
 .comment       0x0000000000000023       0x24 ../niosIP_bsp//libhal_bsp.a(alt_dev.o)
 .comment       0x0000000000000023       0x24 ../niosIP_bsp//libhal_bsp.a(alt_dev_llist_insert.o)
 .comment       0x0000000000000023       0x24 ../niosIP_bsp//libhal_bsp.a(alt_do_ctors.o)
 .comment       0x0000000000000023       0x24 ../niosIP_bsp//libhal_bsp.a(alt_do_dtors.o)
 .comment       0x0000000000000023       0x24 ../niosIP_bsp//libhal_bsp.a(alt_errno.o)
 .comment       0x0000000000000023       0x24 ../niosIP_bsp//libhal_bsp.a(alt_icache_flush_all.o)
 .comment       0x0000000000000023       0x24 ../niosIP_bsp//libhal_bsp.a(alt_io_redirect.o)
 .comment       0x0000000000000023       0x24 ../niosIP_bsp//libhal_bsp.a(alt_open.o)
 .comment       0x0000000000000023       0x24 ../niosIP_bsp//libhal_bsp.a(alt_release_fd.o)
 .comment       0x0000000000000023       0x24 ../niosIP_bsp//libhal_bsp.a(altera_nios2_gen2_irq.o)
 .comment       0x0000000000000023       0x24 ../niosIP_bsp//libhal_bsp.a(alt_find_dev.o)
 .comment       0x0000000000000023       0x24 ../niosIP_bsp//libhal_bsp.a(alt_find_file.o)
 .comment       0x0000000000000023       0x24 ../niosIP_bsp//libhal_bsp.a(alt_get_fd.o)
 .comment       0x0000000000000023       0x24 /home/pedrolpfbf/intelFPGA/18.1/nios2eds/bin/gnu/H-x86_64-pc-linux-gnu/bin/../lib/gcc/nios2-elf/5.3.0/../../../../../H-x86_64-pc-linux-gnu/nios2-elf/lib/mno-hw-mul/libsmallc.a(lib_a-atexit.o)
 .comment       0x0000000000000023       0x24 /home/pedrolpfbf/intelFPGA/18.1/nios2eds/bin/gnu/H-x86_64-pc-linux-gnu/bin/../lib/gcc/nios2-elf/5.3.0/../../../../../H-x86_64-pc-linux-gnu/nios2-elf/lib/mno-hw-mul/libsmallc.a(lib_a-exit.o)
 .comment       0x0000000000000023       0x24 /home/pedrolpfbf/intelFPGA/18.1/nios2eds/bin/gnu/H-x86_64-pc-linux-gnu/bin/../lib/gcc/nios2-elf/5.3.0/../../../../../H-x86_64-pc-linux-gnu/nios2-elf/lib/mno-hw-mul/libsmallc.a(lib_a-int_errno.o)
 .comment       0x0000000000000023       0x24 /home/pedrolpfbf/intelFPGA/18.1/nios2eds/bin/gnu/H-x86_64-pc-linux-gnu/bin/../lib/gcc/nios2-elf/5.3.0/../../../../../H-x86_64-pc-linux-gnu/nios2-elf/lib/mno-hw-mul/libsmallc.a(lib_a-memcmp.o)
 .comment       0x0000000000000023       0x24 /home/pedrolpfbf/intelFPGA/18.1/nios2eds/bin/gnu/H-x86_64-pc-linux-gnu/bin/../lib/gcc/nios2-elf/5.3.0/../../../../../H-x86_64-pc-linux-gnu/nios2-elf/lib/mno-hw-mul/libsmallc.a(lib_a-strlen.o)
 .comment       0x0000000000000023       0x24 /home/pedrolpfbf/intelFPGA/18.1/nios2eds/bin/gnu/H-x86_64-pc-linux-gnu/bin/../lib/gcc/nios2-elf/5.3.0/../../../../../H-x86_64-pc-linux-gnu/nios2-elf/lib/mno-hw-mul/libsmallc.a(lib_a-__atexit.o)
 .comment       0x0000000000000023       0x24 /home/pedrolpfbf/intelFPGA/18.1/nios2eds/bin/gnu/H-x86_64-pc-linux-gnu/bin/../lib/gcc/nios2-elf/5.3.0/../../../../../H-x86_64-pc-linux-gnu/nios2-elf/lib/mno-hw-mul/libsmallc.a(lib_a-__call_atexit.o)
 .comment       0x0000000000000023       0x24 /home/pedrolpfbf/intelFPGA/18.1/nios2eds/bin/gnu/H-x86_64-pc-linux-gnu/bin/../lib/gcc/nios2-elf/5.3.0/../../../../../H-x86_64-pc-linux-gnu/nios2-elf/lib/mno-hw-mul/libsmallc.a(lib_a-impure.o)
 .comment       0x0000000000000023       0x24 /home/pedrolpfbf/intelFPGA/18.1/nios2eds/bin/gnu/H-x86_64-pc-linux-gnu/bin/../lib/gcc/nios2-elf/5.3.0/mno-hw-mul/libgcc.a(lib2-mul.o)
 .comment       0x0000000000000023       0x24 ../niosIP_bsp//libhal_bsp.a(alt_exit.o)

.debug
 *(.debug)

.line
 *(.line)

.debug_srcinfo
 *(.debug_srcinfo)

.debug_sfnames
 *(.debug_sfnames)

.debug_aranges  0x0000000000000000      0x450
 *(.debug_aranges)
 .debug_aranges
                0x0000000000000000       0x28 ../niosIP_bsp//obj/HAL/src/crt0.o
 .debug_aranges
                0x0000000000000028       0x20 obj/default/hello_world.o
 .debug_aranges
                0x0000000000000048       0x20 ../niosIP_bsp//libhal_bsp.a(alt_load.o)
 .debug_aranges
                0x0000000000000068       0x20 ../niosIP_bsp//libhal_bsp.a(alt_main.o)
 .debug_aranges
                0x0000000000000088       0x20 ../niosIP_bsp//libhal_bsp.a(alt_usleep.o)
 .debug_aranges
                0x00000000000000a8       0x20 ../niosIP_bsp//libhal_bsp.a(alt_sys_init.o)
 .debug_aranges
                0x00000000000000c8       0x20 ../niosIP_bsp//libhal_bsp.a(altera_avalon_jtag_uart_fd.o)
 .debug_aranges
                0x00000000000000e8       0x20 ../niosIP_bsp//libhal_bsp.a(altera_avalon_jtag_uart_read.o)
 .debug_aranges
                0x0000000000000108       0x20 ../niosIP_bsp//libhal_bsp.a(altera_avalon_jtag_uart_write.o)
 .debug_aranges
                0x0000000000000128       0x20 ../niosIP_bsp//libhal_bsp.a(alt_busy_sleep.o)
 .debug_aranges
                0x0000000000000148       0x20 ../niosIP_bsp//libhal_bsp.a(alt_close.o)
 .debug_aranges
                0x0000000000000168       0x20 ../niosIP_bsp//libhal_bsp.a(alt_dcache_flush_all.o)
 .debug_aranges
                0x0000000000000188       0x20 ../niosIP_bsp//libhal_bsp.a(alt_dev.o)
 .debug_aranges
                0x00000000000001a8       0x20 ../niosIP_bsp//libhal_bsp.a(alt_dev_llist_insert.o)
 .debug_aranges
                0x00000000000001c8       0x20 ../niosIP_bsp//libhal_bsp.a(alt_do_ctors.o)
 .debug_aranges
                0x00000000000001e8       0x20 ../niosIP_bsp//libhal_bsp.a(alt_do_dtors.o)
 .debug_aranges
                0x0000000000000208       0x18 ../niosIP_bsp//libhal_bsp.a(alt_errno.o)
 .debug_aranges
                0x0000000000000220       0x20 ../niosIP_bsp//libhal_bsp.a(alt_icache_flush_all.o)
 .debug_aranges
                0x0000000000000240       0x20 ../niosIP_bsp//libhal_bsp.a(alt_io_redirect.o)
 .debug_aranges
                0x0000000000000260       0x20 ../niosIP_bsp//libhal_bsp.a(alt_open.o)
 .debug_aranges
                0x0000000000000280       0x20 ../niosIP_bsp//libhal_bsp.a(alt_release_fd.o)
 .debug_aranges
                0x00000000000002a0       0x20 ../niosIP_bsp//libhal_bsp.a(altera_nios2_gen2_irq.o)
 .debug_aranges
                0x00000000000002c0       0x20 ../niosIP_bsp//libhal_bsp.a(alt_find_dev.o)
 .debug_aranges
                0x00000000000002e0       0x20 ../niosIP_bsp//libhal_bsp.a(alt_find_file.o)
 .debug_aranges
                0x0000000000000300       0x20 ../niosIP_bsp//libhal_bsp.a(alt_get_fd.o)
 .debug_aranges
                0x0000000000000320       0x20 /home/pedrolpfbf/intelFPGA/18.1/nios2eds/bin/gnu/H-x86_64-pc-linux-gnu/bin/../lib/gcc/nios2-elf/5.3.0/../../../../../H-x86_64-pc-linux-gnu/nios2-elf/lib/mno-hw-mul/libsmallc.a(lib_a-atexit.o)
 .debug_aranges
                0x0000000000000340       0x20 /home/pedrolpfbf/intelFPGA/18.1/nios2eds/bin/gnu/H-x86_64-pc-linux-gnu/bin/../lib/gcc/nios2-elf/5.3.0/../../../../../H-x86_64-pc-linux-gnu/nios2-elf/lib/mno-hw-mul/libsmallc.a(lib_a-exit.o)
 .debug_aranges
                0x0000000000000360       0x18 /home/pedrolpfbf/intelFPGA/18.1/nios2eds/bin/gnu/H-x86_64-pc-linux-gnu/bin/../lib/gcc/nios2-elf/5.3.0/../../../../../H-x86_64-pc-linux-gnu/nios2-elf/lib/mno-hw-mul/libsmallc.a(lib_a-int_errno.o)
 .debug_aranges
                0x0000000000000378       0x20 /home/pedrolpfbf/intelFPGA/18.1/nios2eds/bin/gnu/H-x86_64-pc-linux-gnu/bin/../lib/gcc/nios2-elf/5.3.0/../../../../../H-x86_64-pc-linux-gnu/nios2-elf/lib/mno-hw-mul/libsmallc.a(lib_a-memcmp.o)
 .debug_aranges
                0x0000000000000398       0x20 /home/pedrolpfbf/intelFPGA/18.1/nios2eds/bin/gnu/H-x86_64-pc-linux-gnu/bin/../lib/gcc/nios2-elf/5.3.0/../../../../../H-x86_64-pc-linux-gnu/nios2-elf/lib/mno-hw-mul/libsmallc.a(lib_a-strlen.o)
 .debug_aranges
                0x00000000000003b8       0x20 /home/pedrolpfbf/intelFPGA/18.1/nios2eds/bin/gnu/H-x86_64-pc-linux-gnu/bin/../lib/gcc/nios2-elf/5.3.0/../../../../../H-x86_64-pc-linux-gnu/nios2-elf/lib/mno-hw-mul/libsmallc.a(lib_a-__atexit.o)
 .debug_aranges
                0x00000000000003d8       0x20 /home/pedrolpfbf/intelFPGA/18.1/nios2eds/bin/gnu/H-x86_64-pc-linux-gnu/bin/../lib/gcc/nios2-elf/5.3.0/../../../../../H-x86_64-pc-linux-gnu/nios2-elf/lib/mno-hw-mul/libsmallc.a(lib_a-__call_atexit.o)
 .debug_aranges
                0x00000000000003f8       0x18 /home/pedrolpfbf/intelFPGA/18.1/nios2eds/bin/gnu/H-x86_64-pc-linux-gnu/bin/../lib/gcc/nios2-elf/5.3.0/../../../../../H-x86_64-pc-linux-gnu/nios2-elf/lib/mno-hw-mul/libsmallc.a(lib_a-impure.o)
 .debug_aranges
                0x0000000000000410       0x20 /home/pedrolpfbf/intelFPGA/18.1/nios2eds/bin/gnu/H-x86_64-pc-linux-gnu/bin/../lib/gcc/nios2-elf/5.3.0/mno-hw-mul/libgcc.a(lib2-mul.o)
 .debug_aranges
                0x0000000000000430       0x20 ../niosIP_bsp//libhal_bsp.a(alt_exit.o)

.debug_pubnames
 *(.debug_pubnames)

.debug_info     0x0000000000000000     0x4984
 *(.debug_info .gnu.linkonce.wi.*)
 .debug_info    0x0000000000000000       0x7a ../niosIP_bsp//obj/HAL/src/crt0.o
 .debug_info    0x000000000000007a      0x19a obj/default/hello_world.o
 .debug_info    0x0000000000000214      0x145 ../niosIP_bsp//libhal_bsp.a(alt_load.o)
 .debug_info    0x0000000000000359      0x131 ../niosIP_bsp//libhal_bsp.a(alt_main.o)
 .debug_info    0x000000000000048a       0xb0 ../niosIP_bsp//libhal_bsp.a(alt_usleep.o)
 .debug_info    0x000000000000053a      0x3c9 ../niosIP_bsp//libhal_bsp.a(alt_sys_init.o)
 .debug_info    0x0000000000000903      0x3a7 ../niosIP_bsp//libhal_bsp.a(altera_avalon_jtag_uart_fd.o)
 .debug_info    0x0000000000000caa      0x1b2 ../niosIP_bsp//libhal_bsp.a(altera_avalon_jtag_uart_read.o)
 .debug_info    0x0000000000000e5c      0x195 ../niosIP_bsp//libhal_bsp.a(altera_avalon_jtag_uart_write.o)
 .debug_info    0x0000000000000ff1       0xa4 ../niosIP_bsp//libhal_bsp.a(alt_busy_sleep.o)
 .debug_info    0x0000000000001095      0x321 ../niosIP_bsp//libhal_bsp.a(alt_close.o)
 .debug_info    0x00000000000013b6       0x92 ../niosIP_bsp//libhal_bsp.a(alt_dcache_flush_all.o)
 .debug_info    0x0000000000001448      0x49c ../niosIP_bsp//libhal_bsp.a(alt_dev.o)
 .debug_info    0x00000000000018e4      0x1a9 ../niosIP_bsp//libhal_bsp.a(alt_dev_llist_insert.o)
 .debug_info    0x0000000000001a8d       0x83 ../niosIP_bsp//libhal_bsp.a(alt_do_ctors.o)
 .debug_info    0x0000000000001b10       0x83 ../niosIP_bsp//libhal_bsp.a(alt_do_dtors.o)
 .debug_info    0x0000000000001b93       0xa6 ../niosIP_bsp//libhal_bsp.a(alt_errno.o)
 .debug_info    0x0000000000001c39       0x92 ../niosIP_bsp//libhal_bsp.a(alt_icache_flush_all.o)
 .debug_info    0x0000000000001ccb      0x4a5 ../niosIP_bsp//libhal_bsp.a(alt_io_redirect.o)
 .debug_info    0x0000000000002170      0x3bb ../niosIP_bsp//libhal_bsp.a(alt_open.o)
 .debug_info    0x000000000000252b      0x2b0 ../niosIP_bsp//libhal_bsp.a(alt_release_fd.o)
 .debug_info    0x00000000000027db       0x92 ../niosIP_bsp//libhal_bsp.a(altera_nios2_gen2_irq.o)
 .debug_info    0x000000000000286d      0x2e9 ../niosIP_bsp//libhal_bsp.a(alt_find_dev.o)
 .debug_info    0x0000000000002b56      0x2e6 ../niosIP_bsp//libhal_bsp.a(alt_find_file.o)
 .debug_info    0x0000000000002e3c      0x310 ../niosIP_bsp//libhal_bsp.a(alt_get_fd.o)
 .debug_info    0x000000000000314c       0xfe /home/pedrolpfbf/intelFPGA/18.1/nios2eds/bin/gnu/H-x86_64-pc-linux-gnu/bin/../lib/gcc/nios2-elf/5.3.0/../../../../../H-x86_64-pc-linux-gnu/nios2-elf/lib/mno-hw-mul/libsmallc.a(lib_a-atexit.o)
 .debug_info    0x000000000000324a       0xe5 /home/pedrolpfbf/intelFPGA/18.1/nios2eds/bin/gnu/H-x86_64-pc-linux-gnu/bin/../lib/gcc/nios2-elf/5.3.0/../../../../../H-x86_64-pc-linux-gnu/nios2-elf/lib/mno-hw-mul/libsmallc.a(lib_a-exit.o)
 .debug_info    0x000000000000332f       0x8a /home/pedrolpfbf/intelFPGA/18.1/nios2eds/bin/gnu/H-x86_64-pc-linux-gnu/bin/../lib/gcc/nios2-elf/5.3.0/../../../../../H-x86_64-pc-linux-gnu/nios2-elf/lib/mno-hw-mul/libsmallc.a(lib_a-int_errno.o)
 .debug_info    0x00000000000033b9       0xf4 /home/pedrolpfbf/intelFPGA/18.1/nios2eds/bin/gnu/H-x86_64-pc-linux-gnu/bin/../lib/gcc/nios2-elf/5.3.0/../../../../../H-x86_64-pc-linux-gnu/nios2-elf/lib/mno-hw-mul/libsmallc.a(lib_a-memcmp.o)
 .debug_info    0x00000000000034ad       0xc9 /home/pedrolpfbf/intelFPGA/18.1/nios2eds/bin/gnu/H-x86_64-pc-linux-gnu/bin/../lib/gcc/nios2-elf/5.3.0/../../../../../H-x86_64-pc-linux-gnu/nios2-elf/lib/mno-hw-mul/libsmallc.a(lib_a-strlen.o)
 .debug_info    0x0000000000003576      0x64a /home/pedrolpfbf/intelFPGA/18.1/nios2eds/bin/gnu/H-x86_64-pc-linux-gnu/bin/../lib/gcc/nios2-elf/5.3.0/../../../../../H-x86_64-pc-linux-gnu/nios2-elf/lib/mno-hw-mul/libsmallc.a(lib_a-__atexit.o)
 .debug_info    0x0000000000003bc0      0x67b /home/pedrolpfbf/intelFPGA/18.1/nios2eds/bin/gnu/H-x86_64-pc-linux-gnu/bin/../lib/gcc/nios2-elf/5.3.0/../../../../../H-x86_64-pc-linux-gnu/nios2-elf/lib/mno-hw-mul/libsmallc.a(lib_a-__call_atexit.o)
 .debug_info    0x000000000000423b      0x5a9 /home/pedrolpfbf/intelFPGA/18.1/nios2eds/bin/gnu/H-x86_64-pc-linux-gnu/bin/../lib/gcc/nios2-elf/5.3.0/../../../../../H-x86_64-pc-linux-gnu/nios2-elf/lib/mno-hw-mul/libsmallc.a(lib_a-impure.o)
 .debug_info    0x00000000000047e4       0xb4 /home/pedrolpfbf/intelFPGA/18.1/nios2eds/bin/gnu/H-x86_64-pc-linux-gnu/bin/../lib/gcc/nios2-elf/5.3.0/mno-hw-mul/libgcc.a(lib2-mul.o)
 .debug_info    0x0000000000004898       0xec ../niosIP_bsp//libhal_bsp.a(alt_exit.o)

.debug_abbrev   0x0000000000000000     0x1ab8
 *(.debug_abbrev)
 .debug_abbrev  0x0000000000000000       0x12 ../niosIP_bsp//obj/HAL/src/crt0.o
 .debug_abbrev  0x0000000000000012       0xb5 obj/default/hello_world.o
 .debug_abbrev  0x00000000000000c7       0x9f ../niosIP_bsp//libhal_bsp.a(alt_load.o)
 .debug_abbrev  0x0000000000000166       0xba ../niosIP_bsp//libhal_bsp.a(alt_main.o)
 .debug_abbrev  0x0000000000000220       0x60 ../niosIP_bsp//libhal_bsp.a(alt_usleep.o)
 .debug_abbrev  0x0000000000000280      0x157 ../niosIP_bsp//libhal_bsp.a(alt_sys_init.o)
 .debug_abbrev  0x00000000000003d7       0xf7 ../niosIP_bsp//libhal_bsp.a(altera_avalon_jtag_uart_fd.o)
 .debug_abbrev  0x00000000000004ce       0xd5 ../niosIP_bsp//libhal_bsp.a(altera_avalon_jtag_uart_read.o)
 .debug_abbrev  0x00000000000005a3       0xd5 ../niosIP_bsp//libhal_bsp.a(altera_avalon_jtag_uart_write.o)
 .debug_abbrev  0x0000000000000678       0x53 ../niosIP_bsp//libhal_bsp.a(alt_busy_sleep.o)
 .debug_abbrev  0x00000000000006cb      0x11f ../niosIP_bsp//libhal_bsp.a(alt_close.o)
 .debug_abbrev  0x00000000000007ea       0x42 ../niosIP_bsp//libhal_bsp.a(alt_dcache_flush_all.o)
 .debug_abbrev  0x000000000000082c       0xd9 ../niosIP_bsp//libhal_bsp.a(alt_dev.o)
 .debug_abbrev  0x0000000000000905      0x114 ../niosIP_bsp//libhal_bsp.a(alt_dev_llist_insert.o)
 .debug_abbrev  0x0000000000000a19       0x79 ../niosIP_bsp//libhal_bsp.a(alt_do_ctors.o)
 .debug_abbrev  0x0000000000000a92       0x79 ../niosIP_bsp//libhal_bsp.a(alt_do_dtors.o)
 .debug_abbrev  0x0000000000000b0b       0x5a ../niosIP_bsp//libhal_bsp.a(alt_errno.o)
 .debug_abbrev  0x0000000000000b65       0x42 ../niosIP_bsp//libhal_bsp.a(alt_icache_flush_all.o)
 .debug_abbrev  0x0000000000000ba7      0x114 ../niosIP_bsp//libhal_bsp.a(alt_io_redirect.o)
 .debug_abbrev  0x0000000000000cbb      0x148 ../niosIP_bsp//libhal_bsp.a(alt_open.o)
 .debug_abbrev  0x0000000000000e03       0xde ../niosIP_bsp//libhal_bsp.a(alt_release_fd.o)
 .debug_abbrev  0x0000000000000ee1       0x42 ../niosIP_bsp//libhal_bsp.a(altera_nios2_gen2_irq.o)
 .debug_abbrev  0x0000000000000f23       0xf0 ../niosIP_bsp//libhal_bsp.a(alt_find_dev.o)
 .debug_abbrev  0x0000000000001013       0xf0 ../niosIP_bsp//libhal_bsp.a(alt_find_file.o)
 .debug_abbrev  0x0000000000001103      0x10d ../niosIP_bsp//libhal_bsp.a(alt_get_fd.o)
 .debug_abbrev  0x0000000000001210       0xaa /home/pedrolpfbf/intelFPGA/18.1/nios2eds/bin/gnu/H-x86_64-pc-linux-gnu/bin/../lib/gcc/nios2-elf/5.3.0/../../../../../H-x86_64-pc-linux-gnu/nios2-elf/lib/mno-hw-mul/libsmallc.a(lib_a-atexit.o)
 .debug_abbrev  0x00000000000012ba       0x8b /home/pedrolpfbf/intelFPGA/18.1/nios2eds/bin/gnu/H-x86_64-pc-linux-gnu/bin/../lib/gcc/nios2-elf/5.3.0/../../../../../H-x86_64-pc-linux-gnu/nios2-elf/lib/mno-hw-mul/libsmallc.a(lib_a-exit.o)
 .debug_abbrev  0x0000000000001345       0x37 /home/pedrolpfbf/intelFPGA/18.1/nios2eds/bin/gnu/H-x86_64-pc-linux-gnu/bin/../lib/gcc/nios2-elf/5.3.0/../../../../../H-x86_64-pc-linux-gnu/nios2-elf/lib/mno-hw-mul/libsmallc.a(lib_a-int_errno.o)
 .debug_abbrev  0x000000000000137c       0x7f /home/pedrolpfbf/intelFPGA/18.1/nios2eds/bin/gnu/H-x86_64-pc-linux-gnu/bin/../lib/gcc/nios2-elf/5.3.0/../../../../../H-x86_64-pc-linux-gnu/nios2-elf/lib/mno-hw-mul/libsmallc.a(lib_a-memcmp.o)
 .debug_abbrev  0x00000000000013fb       0x7f /home/pedrolpfbf/intelFPGA/18.1/nios2eds/bin/gnu/H-x86_64-pc-linux-gnu/bin/../lib/gcc/nios2-elf/5.3.0/../../../../../H-x86_64-pc-linux-gnu/nios2-elf/lib/mno-hw-mul/libsmallc.a(lib_a-strlen.o)
 .debug_abbrev  0x000000000000147a      0x1e6 /home/pedrolpfbf/intelFPGA/18.1/nios2eds/bin/gnu/H-x86_64-pc-linux-gnu/bin/../lib/gcc/nios2-elf/5.3.0/../../../../../H-x86_64-pc-linux-gnu/nios2-elf/lib/mno-hw-mul/libsmallc.a(lib_a-__atexit.o)
 .debug_abbrev  0x0000000000001660      0x1f6 /home/pedrolpfbf/intelFPGA/18.1/nios2eds/bin/gnu/H-x86_64-pc-linux-gnu/bin/../lib/gcc/nios2-elf/5.3.0/../../../../../H-x86_64-pc-linux-gnu/nios2-elf/lib/mno-hw-mul/libsmallc.a(lib_a-__call_atexit.o)
 .debug_abbrev  0x0000000000001856      0x14a /home/pedrolpfbf/intelFPGA/18.1/nios2eds/bin/gnu/H-x86_64-pc-linux-gnu/bin/../lib/gcc/nios2-elf/5.3.0/../../../../../H-x86_64-pc-linux-gnu/nios2-elf/lib/mno-hw-mul/libsmallc.a(lib_a-impure.o)
 .debug_abbrev  0x00000000000019a0       0x6f /home/pedrolpfbf/intelFPGA/18.1/nios2eds/bin/gnu/H-x86_64-pc-linux-gnu/bin/../lib/gcc/nios2-elf/5.3.0/mno-hw-mul/libgcc.a(lib2-mul.o)
 .debug_abbrev  0x0000000000001a0f       0xa9 ../niosIP_bsp//libhal_bsp.a(alt_exit.o)

.debug_line     0x0000000000000000     0x1db3
 *(.debug_line)
 .debug_line    0x0000000000000000       0x5c ../niosIP_bsp//obj/HAL/src/crt0.o
 .debug_line    0x000000000000005c       0x5c obj/default/hello_world.o
 .debug_line    0x00000000000000b8       0x8e ../niosIP_bsp//libhal_bsp.a(alt_load.o)
 .debug_line    0x0000000000000146       0xa4 ../niosIP_bsp//libhal_bsp.a(alt_main.o)
 .debug_line    0x00000000000001ea       0xbb ../niosIP_bsp//libhal_bsp.a(alt_usleep.o)
 .debug_line    0x00000000000002a5      0x126 ../niosIP_bsp//libhal_bsp.a(alt_sys_init.o)
 .debug_line    0x00000000000003cb      0x112 ../niosIP_bsp//libhal_bsp.a(altera_avalon_jtag_uart_fd.o)
 .debug_line    0x00000000000004dd       0xfd ../niosIP_bsp//libhal_bsp.a(altera_avalon_jtag_uart_read.o)
 .debug_line    0x00000000000005da       0xf4 ../niosIP_bsp//libhal_bsp.a(altera_avalon_jtag_uart_write.o)
 .debug_line    0x00000000000006ce       0x4d ../niosIP_bsp//libhal_bsp.a(alt_busy_sleep.o)
 .debug_line    0x000000000000071b      0x173 ../niosIP_bsp//libhal_bsp.a(alt_close.o)
 .debug_line    0x000000000000088e       0x51 ../niosIP_bsp//libhal_bsp.a(alt_dcache_flush_all.o)
 .debug_line    0x00000000000008df      0x106 ../niosIP_bsp//libhal_bsp.a(alt_dev.o)
 .debug_line    0x00000000000009e5       0xcf ../niosIP_bsp//libhal_bsp.a(alt_dev_llist_insert.o)
 .debug_line    0x0000000000000ab4       0x59 ../niosIP_bsp//libhal_bsp.a(alt_do_ctors.o)
 .debug_line    0x0000000000000b0d       0x59 ../niosIP_bsp//libhal_bsp.a(alt_do_dtors.o)
 .debug_line    0x0000000000000b66       0x51 ../niosIP_bsp//libhal_bsp.a(alt_errno.o)
 .debug_line    0x0000000000000bb7       0x4f ../niosIP_bsp//libhal_bsp.a(alt_icache_flush_all.o)
 .debug_line    0x0000000000000c06      0x143 ../niosIP_bsp//libhal_bsp.a(alt_io_redirect.o)
 .debug_line    0x0000000000000d49      0x12b ../niosIP_bsp//libhal_bsp.a(alt_open.o)
 .debug_line    0x0000000000000e74       0xb0 ../niosIP_bsp//libhal_bsp.a(alt_release_fd.o)
 .debug_line    0x0000000000000f24       0x51 ../niosIP_bsp//libhal_bsp.a(altera_nios2_gen2_irq.o)
 .debug_line    0x0000000000000f75       0xb5 ../niosIP_bsp//libhal_bsp.a(alt_find_dev.o)
 .debug_line    0x000000000000102a       0xd1 ../niosIP_bsp//libhal_bsp.a(alt_find_file.o)
 .debug_line    0x00000000000010fb       0xd7 ../niosIP_bsp//libhal_bsp.a(alt_get_fd.o)
 .debug_line    0x00000000000011d2       0xe7 /home/pedrolpfbf/intelFPGA/18.1/nios2eds/bin/gnu/H-x86_64-pc-linux-gnu/bin/../lib/gcc/nios2-elf/5.3.0/../../../../../H-x86_64-pc-linux-gnu/nios2-elf/lib/mno-hw-mul/libsmallc.a(lib_a-atexit.o)
 .debug_line    0x00000000000012b9      0x159 /home/pedrolpfbf/intelFPGA/18.1/nios2eds/bin/gnu/H-x86_64-pc-linux-gnu/bin/../lib/gcc/nios2-elf/5.3.0/../../../../../H-x86_64-pc-linux-gnu/nios2-elf/lib/mno-hw-mul/libsmallc.a(lib_a-exit.o)
 .debug_line    0x0000000000001412       0x5f /home/pedrolpfbf/intelFPGA/18.1/nios2eds/bin/gnu/H-x86_64-pc-linux-gnu/bin/../lib/gcc/nios2-elf/5.3.0/../../../../../H-x86_64-pc-linux-gnu/nios2-elf/lib/mno-hw-mul/libsmallc.a(lib_a-int_errno.o)
 .debug_line    0x0000000000001471      0x160 /home/pedrolpfbf/intelFPGA/18.1/nios2eds/bin/gnu/H-x86_64-pc-linux-gnu/bin/../lib/gcc/nios2-elf/5.3.0/../../../../../H-x86_64-pc-linux-gnu/nios2-elf/lib/mno-hw-mul/libsmallc.a(lib_a-memcmp.o)
 .debug_line    0x00000000000015d1      0x15c /home/pedrolpfbf/intelFPGA/18.1/nios2eds/bin/gnu/H-x86_64-pc-linux-gnu/bin/../lib/gcc/nios2-elf/5.3.0/../../../../../H-x86_64-pc-linux-gnu/nios2-elf/lib/mno-hw-mul/libsmallc.a(lib_a-strlen.o)
 .debug_line    0x000000000000172d      0x20d /home/pedrolpfbf/intelFPGA/18.1/nios2eds/bin/gnu/H-x86_64-pc-linux-gnu/bin/../lib/gcc/nios2-elf/5.3.0/../../../../../H-x86_64-pc-linux-gnu/nios2-elf/lib/mno-hw-mul/libsmallc.a(lib_a-__atexit.o)
 .debug_line    0x000000000000193a      0x232 /home/pedrolpfbf/intelFPGA/18.1/nios2eds/bin/gnu/H-x86_64-pc-linux-gnu/bin/../lib/gcc/nios2-elf/5.3.0/../../../../../H-x86_64-pc-linux-gnu/nios2-elf/lib/mno-hw-mul/libsmallc.a(lib_a-__call_atexit.o)
 .debug_line    0x0000000000001b6c      0x156 /home/pedrolpfbf/intelFPGA/18.1/nios2eds/bin/gnu/H-x86_64-pc-linux-gnu/bin/../lib/gcc/nios2-elf/5.3.0/../../../../../H-x86_64-pc-linux-gnu/nios2-elf/lib/mno-hw-mul/libsmallc.a(lib_a-impure.o)
 .debug_line    0x0000000000001cc2       0x80 /home/pedrolpfbf/intelFPGA/18.1/nios2eds/bin/gnu/H-x86_64-pc-linux-gnu/bin/../lib/gcc/nios2-elf/5.3.0/mno-hw-mul/libgcc.a(lib2-mul.o)
 .debug_line    0x0000000000001d42       0x71 ../niosIP_bsp//libhal_bsp.a(alt_exit.o)

.debug_frame    0x0000000000000000      0x824
 *(.debug_frame)
 .debug_frame   0x0000000000000000       0x98 obj/default/hello_world.o
 .debug_frame   0x0000000000000098       0x5c ../niosIP_bsp//libhal_bsp.a(alt_load.o)
 .debug_frame   0x00000000000000f4       0x2c ../niosIP_bsp//libhal_bsp.a(alt_main.o)
 .debug_frame   0x0000000000000120       0x38 ../niosIP_bsp//libhal_bsp.a(alt_usleep.o)
 .debug_frame   0x0000000000000158       0x88 ../niosIP_bsp//libhal_bsp.a(alt_sys_init.o)
 .debug_frame   0x00000000000001e0       0x60 ../niosIP_bsp//libhal_bsp.a(altera_avalon_jtag_uart_fd.o)
 .debug_frame   0x0000000000000240       0x34 ../niosIP_bsp//libhal_bsp.a(altera_avalon_jtag_uart_read.o)
 .debug_frame   0x0000000000000274       0x34 ../niosIP_bsp//libhal_bsp.a(altera_avalon_jtag_uart_write.o)
 .debug_frame   0x00000000000002a8       0x34 ../niosIP_bsp//libhal_bsp.a(alt_busy_sleep.o)
 .debug_frame   0x00000000000002dc       0x60 ../niosIP_bsp//libhal_bsp.a(alt_close.o)
 .debug_frame   0x000000000000033c       0x34 ../niosIP_bsp//libhal_bsp.a(alt_dcache_flush_all.o)
 .debug_frame   0x0000000000000370       0x34 ../niosIP_bsp//libhal_bsp.a(alt_dev.o)
 .debug_frame   0x00000000000003a4       0x60 ../niosIP_bsp//libhal_bsp.a(alt_dev_llist_insert.o)
 .debug_frame   0x0000000000000404       0x38 ../niosIP_bsp//libhal_bsp.a(alt_do_ctors.o)
 .debug_frame   0x000000000000043c       0x38 ../niosIP_bsp//libhal_bsp.a(alt_do_dtors.o)
 .debug_frame   0x0000000000000474       0x34 ../niosIP_bsp//libhal_bsp.a(alt_icache_flush_all.o)
 .debug_frame   0x00000000000004a8       0x64 ../niosIP_bsp//libhal_bsp.a(alt_io_redirect.o)
 .debug_frame   0x000000000000050c       0x8c ../niosIP_bsp//libhal_bsp.a(alt_open.o)
 .debug_frame   0x0000000000000598       0x3c ../niosIP_bsp//libhal_bsp.a(alt_release_fd.o)
 .debug_frame   0x00000000000005d4       0x34 ../niosIP_bsp//libhal_bsp.a(altera_nios2_gen2_irq.o)
 .debug_frame   0x0000000000000608       0x38 ../niosIP_bsp//libhal_bsp.a(alt_find_dev.o)
 .debug_frame   0x0000000000000640       0x38 ../niosIP_bsp//libhal_bsp.a(alt_find_file.o)
 .debug_frame   0x0000000000000678       0x3c ../niosIP_bsp//libhal_bsp.a(alt_get_fd.o)
 .debug_frame   0x00000000000006b4       0x20 /home/pedrolpfbf/intelFPGA/18.1/nios2eds/bin/gnu/H-x86_64-pc-linux-gnu/bin/../lib/gcc/nios2-elf/5.3.0/../../../../../H-x86_64-pc-linux-gnu/nios2-elf/lib/mno-hw-mul/libsmallc.a(lib_a-atexit.o)
 .debug_frame   0x00000000000006d4       0x28 /home/pedrolpfbf/intelFPGA/18.1/nios2eds/bin/gnu/H-x86_64-pc-linux-gnu/bin/../lib/gcc/nios2-elf/5.3.0/../../../../../H-x86_64-pc-linux-gnu/nios2-elf/lib/mno-hw-mul/libsmallc.a(lib_a-exit.o)
 .debug_frame   0x00000000000006fc       0x20 /home/pedrolpfbf/intelFPGA/18.1/nios2eds/bin/gnu/H-x86_64-pc-linux-gnu/bin/../lib/gcc/nios2-elf/5.3.0/../../../../../H-x86_64-pc-linux-gnu/nios2-elf/lib/mno-hw-mul/libsmallc.a(lib_a-memcmp.o)
 .debug_frame   0x000000000000071c       0x20 /home/pedrolpfbf/intelFPGA/18.1/nios2eds/bin/gnu/H-x86_64-pc-linux-gnu/bin/../lib/gcc/nios2-elf/5.3.0/../../../../../H-x86_64-pc-linux-gnu/nios2-elf/lib/mno-hw-mul/libsmallc.a(lib_a-strlen.o)
 .debug_frame   0x000000000000073c       0x48 /home/pedrolpfbf/intelFPGA/18.1/nios2eds/bin/gnu/H-x86_64-pc-linux-gnu/bin/../lib/gcc/nios2-elf/5.3.0/../../../../../H-x86_64-pc-linux-gnu/nios2-elf/lib/mno-hw-mul/libsmallc.a(lib_a-__atexit.o)
 .debug_frame   0x0000000000000784       0x54 /home/pedrolpfbf/intelFPGA/18.1/nios2eds/bin/gnu/H-x86_64-pc-linux-gnu/bin/../lib/gcc/nios2-elf/5.3.0/../../../../../H-x86_64-pc-linux-gnu/nios2-elf/lib/mno-hw-mul/libsmallc.a(lib_a-__call_atexit.o)
 .debug_frame   0x00000000000007d8       0x20 /home/pedrolpfbf/intelFPGA/18.1/nios2eds/bin/gnu/H-x86_64-pc-linux-gnu/bin/../lib/gcc/nios2-elf/5.3.0/mno-hw-mul/libgcc.a(lib2-mul.o)
 .debug_frame   0x00000000000007f8       0x2c ../niosIP_bsp//libhal_bsp.a(alt_exit.o)

.debug_str      0x0000000000000000     0x1286
 *(.debug_str)
 .debug_str     0x0000000000000000      0x13c obj/default/hello_world.o
                                        0x17a (size before relaxing)
 .debug_str     0x000000000000013c      0x137 ../niosIP_bsp//libhal_bsp.a(alt_load.o)
                                        0x21e (size before relaxing)
 .debug_str     0x0000000000000273       0x70 ../niosIP_bsp//libhal_bsp.a(alt_main.o)
                                        0x1a9 (size before relaxing)
 .debug_str     0x00000000000002e3       0x20 ../niosIP_bsp//libhal_bsp.a(alt_usleep.o)
                                        0x154 (size before relaxing)
 .debug_str     0x0000000000000303      0x159 ../niosIP_bsp//libhal_bsp.a(alt_sys_init.o)
                                        0x2e0 (size before relaxing)
 .debug_str     0x000000000000045c       0x77 ../niosIP_bsp//libhal_bsp.a(altera_avalon_jtag_uart_fd.o)
                                        0x2e1 (size before relaxing)
 .debug_str     0x00000000000004d3       0x48 ../niosIP_bsp//libhal_bsp.a(altera_avalon_jtag_uart_read.o)
                                        0x22b (size before relaxing)
 .debug_str     0x000000000000051b       0x4a ../niosIP_bsp//libhal_bsp.a(altera_avalon_jtag_uart_write.o)
                                        0x221 (size before relaxing)
 .debug_str     0x0000000000000565       0x28 ../niosIP_bsp//libhal_bsp.a(alt_busy_sleep.o)
                                        0x155 (size before relaxing)
 .debug_str     0x000000000000058d       0x44 ../niosIP_bsp//libhal_bsp.a(alt_close.o)
                                        0x217 (size before relaxing)
 .debug_str     0x00000000000005d1       0x34 ../niosIP_bsp//libhal_bsp.a(alt_dcache_flush_all.o)
                                        0x161 (size before relaxing)
 .debug_str     0x0000000000000605      0x120 ../niosIP_bsp//libhal_bsp.a(alt_dev.o)
                                        0x311 (size before relaxing)
 .debug_str     0x0000000000000725       0x4b ../niosIP_bsp//libhal_bsp.a(alt_dev_llist_insert.o)
                                        0x1d8 (size before relaxing)
 .debug_str     0x0000000000000770       0x48 ../niosIP_bsp//libhal_bsp.a(alt_do_ctors.o)
                                         0xdc (size before relaxing)
 .debug_str     0x00000000000007b8       0x4c ../niosIP_bsp//libhal_bsp.a(alt_do_dtors.o)
                                         0xdb (size before relaxing)
 .debug_str     0x0000000000000804       0x14 ../niosIP_bsp//libhal_bsp.a(alt_errno.o)
                                        0x151 (size before relaxing)
 .debug_str     0x0000000000000818       0x34 ../niosIP_bsp//libhal_bsp.a(alt_icache_flush_all.o)
                                        0x161 (size before relaxing)
 .debug_str     0x000000000000084c       0x56 ../niosIP_bsp//libhal_bsp.a(alt_io_redirect.o)
                                        0x322 (size before relaxing)
 .debug_str     0x00000000000008a2       0x36 ../niosIP_bsp//libhal_bsp.a(alt_open.o)
                                        0x257 (size before relaxing)
 .debug_str     0x00000000000008d8       0x28 ../niosIP_bsp//libhal_bsp.a(alt_release_fd.o)
                                        0x1df (size before relaxing)
 .debug_str     0x0000000000000900       0x3b ../niosIP_bsp//libhal_bsp.a(altera_nios2_gen2_irq.o)
                                        0x168 (size before relaxing)
 .debug_str     0x000000000000093b       0x24 ../niosIP_bsp//libhal_bsp.a(alt_find_dev.o)
                                        0x1f8 (size before relaxing)
 .debug_str     0x000000000000095f       0x26 ../niosIP_bsp//libhal_bsp.a(alt_find_file.o)
                                        0x206 (size before relaxing)
 .debug_str     0x0000000000000985       0x30 ../niosIP_bsp//libhal_bsp.a(alt_get_fd.o)
                                        0x228 (size before relaxing)
 .debug_str     0x00000000000009b5      0x178 /home/pedrolpfbf/intelFPGA/18.1/nios2eds/bin/gnu/H-x86_64-pc-linux-gnu/bin/../lib/gcc/nios2-elf/5.3.0/../../../../../H-x86_64-pc-linux-gnu/nios2-elf/lib/mno-hw-mul/libsmallc.a(lib_a-atexit.o)
                                        0x21d (size before relaxing)
 .debug_str     0x0000000000000b2d       0x4c /home/pedrolpfbf/intelFPGA/18.1/nios2eds/bin/gnu/H-x86_64-pc-linux-gnu/bin/../lib/gcc/nios2-elf/5.3.0/../../../../../H-x86_64-pc-linux-gnu/nios2-elf/lib/mno-hw-mul/libsmallc.a(lib_a-exit.o)
                                        0x1f1 (size before relaxing)
 .debug_str     0x0000000000000b79       0xd4 /home/pedrolpfbf/intelFPGA/18.1/nios2eds/bin/gnu/H-x86_64-pc-linux-gnu/bin/../lib/gcc/nios2-elf/5.3.0/../../../../../H-x86_64-pc-linux-gnu/nios2-elf/lib/mno-hw-mul/libsmallc.a(lib_a-int_errno.o)
                                        0x1d9 (size before relaxing)
 .debug_str     0x0000000000000c4d       0xe1 /home/pedrolpfbf/intelFPGA/18.1/nios2eds/bin/gnu/H-x86_64-pc-linux-gnu/bin/../lib/gcc/nios2-elf/5.3.0/../../../../../H-x86_64-pc-linux-gnu/nios2-elf/lib/mno-hw-mul/libsmallc.a(lib_a-memcmp.o)
                                        0x1e0 (size before relaxing)
 .debug_str     0x0000000000000d2e       0x44 /home/pedrolpfbf/intelFPGA/18.1/nios2eds/bin/gnu/H-x86_64-pc-linux-gnu/bin/../lib/gcc/nios2-elf/5.3.0/../../../../../H-x86_64-pc-linux-gnu/nios2-elf/lib/mno-hw-mul/libsmallc.a(lib_a-strlen.o)
                                        0x1e6 (size before relaxing)
 .debug_str     0x0000000000000d72      0x2f4 /home/pedrolpfbf/intelFPGA/18.1/nios2eds/bin/gnu/H-x86_64-pc-linux-gnu/bin/../lib/gcc/nios2-elf/5.3.0/../../../../../H-x86_64-pc-linux-gnu/nios2-elf/lib/mno-hw-mul/libsmallc.a(lib_a-__atexit.o)
                                        0x500 (size before relaxing)
 .debug_str     0x0000000000001066       0x65 /home/pedrolpfbf/intelFPGA/18.1/nios2eds/bin/gnu/H-x86_64-pc-linux-gnu/bin/../lib/gcc/nios2-elf/5.3.0/../../../../../H-x86_64-pc-linux-gnu/nios2-elf/lib/mno-hw-mul/libsmallc.a(lib_a-__call_atexit.o)
                                        0x4ec (size before relaxing)
 .debug_str     0x00000000000010cb       0x48 /home/pedrolpfbf/intelFPGA/18.1/nios2eds/bin/gnu/H-x86_64-pc-linux-gnu/bin/../lib/gcc/nios2-elf/5.3.0/../../../../../H-x86_64-pc-linux-gnu/nios2-elf/lib/mno-hw-mul/libsmallc.a(lib_a-impure.o)
                                        0x4bf (size before relaxing)
 .debug_str     0x0000000000001113      0x149 /home/pedrolpfbf/intelFPGA/18.1/nios2eds/bin/gnu/H-x86_64-pc-linux-gnu/bin/../lib/gcc/nios2-elf/5.3.0/mno-hw-mul/libgcc.a(lib2-mul.o)
                                        0x194 (size before relaxing)
 .debug_str     0x000000000000125c       0x2a ../niosIP_bsp//libhal_bsp.a(alt_exit.o)
                                        0x15d (size before relaxing)

.debug_loc      0x0000000000000000      0x4a6
 *(.debug_loc)
 .debug_loc     0x0000000000000000       0x2c /home/pedrolpfbf/intelFPGA/18.1/nios2eds/bin/gnu/H-x86_64-pc-linux-gnu/bin/../lib/gcc/nios2-elf/5.3.0/../../../../../H-x86_64-pc-linux-gnu/nios2-elf/lib/mno-hw-mul/libsmallc.a(lib_a-atexit.o)
 .debug_loc     0x000000000000002c       0x1e /home/pedrolpfbf/intelFPGA/18.1/nios2eds/bin/gnu/H-x86_64-pc-linux-gnu/bin/../lib/gcc/nios2-elf/5.3.0/../../../../../H-x86_64-pc-linux-gnu/nios2-elf/lib/mno-hw-mul/libsmallc.a(lib_a-exit.o)
 .debug_loc     0x000000000000004a       0x94 /home/pedrolpfbf/intelFPGA/18.1/nios2eds/bin/gnu/H-x86_64-pc-linux-gnu/bin/../lib/gcc/nios2-elf/5.3.0/../../../../../H-x86_64-pc-linux-gnu/nios2-elf/lib/mno-hw-mul/libsmallc.a(lib_a-memcmp.o)
 .debug_loc     0x00000000000000de       0x1e /home/pedrolpfbf/intelFPGA/18.1/nios2eds/bin/gnu/H-x86_64-pc-linux-gnu/bin/../lib/gcc/nios2-elf/5.3.0/../../../../../H-x86_64-pc-linux-gnu/nios2-elf/lib/mno-hw-mul/libsmallc.a(lib_a-strlen.o)
 .debug_loc     0x00000000000000fc      0x1c0 /home/pedrolpfbf/intelFPGA/18.1/nios2eds/bin/gnu/H-x86_64-pc-linux-gnu/bin/../lib/gcc/nios2-elf/5.3.0/../../../../../H-x86_64-pc-linux-gnu/nios2-elf/lib/mno-hw-mul/libsmallc.a(lib_a-__atexit.o)
 .debug_loc     0x00000000000002bc      0x157 /home/pedrolpfbf/intelFPGA/18.1/nios2eds/bin/gnu/H-x86_64-pc-linux-gnu/bin/../lib/gcc/nios2-elf/5.3.0/../../../../../H-x86_64-pc-linux-gnu/nios2-elf/lib/mno-hw-mul/libsmallc.a(lib_a-__call_atexit.o)
 .debug_loc     0x0000000000000413       0x93 /home/pedrolpfbf/intelFPGA/18.1/nios2eds/bin/gnu/H-x86_64-pc-linux-gnu/bin/../lib/gcc/nios2-elf/5.3.0/mno-hw-mul/libgcc.a(lib2-mul.o)

.debug_macinfo
 *(.debug_macinfo)

.debug_weaknames
 *(.debug_weaknames)

.debug_funcnames
 *(.debug_funcnames)

.debug_typenames
 *(.debug_typenames)

.debug_varnames
 *(.debug_varnames)

.debug_alt_sim_info
 *(.debug_alt_sim_info)
                0x0000000000010000                __alt_data_end = 0x10000
                0x0000000000010000                PROVIDE (__alt_stack_pointer, __alt_data_end)
                [!provide]                        PROVIDE (__alt_stack_limit, __alt_stack_base)
                [!provide]                        PROVIDE (__alt_heap_start, end)
                [!provide]                        PROVIDE (__alt_heap_limit, 0x10000)
OUTPUT(RUN_ON_HDL_SIMULATOR_ONLY_niosIP.elf elf32-littlenios2)

.debug_ranges   0x0000000000000000       0xb0
 .debug_ranges  0x0000000000000000       0x20 ../niosIP_bsp//obj/HAL/src/crt0.o
 .debug_ranges  0x0000000000000020       0x18 ../niosIP_bsp//libhal_bsp.a(altera_avalon_jtag_uart_read.o)
 .debug_ranges  0x0000000000000038       0x10 /home/pedrolpfbf/intelFPGA/18.1/nios2eds/bin/gnu/H-x86_64-pc-linux-gnu/bin/../lib/gcc/nios2-elf/5.3.0/../../../../../H-x86_64-pc-linux-gnu/nios2-elf/lib/mno-hw-mul/libsmallc.a(lib_a-atexit.o)
 .debug_ranges  0x0000000000000048       0x10 /home/pedrolpfbf/intelFPGA/18.1/nios2eds/bin/gnu/H-x86_64-pc-linux-gnu/bin/../lib/gcc/nios2-elf/5.3.0/../../../../../H-x86_64-pc-linux-gnu/nios2-elf/lib/mno-hw-mul/libsmallc.a(lib_a-exit.o)
 .debug_ranges  0x0000000000000058       0x10 /home/pedrolpfbf/intelFPGA/18.1/nios2eds/bin/gnu/H-x86_64-pc-linux-gnu/bin/../lib/gcc/nios2-elf/5.3.0/../../../../../H-x86_64-pc-linux-gnu/nios2-elf/lib/mno-hw-mul/libsmallc.a(lib_a-memcmp.o)
 .debug_ranges  0x0000000000000068       0x10 /home/pedrolpfbf/intelFPGA/18.1/nios2eds/bin/gnu/H-x86_64-pc-linux-gnu/bin/../lib/gcc/nios2-elf/5.3.0/../../../../../H-x86_64-pc-linux-gnu/nios2-elf/lib/mno-hw-mul/libsmallc.a(lib_a-strlen.o)
 .debug_ranges  0x0000000000000078       0x10 /home/pedrolpfbf/intelFPGA/18.1/nios2eds/bin/gnu/H-x86_64-pc-linux-gnu/bin/../lib/gcc/nios2-elf/5.3.0/../../../../../H-x86_64-pc-linux-gnu/nios2-elf/lib/mno-hw-mul/libsmallc.a(lib_a-__atexit.o)
 .debug_ranges  0x0000000000000088       0x28 /home/pedrolpfbf/intelFPGA/18.1/nios2eds/bin/gnu/H-x86_64-pc-linux-gnu/bin/../lib/gcc/nios2-elf/5.3.0/../../../../../H-x86_64-pc-linux-gnu/nios2-elf/lib/mno-hw-mul/libsmallc.a(lib_a-__call_atexit.o)
